ARM GAS  C:\Users\pxc\AppData\Local\Temp\cc4UEgJR.s 			page 1


   1              		.syntax unified
   2              		.cpu cortex-m3
   3              		.fpu softvfp
   4              		.eabi_attribute 20, 1
   5              		.eabi_attribute 21, 1
   6              		.eabi_attribute 23, 3
   7              		.eabi_attribute 24, 1
   8              		.eabi_attribute 25, 1
   9              		.eabi_attribute 26, 1
  10              		.eabi_attribute 30, 1
  11              		.eabi_attribute 34, 1
  12              		.eabi_attribute 18, 4
  13              		.thumb
  14              		.file	"isr_rx_net.c"
  15              		.text
  16              	.Ltext0:
  17              		.cfi_sections	.debug_frame
  18              		.section	.text.isr_rx_net_Interrupt,"ax",%progbits
  19              		.align	2
  20              		.global	isr_rx_net_Interrupt
  21              		.thumb
  22              		.thumb_func
  23              		.type	isr_rx_net_Interrupt, %function
  24              	isr_rx_net_Interrupt:
  25              	.LFB3:
  26              		.file 1 ".\\Generated_Source\\PSoC5\\isr_rx_net.c"
   1:.\Generated_Source\PSoC5/isr_rx_net.c **** /*******************************************************************************
   2:.\Generated_Source\PSoC5/isr_rx_net.c **** * File Name: isr_rx_net.c  
   3:.\Generated_Source\PSoC5/isr_rx_net.c **** * Version 1.70
   4:.\Generated_Source\PSoC5/isr_rx_net.c **** *
   5:.\Generated_Source\PSoC5/isr_rx_net.c **** *  Description:
   6:.\Generated_Source\PSoC5/isr_rx_net.c **** *   API for controlling the state of an interrupt.
   7:.\Generated_Source\PSoC5/isr_rx_net.c **** *
   8:.\Generated_Source\PSoC5/isr_rx_net.c **** *
   9:.\Generated_Source\PSoC5/isr_rx_net.c **** *  Note:
  10:.\Generated_Source\PSoC5/isr_rx_net.c **** *
  11:.\Generated_Source\PSoC5/isr_rx_net.c **** ********************************************************************************
  12:.\Generated_Source\PSoC5/isr_rx_net.c **** * Copyright 2008-2015, Cypress Semiconductor Corporation.  All rights reserved.
  13:.\Generated_Source\PSoC5/isr_rx_net.c **** * You may use this file only in accordance with the license, terms, conditions, 
  14:.\Generated_Source\PSoC5/isr_rx_net.c **** * disclaimers, and limitations in the end user license agreement accompanying 
  15:.\Generated_Source\PSoC5/isr_rx_net.c **** * the software package with which this file was provided.
  16:.\Generated_Source\PSoC5/isr_rx_net.c **** *******************************************************************************/
  17:.\Generated_Source\PSoC5/isr_rx_net.c **** 
  18:.\Generated_Source\PSoC5/isr_rx_net.c **** 
  19:.\Generated_Source\PSoC5/isr_rx_net.c **** #include <cydevice_trm.h>
  20:.\Generated_Source\PSoC5/isr_rx_net.c **** #include <CyLib.h>
  21:.\Generated_Source\PSoC5/isr_rx_net.c **** #include <isr_rx_net.h>
  22:.\Generated_Source\PSoC5/isr_rx_net.c **** #include "cyapicallbacks.h"
  23:.\Generated_Source\PSoC5/isr_rx_net.c **** #include "UART_net.h"
  24:.\Generated_Source\PSoC5/isr_rx_net.c **** #if !defined(isr_rx_net__REMOVED) /* Check for removal by optimization */
  25:.\Generated_Source\PSoC5/isr_rx_net.c **** 
  26:.\Generated_Source\PSoC5/isr_rx_net.c **** /*******************************************************************************
  27:.\Generated_Source\PSoC5/isr_rx_net.c **** *  Place your includes, defines and code here 
  28:.\Generated_Source\PSoC5/isr_rx_net.c **** ********************************************************************************/
  29:.\Generated_Source\PSoC5/isr_rx_net.c **** /* `#START isr_rx_net_intc` */
  30:.\Generated_Source\PSoC5/isr_rx_net.c **** 
  31:.\Generated_Source\PSoC5/isr_rx_net.c **** /* `#END` */
ARM GAS  C:\Users\pxc\AppData\Local\Temp\cc4UEgJR.s 			page 2


  32:.\Generated_Source\PSoC5/isr_rx_net.c **** 
  33:.\Generated_Source\PSoC5/isr_rx_net.c **** #ifndef CYINT_IRQ_BASE
  34:.\Generated_Source\PSoC5/isr_rx_net.c **** #define CYINT_IRQ_BASE      16
  35:.\Generated_Source\PSoC5/isr_rx_net.c **** #endif /* CYINT_IRQ_BASE */
  36:.\Generated_Source\PSoC5/isr_rx_net.c **** #ifndef CYINT_VECT_TABLE
  37:.\Generated_Source\PSoC5/isr_rx_net.c **** #define CYINT_VECT_TABLE    ((cyisraddress **) CYREG_NVIC_VECT_OFFSET)
  38:.\Generated_Source\PSoC5/isr_rx_net.c **** #endif /* CYINT_VECT_TABLE */
  39:.\Generated_Source\PSoC5/isr_rx_net.c **** 
  40:.\Generated_Source\PSoC5/isr_rx_net.c **** /* Declared in startup, used to set unused interrupts to. */
  41:.\Generated_Source\PSoC5/isr_rx_net.c **** CY_ISR_PROTO(IntDefaultHandler);
  42:.\Generated_Source\PSoC5/isr_rx_net.c **** 
  43:.\Generated_Source\PSoC5/isr_rx_net.c **** 
  44:.\Generated_Source\PSoC5/isr_rx_net.c **** /*******************************************************************************
  45:.\Generated_Source\PSoC5/isr_rx_net.c **** * Function Name: isr_rx_net_Start
  46:.\Generated_Source\PSoC5/isr_rx_net.c **** ********************************************************************************
  47:.\Generated_Source\PSoC5/isr_rx_net.c **** *
  48:.\Generated_Source\PSoC5/isr_rx_net.c **** * Summary:
  49:.\Generated_Source\PSoC5/isr_rx_net.c **** *  Set up the interrupt and enable it. This function disables the interrupt, 
  50:.\Generated_Source\PSoC5/isr_rx_net.c **** *  sets the default interrupt vector, sets the priority from the value in the
  51:.\Generated_Source\PSoC5/isr_rx_net.c **** *  Design Wide Resources Interrupt Editor, then enables the interrupt to the 
  52:.\Generated_Source\PSoC5/isr_rx_net.c **** *  interrupt controller.
  53:.\Generated_Source\PSoC5/isr_rx_net.c **** *
  54:.\Generated_Source\PSoC5/isr_rx_net.c **** * Parameters:  
  55:.\Generated_Source\PSoC5/isr_rx_net.c **** *   None
  56:.\Generated_Source\PSoC5/isr_rx_net.c **** *
  57:.\Generated_Source\PSoC5/isr_rx_net.c **** * Return:
  58:.\Generated_Source\PSoC5/isr_rx_net.c **** *   None
  59:.\Generated_Source\PSoC5/isr_rx_net.c **** *
  60:.\Generated_Source\PSoC5/isr_rx_net.c **** *******************************************************************************/
  61:.\Generated_Source\PSoC5/isr_rx_net.c **** void isr_rx_net_Start(void)
  62:.\Generated_Source\PSoC5/isr_rx_net.c **** {
  63:.\Generated_Source\PSoC5/isr_rx_net.c ****     /* For all we know the interrupt is active. */
  64:.\Generated_Source\PSoC5/isr_rx_net.c ****     isr_rx_net_Disable();
  65:.\Generated_Source\PSoC5/isr_rx_net.c **** 
  66:.\Generated_Source\PSoC5/isr_rx_net.c ****     /* Set the ISR to point to the isr_rx_net Interrupt. */
  67:.\Generated_Source\PSoC5/isr_rx_net.c ****     isr_rx_net_SetVector(&isr_rx_net_Interrupt);
  68:.\Generated_Source\PSoC5/isr_rx_net.c **** 
  69:.\Generated_Source\PSoC5/isr_rx_net.c ****     /* Set the priority. */
  70:.\Generated_Source\PSoC5/isr_rx_net.c ****     isr_rx_net_SetPriority((uint8)isr_rx_net_INTC_PRIOR_NUMBER);
  71:.\Generated_Source\PSoC5/isr_rx_net.c **** 
  72:.\Generated_Source\PSoC5/isr_rx_net.c ****     /* Enable it. */
  73:.\Generated_Source\PSoC5/isr_rx_net.c ****     isr_rx_net_Enable();
  74:.\Generated_Source\PSoC5/isr_rx_net.c **** }
  75:.\Generated_Source\PSoC5/isr_rx_net.c **** 
  76:.\Generated_Source\PSoC5/isr_rx_net.c **** 
  77:.\Generated_Source\PSoC5/isr_rx_net.c **** /*******************************************************************************
  78:.\Generated_Source\PSoC5/isr_rx_net.c **** * Function Name: isr_rx_net_StartEx
  79:.\Generated_Source\PSoC5/isr_rx_net.c **** ********************************************************************************
  80:.\Generated_Source\PSoC5/isr_rx_net.c **** *
  81:.\Generated_Source\PSoC5/isr_rx_net.c **** * Summary:
  82:.\Generated_Source\PSoC5/isr_rx_net.c **** *  Sets up the interrupt and enables it. This function disables the interrupt,
  83:.\Generated_Source\PSoC5/isr_rx_net.c **** *  sets the interrupt vector based on the address passed in, sets the priority 
  84:.\Generated_Source\PSoC5/isr_rx_net.c **** *  from the value in the Design Wide Resources Interrupt Editor, then enables 
  85:.\Generated_Source\PSoC5/isr_rx_net.c **** *  the interrupt to the interrupt controller.
  86:.\Generated_Source\PSoC5/isr_rx_net.c **** *  
  87:.\Generated_Source\PSoC5/isr_rx_net.c **** *  When defining ISR functions, the CY_ISR and CY_ISR_PROTO macros should be 
  88:.\Generated_Source\PSoC5/isr_rx_net.c **** *  used to provide consistent definition across compilers:
ARM GAS  C:\Users\pxc\AppData\Local\Temp\cc4UEgJR.s 			page 3


  89:.\Generated_Source\PSoC5/isr_rx_net.c **** *  
  90:.\Generated_Source\PSoC5/isr_rx_net.c **** *  Function definition example:
  91:.\Generated_Source\PSoC5/isr_rx_net.c **** *   CY_ISR(MyISR)
  92:.\Generated_Source\PSoC5/isr_rx_net.c **** *   {
  93:.\Generated_Source\PSoC5/isr_rx_net.c **** *   }
  94:.\Generated_Source\PSoC5/isr_rx_net.c **** *   Function prototype example:
  95:.\Generated_Source\PSoC5/isr_rx_net.c **** *   CY_ISR_PROTO(MyISR);
  96:.\Generated_Source\PSoC5/isr_rx_net.c **** *
  97:.\Generated_Source\PSoC5/isr_rx_net.c **** * Parameters:  
  98:.\Generated_Source\PSoC5/isr_rx_net.c **** *   address: Address of the ISR to set in the interrupt vector table.
  99:.\Generated_Source\PSoC5/isr_rx_net.c **** *
 100:.\Generated_Source\PSoC5/isr_rx_net.c **** * Return:
 101:.\Generated_Source\PSoC5/isr_rx_net.c **** *   None
 102:.\Generated_Source\PSoC5/isr_rx_net.c **** *
 103:.\Generated_Source\PSoC5/isr_rx_net.c **** *******************************************************************************/
 104:.\Generated_Source\PSoC5/isr_rx_net.c **** void isr_rx_net_StartEx(cyisraddress address)
 105:.\Generated_Source\PSoC5/isr_rx_net.c **** {
 106:.\Generated_Source\PSoC5/isr_rx_net.c ****     /* For all we know the interrupt is active. */
 107:.\Generated_Source\PSoC5/isr_rx_net.c ****     isr_rx_net_Disable();
 108:.\Generated_Source\PSoC5/isr_rx_net.c **** 
 109:.\Generated_Source\PSoC5/isr_rx_net.c ****     /* Set the ISR to point to the isr_rx_net Interrupt. */
 110:.\Generated_Source\PSoC5/isr_rx_net.c ****     isr_rx_net_SetVector(address);
 111:.\Generated_Source\PSoC5/isr_rx_net.c **** 
 112:.\Generated_Source\PSoC5/isr_rx_net.c ****     /* Set the priority. */
 113:.\Generated_Source\PSoC5/isr_rx_net.c ****     isr_rx_net_SetPriority((uint8)isr_rx_net_INTC_PRIOR_NUMBER);
 114:.\Generated_Source\PSoC5/isr_rx_net.c **** 
 115:.\Generated_Source\PSoC5/isr_rx_net.c ****     /* Enable it. */
 116:.\Generated_Source\PSoC5/isr_rx_net.c ****     isr_rx_net_Enable();
 117:.\Generated_Source\PSoC5/isr_rx_net.c **** }
 118:.\Generated_Source\PSoC5/isr_rx_net.c **** 
 119:.\Generated_Source\PSoC5/isr_rx_net.c **** 
 120:.\Generated_Source\PSoC5/isr_rx_net.c **** /*******************************************************************************
 121:.\Generated_Source\PSoC5/isr_rx_net.c **** * Function Name: isr_rx_net_Stop
 122:.\Generated_Source\PSoC5/isr_rx_net.c **** ********************************************************************************
 123:.\Generated_Source\PSoC5/isr_rx_net.c **** *
 124:.\Generated_Source\PSoC5/isr_rx_net.c **** * Summary:
 125:.\Generated_Source\PSoC5/isr_rx_net.c **** *   Disables and removes the interrupt.
 126:.\Generated_Source\PSoC5/isr_rx_net.c **** *
 127:.\Generated_Source\PSoC5/isr_rx_net.c **** * Parameters:  
 128:.\Generated_Source\PSoC5/isr_rx_net.c **** *   None
 129:.\Generated_Source\PSoC5/isr_rx_net.c **** *
 130:.\Generated_Source\PSoC5/isr_rx_net.c **** * Return:
 131:.\Generated_Source\PSoC5/isr_rx_net.c **** *   None
 132:.\Generated_Source\PSoC5/isr_rx_net.c **** *
 133:.\Generated_Source\PSoC5/isr_rx_net.c **** *******************************************************************************/
 134:.\Generated_Source\PSoC5/isr_rx_net.c **** void isr_rx_net_Stop(void)
 135:.\Generated_Source\PSoC5/isr_rx_net.c **** {
 136:.\Generated_Source\PSoC5/isr_rx_net.c ****     /* Disable this interrupt. */
 137:.\Generated_Source\PSoC5/isr_rx_net.c ****     isr_rx_net_Disable();
 138:.\Generated_Source\PSoC5/isr_rx_net.c **** 
 139:.\Generated_Source\PSoC5/isr_rx_net.c ****     /* Set the ISR to point to the passive one. */
 140:.\Generated_Source\PSoC5/isr_rx_net.c ****     isr_rx_net_SetVector(&IntDefaultHandler);
 141:.\Generated_Source\PSoC5/isr_rx_net.c **** }
 142:.\Generated_Source\PSoC5/isr_rx_net.c **** 
 143:.\Generated_Source\PSoC5/isr_rx_net.c **** 
 144:.\Generated_Source\PSoC5/isr_rx_net.c **** /*******************************************************************************
 145:.\Generated_Source\PSoC5/isr_rx_net.c **** * Function Name: isr_rx_net_Interrupt
ARM GAS  C:\Users\pxc\AppData\Local\Temp\cc4UEgJR.s 			page 4


 146:.\Generated_Source\PSoC5/isr_rx_net.c **** ********************************************************************************
 147:.\Generated_Source\PSoC5/isr_rx_net.c **** *
 148:.\Generated_Source\PSoC5/isr_rx_net.c **** * Summary:
 149:.\Generated_Source\PSoC5/isr_rx_net.c **** *   The default Interrupt Service Routine for isr_rx_net.
 150:.\Generated_Source\PSoC5/isr_rx_net.c **** *
 151:.\Generated_Source\PSoC5/isr_rx_net.c **** *   Add custom code between the coments to keep the next version of this file
 152:.\Generated_Source\PSoC5/isr_rx_net.c **** *   from over writting your code.
 153:.\Generated_Source\PSoC5/isr_rx_net.c **** *
 154:.\Generated_Source\PSoC5/isr_rx_net.c **** * Parameters:  
 155:.\Generated_Source\PSoC5/isr_rx_net.c **** *
 156:.\Generated_Source\PSoC5/isr_rx_net.c **** * Return:
 157:.\Generated_Source\PSoC5/isr_rx_net.c **** *   None
 158:.\Generated_Source\PSoC5/isr_rx_net.c **** *
 159:.\Generated_Source\PSoC5/isr_rx_net.c **** *******************************************************************************/
 160:.\Generated_Source\PSoC5/isr_rx_net.c **** CY_ISR(isr_rx_net_Interrupt)
 161:.\Generated_Source\PSoC5/isr_rx_net.c **** {
  27              		.loc 1 161 0
  28              		.cfi_startproc
  29              		@ args = 0, pretend = 0, frame = 0
  30              		@ frame_needed = 0, uses_anonymous_args = 0
  31 0000 08B5     		push	{r3, lr}
  32              		.cfi_def_cfa_offset 8
  33              		.cfi_offset 3, -8
  34              		.cfi_offset 14, -4
 162:.\Generated_Source\PSoC5/isr_rx_net.c ****     #ifdef isr_rx_net_INTERRUPT_INTERRUPT_CALLBACK
 163:.\Generated_Source\PSoC5/isr_rx_net.c ****         isr_rx_net_Interrupt_InterruptCallback();
 164:.\Generated_Source\PSoC5/isr_rx_net.c ****     #endif /* isr_rx_net_INTERRUPT_INTERRUPT_CALLBACK */ 
 165:.\Generated_Source\PSoC5/isr_rx_net.c **** 
 166:.\Generated_Source\PSoC5/isr_rx_net.c ****     /*  Place your Interrupt code here. */
 167:.\Generated_Source\PSoC5/isr_rx_net.c ****     /* `#START isr_rx_net_Interrupt` */
 168:.\Generated_Source\PSoC5/isr_rx_net.c ****     uint8 data; 
 169:.\Generated_Source\PSoC5/isr_rx_net.c ****     data = UART_net_GetChar();
  35              		.loc 1 169 0
  36 0002 FFF7FEFF 		bl	UART_net_GetChar
  37              	.LVL0:
 170:.\Generated_Source\PSoC5/isr_rx_net.c ****     UART_net_PutChar(data);
  38              		.loc 1 170 0
  39 0006 FFF7FEFF 		bl	UART_net_PutChar
  40              	.LVL1:
  41 000a 08BD     		pop	{r3, pc}
  42              		.cfi_endproc
  43              	.LFE3:
  44              		.size	isr_rx_net_Interrupt, .-isr_rx_net_Interrupt
  45              		.section	.text.isr_rx_net_SetVector,"ax",%progbits
  46              		.align	2
  47              		.global	isr_rx_net_SetVector
  48              		.thumb
  49              		.thumb_func
  50              		.type	isr_rx_net_SetVector, %function
  51              	isr_rx_net_SetVector:
  52              	.LFB4:
 171:.\Generated_Source\PSoC5/isr_rx_net.c ****     /* `#END` */
 172:.\Generated_Source\PSoC5/isr_rx_net.c **** }
 173:.\Generated_Source\PSoC5/isr_rx_net.c **** 
 174:.\Generated_Source\PSoC5/isr_rx_net.c **** 
 175:.\Generated_Source\PSoC5/isr_rx_net.c **** /*******************************************************************************
 176:.\Generated_Source\PSoC5/isr_rx_net.c **** * Function Name: isr_rx_net_SetVector
ARM GAS  C:\Users\pxc\AppData\Local\Temp\cc4UEgJR.s 			page 5


 177:.\Generated_Source\PSoC5/isr_rx_net.c **** ********************************************************************************
 178:.\Generated_Source\PSoC5/isr_rx_net.c **** *
 179:.\Generated_Source\PSoC5/isr_rx_net.c **** * Summary:
 180:.\Generated_Source\PSoC5/isr_rx_net.c **** *   Change the ISR vector for the Interrupt. Note calling isr_rx_net_Start
 181:.\Generated_Source\PSoC5/isr_rx_net.c **** *   will override any effect this method would have had. To set the vector 
 182:.\Generated_Source\PSoC5/isr_rx_net.c **** *   before the component has been started use isr_rx_net_StartEx instead.
 183:.\Generated_Source\PSoC5/isr_rx_net.c **** * 
 184:.\Generated_Source\PSoC5/isr_rx_net.c **** *   When defining ISR functions, the CY_ISR and CY_ISR_PROTO macros should be 
 185:.\Generated_Source\PSoC5/isr_rx_net.c **** *   used to provide consistent definition across compilers:
 186:.\Generated_Source\PSoC5/isr_rx_net.c **** *
 187:.\Generated_Source\PSoC5/isr_rx_net.c **** *   Function definition example:
 188:.\Generated_Source\PSoC5/isr_rx_net.c **** *   CY_ISR(MyISR)
 189:.\Generated_Source\PSoC5/isr_rx_net.c **** *   {
 190:.\Generated_Source\PSoC5/isr_rx_net.c **** *   }
 191:.\Generated_Source\PSoC5/isr_rx_net.c **** *
 192:.\Generated_Source\PSoC5/isr_rx_net.c **** *   Function prototype example:
 193:.\Generated_Source\PSoC5/isr_rx_net.c **** *     CY_ISR_PROTO(MyISR);
 194:.\Generated_Source\PSoC5/isr_rx_net.c **** *
 195:.\Generated_Source\PSoC5/isr_rx_net.c **** * Parameters:
 196:.\Generated_Source\PSoC5/isr_rx_net.c **** *   address: Address of the ISR to set in the interrupt vector table.
 197:.\Generated_Source\PSoC5/isr_rx_net.c **** *
 198:.\Generated_Source\PSoC5/isr_rx_net.c **** * Return:
 199:.\Generated_Source\PSoC5/isr_rx_net.c **** *   None
 200:.\Generated_Source\PSoC5/isr_rx_net.c **** *
 201:.\Generated_Source\PSoC5/isr_rx_net.c **** *******************************************************************************/
 202:.\Generated_Source\PSoC5/isr_rx_net.c **** void isr_rx_net_SetVector(cyisraddress address)
 203:.\Generated_Source\PSoC5/isr_rx_net.c **** {
  53              		.loc 1 203 0
  54              		.cfi_startproc
  55              		@ args = 0, pretend = 0, frame = 0
  56              		@ frame_needed = 0, uses_anonymous_args = 0
  57              		@ link register save eliminated.
  58              	.LVL2:
 204:.\Generated_Source\PSoC5/isr_rx_net.c ****     cyisraddress * ramVectorTable;
 205:.\Generated_Source\PSoC5/isr_rx_net.c **** 
 206:.\Generated_Source\PSoC5/isr_rx_net.c ****     ramVectorTable = (cyisraddress *) *CYINT_VECT_TABLE;
  59              		.loc 1 206 0
  60 0000 014B     		ldr	r3, .L4
  61 0002 1B68     		ldr	r3, [r3]
  62              	.LVL3:
 207:.\Generated_Source\PSoC5/isr_rx_net.c **** 
 208:.\Generated_Source\PSoC5/isr_rx_net.c ****     ramVectorTable[CYINT_IRQ_BASE + (uint32)isr_rx_net__INTC_NUMBER] = address;
  63              		.loc 1 208 0
  64 0004 1864     		str	r0, [r3, #64]
  65 0006 7047     		bx	lr
  66              	.L5:
  67              		.align	2
  68              	.L4:
  69 0008 08ED00E0 		.word	-536810232
  70              		.cfi_endproc
  71              	.LFE4:
  72              		.size	isr_rx_net_SetVector, .-isr_rx_net_SetVector
  73              		.section	.text.isr_rx_net_GetVector,"ax",%progbits
  74              		.align	2
  75              		.global	isr_rx_net_GetVector
  76              		.thumb
  77              		.thumb_func
ARM GAS  C:\Users\pxc\AppData\Local\Temp\cc4UEgJR.s 			page 6


  78              		.type	isr_rx_net_GetVector, %function
  79              	isr_rx_net_GetVector:
  80              	.LFB5:
 209:.\Generated_Source\PSoC5/isr_rx_net.c **** }
 210:.\Generated_Source\PSoC5/isr_rx_net.c **** 
 211:.\Generated_Source\PSoC5/isr_rx_net.c **** 
 212:.\Generated_Source\PSoC5/isr_rx_net.c **** /*******************************************************************************
 213:.\Generated_Source\PSoC5/isr_rx_net.c **** * Function Name: isr_rx_net_GetVector
 214:.\Generated_Source\PSoC5/isr_rx_net.c **** ********************************************************************************
 215:.\Generated_Source\PSoC5/isr_rx_net.c **** *
 216:.\Generated_Source\PSoC5/isr_rx_net.c **** * Summary:
 217:.\Generated_Source\PSoC5/isr_rx_net.c **** *   Gets the "address" of the current ISR vector for the Interrupt.
 218:.\Generated_Source\PSoC5/isr_rx_net.c **** *
 219:.\Generated_Source\PSoC5/isr_rx_net.c **** * Parameters:
 220:.\Generated_Source\PSoC5/isr_rx_net.c **** *   None
 221:.\Generated_Source\PSoC5/isr_rx_net.c **** *
 222:.\Generated_Source\PSoC5/isr_rx_net.c **** * Return:
 223:.\Generated_Source\PSoC5/isr_rx_net.c **** *   Address of the ISR in the interrupt vector table.
 224:.\Generated_Source\PSoC5/isr_rx_net.c **** *
 225:.\Generated_Source\PSoC5/isr_rx_net.c **** *******************************************************************************/
 226:.\Generated_Source\PSoC5/isr_rx_net.c **** cyisraddress isr_rx_net_GetVector(void)
 227:.\Generated_Source\PSoC5/isr_rx_net.c **** {
  81              		.loc 1 227 0
  82              		.cfi_startproc
  83              		@ args = 0, pretend = 0, frame = 0
  84              		@ frame_needed = 0, uses_anonymous_args = 0
  85              		@ link register save eliminated.
 228:.\Generated_Source\PSoC5/isr_rx_net.c ****     cyisraddress * ramVectorTable;
 229:.\Generated_Source\PSoC5/isr_rx_net.c **** 
 230:.\Generated_Source\PSoC5/isr_rx_net.c ****     ramVectorTable = (cyisraddress *) *CYINT_VECT_TABLE;
  86              		.loc 1 230 0
  87 0000 014B     		ldr	r3, .L7
  88 0002 1B68     		ldr	r3, [r3]
  89              	.LVL4:
 231:.\Generated_Source\PSoC5/isr_rx_net.c **** 
 232:.\Generated_Source\PSoC5/isr_rx_net.c ****     return ramVectorTable[CYINT_IRQ_BASE + (uint32)isr_rx_net__INTC_NUMBER];
 233:.\Generated_Source\PSoC5/isr_rx_net.c **** }
  90              		.loc 1 233 0
  91 0004 186C     		ldr	r0, [r3, #64]
  92 0006 7047     		bx	lr
  93              	.L8:
  94              		.align	2
  95              	.L7:
  96 0008 08ED00E0 		.word	-536810232
  97              		.cfi_endproc
  98              	.LFE5:
  99              		.size	isr_rx_net_GetVector, .-isr_rx_net_GetVector
 100              		.section	.text.isr_rx_net_SetPriority,"ax",%progbits
 101              		.align	2
 102              		.global	isr_rx_net_SetPriority
 103              		.thumb
 104              		.thumb_func
 105              		.type	isr_rx_net_SetPriority, %function
 106              	isr_rx_net_SetPriority:
 107              	.LFB6:
 234:.\Generated_Source\PSoC5/isr_rx_net.c **** 
 235:.\Generated_Source\PSoC5/isr_rx_net.c **** 
ARM GAS  C:\Users\pxc\AppData\Local\Temp\cc4UEgJR.s 			page 7


 236:.\Generated_Source\PSoC5/isr_rx_net.c **** /*******************************************************************************
 237:.\Generated_Source\PSoC5/isr_rx_net.c **** * Function Name: isr_rx_net_SetPriority
 238:.\Generated_Source\PSoC5/isr_rx_net.c **** ********************************************************************************
 239:.\Generated_Source\PSoC5/isr_rx_net.c **** *
 240:.\Generated_Source\PSoC5/isr_rx_net.c **** * Summary:
 241:.\Generated_Source\PSoC5/isr_rx_net.c **** *   Sets the Priority of the Interrupt. 
 242:.\Generated_Source\PSoC5/isr_rx_net.c **** *
 243:.\Generated_Source\PSoC5/isr_rx_net.c **** *   Note calling isr_rx_net_Start or isr_rx_net_StartEx will 
 244:.\Generated_Source\PSoC5/isr_rx_net.c **** *   override any effect this API would have had. This API should only be called
 245:.\Generated_Source\PSoC5/isr_rx_net.c **** *   after isr_rx_net_Start or isr_rx_net_StartEx has been called. 
 246:.\Generated_Source\PSoC5/isr_rx_net.c **** *   To set the initial priority for the component, use the Design-Wide Resources
 247:.\Generated_Source\PSoC5/isr_rx_net.c **** *   Interrupt Editor.
 248:.\Generated_Source\PSoC5/isr_rx_net.c **** *
 249:.\Generated_Source\PSoC5/isr_rx_net.c **** *   Note This API has no effect on Non-maskable interrupt NMI).
 250:.\Generated_Source\PSoC5/isr_rx_net.c **** *
 251:.\Generated_Source\PSoC5/isr_rx_net.c **** * Parameters:
 252:.\Generated_Source\PSoC5/isr_rx_net.c **** *   priority: Priority of the interrupt, 0 being the highest priority
 253:.\Generated_Source\PSoC5/isr_rx_net.c **** *             PSoC 3 and PSoC 5LP: Priority is from 0 to 7.
 254:.\Generated_Source\PSoC5/isr_rx_net.c **** *             PSoC 4: Priority is from 0 to 3.
 255:.\Generated_Source\PSoC5/isr_rx_net.c **** *
 256:.\Generated_Source\PSoC5/isr_rx_net.c **** * Return:
 257:.\Generated_Source\PSoC5/isr_rx_net.c **** *   None
 258:.\Generated_Source\PSoC5/isr_rx_net.c **** *
 259:.\Generated_Source\PSoC5/isr_rx_net.c **** *******************************************************************************/
 260:.\Generated_Source\PSoC5/isr_rx_net.c **** void isr_rx_net_SetPriority(uint8 priority)
 261:.\Generated_Source\PSoC5/isr_rx_net.c **** {
 108              		.loc 1 261 0
 109              		.cfi_startproc
 110              		@ args = 0, pretend = 0, frame = 0
 111              		@ frame_needed = 0, uses_anonymous_args = 0
 112              		@ link register save eliminated.
 113              	.LVL5:
 262:.\Generated_Source\PSoC5/isr_rx_net.c ****     *isr_rx_net_INTC_PRIOR = priority << 5;
 114              		.loc 1 262 0
 115 0000 4001     		lsls	r0, r0, #5
 116              	.LVL6:
 117 0002 C0B2     		uxtb	r0, r0
 118 0004 014B     		ldr	r3, .L10
 119 0006 1870     		strb	r0, [r3]
 120 0008 7047     		bx	lr
 121              	.L11:
 122 000a 00BF     		.align	2
 123              	.L10:
 124 000c 00E400E0 		.word	-536812544
 125              		.cfi_endproc
 126              	.LFE6:
 127              		.size	isr_rx_net_SetPriority, .-isr_rx_net_SetPriority
 128              		.section	.text.isr_rx_net_GetPriority,"ax",%progbits
 129              		.align	2
 130              		.global	isr_rx_net_GetPriority
 131              		.thumb
 132              		.thumb_func
 133              		.type	isr_rx_net_GetPriority, %function
 134              	isr_rx_net_GetPriority:
 135              	.LFB7:
 263:.\Generated_Source\PSoC5/isr_rx_net.c **** }
 264:.\Generated_Source\PSoC5/isr_rx_net.c **** 
ARM GAS  C:\Users\pxc\AppData\Local\Temp\cc4UEgJR.s 			page 8


 265:.\Generated_Source\PSoC5/isr_rx_net.c **** 
 266:.\Generated_Source\PSoC5/isr_rx_net.c **** /*******************************************************************************
 267:.\Generated_Source\PSoC5/isr_rx_net.c **** * Function Name: isr_rx_net_GetPriority
 268:.\Generated_Source\PSoC5/isr_rx_net.c **** ********************************************************************************
 269:.\Generated_Source\PSoC5/isr_rx_net.c **** *
 270:.\Generated_Source\PSoC5/isr_rx_net.c **** * Summary:
 271:.\Generated_Source\PSoC5/isr_rx_net.c **** *   Gets the Priority of the Interrupt.
 272:.\Generated_Source\PSoC5/isr_rx_net.c **** *
 273:.\Generated_Source\PSoC5/isr_rx_net.c **** * Parameters:
 274:.\Generated_Source\PSoC5/isr_rx_net.c **** *   None
 275:.\Generated_Source\PSoC5/isr_rx_net.c **** *
 276:.\Generated_Source\PSoC5/isr_rx_net.c **** * Return:
 277:.\Generated_Source\PSoC5/isr_rx_net.c **** *   Priority of the interrupt, 0 being the highest priority
 278:.\Generated_Source\PSoC5/isr_rx_net.c **** *    PSoC 3 and PSoC 5LP: Priority is from 0 to 7.
 279:.\Generated_Source\PSoC5/isr_rx_net.c **** *    PSoC 4: Priority is from 0 to 3.
 280:.\Generated_Source\PSoC5/isr_rx_net.c **** *
 281:.\Generated_Source\PSoC5/isr_rx_net.c **** *******************************************************************************/
 282:.\Generated_Source\PSoC5/isr_rx_net.c **** uint8 isr_rx_net_GetPriority(void)
 283:.\Generated_Source\PSoC5/isr_rx_net.c **** {
 136              		.loc 1 283 0
 137              		.cfi_startproc
 138              		@ args = 0, pretend = 0, frame = 0
 139              		@ frame_needed = 0, uses_anonymous_args = 0
 140              		@ link register save eliminated.
 284:.\Generated_Source\PSoC5/isr_rx_net.c ****     uint8 priority;
 285:.\Generated_Source\PSoC5/isr_rx_net.c **** 
 286:.\Generated_Source\PSoC5/isr_rx_net.c **** 
 287:.\Generated_Source\PSoC5/isr_rx_net.c ****     priority = *isr_rx_net_INTC_PRIOR >> 5;
 141              		.loc 1 287 0
 142 0000 014B     		ldr	r3, .L13
 143 0002 1878     		ldrb	r0, [r3]	@ zero_extendqisi2
 144              	.LVL7:
 288:.\Generated_Source\PSoC5/isr_rx_net.c **** 
 289:.\Generated_Source\PSoC5/isr_rx_net.c ****     return priority;
 290:.\Generated_Source\PSoC5/isr_rx_net.c **** }
 145              		.loc 1 290 0
 146 0004 4009     		lsrs	r0, r0, #5
 147              	.LVL8:
 148 0006 7047     		bx	lr
 149              	.L14:
 150              		.align	2
 151              	.L13:
 152 0008 00E400E0 		.word	-536812544
 153              		.cfi_endproc
 154              	.LFE7:
 155              		.size	isr_rx_net_GetPriority, .-isr_rx_net_GetPriority
 156              		.section	.text.isr_rx_net_Enable,"ax",%progbits
 157              		.align	2
 158              		.global	isr_rx_net_Enable
 159              		.thumb
 160              		.thumb_func
 161              		.type	isr_rx_net_Enable, %function
 162              	isr_rx_net_Enable:
 163              	.LFB8:
 291:.\Generated_Source\PSoC5/isr_rx_net.c **** 
 292:.\Generated_Source\PSoC5/isr_rx_net.c **** 
 293:.\Generated_Source\PSoC5/isr_rx_net.c **** /*******************************************************************************
ARM GAS  C:\Users\pxc\AppData\Local\Temp\cc4UEgJR.s 			page 9


 294:.\Generated_Source\PSoC5/isr_rx_net.c **** * Function Name: isr_rx_net_Enable
 295:.\Generated_Source\PSoC5/isr_rx_net.c **** ********************************************************************************
 296:.\Generated_Source\PSoC5/isr_rx_net.c **** *
 297:.\Generated_Source\PSoC5/isr_rx_net.c **** * Summary:
 298:.\Generated_Source\PSoC5/isr_rx_net.c **** *   Enables the interrupt to the interrupt controller. Do not call this function
 299:.\Generated_Source\PSoC5/isr_rx_net.c **** *   unless ISR_Start() has been called or the functionality of the ISR_Start() 
 300:.\Generated_Source\PSoC5/isr_rx_net.c **** *   function, which sets the vector and the priority, has been called.
 301:.\Generated_Source\PSoC5/isr_rx_net.c **** *
 302:.\Generated_Source\PSoC5/isr_rx_net.c **** * Parameters:
 303:.\Generated_Source\PSoC5/isr_rx_net.c **** *   None
 304:.\Generated_Source\PSoC5/isr_rx_net.c **** *
 305:.\Generated_Source\PSoC5/isr_rx_net.c **** * Return:
 306:.\Generated_Source\PSoC5/isr_rx_net.c **** *   None
 307:.\Generated_Source\PSoC5/isr_rx_net.c **** *
 308:.\Generated_Source\PSoC5/isr_rx_net.c **** *******************************************************************************/
 309:.\Generated_Source\PSoC5/isr_rx_net.c **** void isr_rx_net_Enable(void)
 310:.\Generated_Source\PSoC5/isr_rx_net.c **** {
 164              		.loc 1 310 0
 165              		.cfi_startproc
 166              		@ args = 0, pretend = 0, frame = 0
 167              		@ frame_needed = 0, uses_anonymous_args = 0
 168              		@ link register save eliminated.
 311:.\Generated_Source\PSoC5/isr_rx_net.c ****     /* Enable the general interrupt. */
 312:.\Generated_Source\PSoC5/isr_rx_net.c ****     *isr_rx_net_INTC_SET_EN = isr_rx_net__INTC_MASK;
 169              		.loc 1 312 0
 170 0000 0122     		movs	r2, #1
 171 0002 014B     		ldr	r3, .L16
 172 0004 1A60     		str	r2, [r3]
 173 0006 7047     		bx	lr
 174              	.L17:
 175              		.align	2
 176              	.L16:
 177 0008 00E100E0 		.word	-536813312
 178              		.cfi_endproc
 179              	.LFE8:
 180              		.size	isr_rx_net_Enable, .-isr_rx_net_Enable
 181              		.section	.text.isr_rx_net_GetState,"ax",%progbits
 182              		.align	2
 183              		.global	isr_rx_net_GetState
 184              		.thumb
 185              		.thumb_func
 186              		.type	isr_rx_net_GetState, %function
 187              	isr_rx_net_GetState:
 188              	.LFB9:
 313:.\Generated_Source\PSoC5/isr_rx_net.c **** }
 314:.\Generated_Source\PSoC5/isr_rx_net.c **** 
 315:.\Generated_Source\PSoC5/isr_rx_net.c **** 
 316:.\Generated_Source\PSoC5/isr_rx_net.c **** /*******************************************************************************
 317:.\Generated_Source\PSoC5/isr_rx_net.c **** * Function Name: isr_rx_net_GetState
 318:.\Generated_Source\PSoC5/isr_rx_net.c **** ********************************************************************************
 319:.\Generated_Source\PSoC5/isr_rx_net.c **** *
 320:.\Generated_Source\PSoC5/isr_rx_net.c **** * Summary:
 321:.\Generated_Source\PSoC5/isr_rx_net.c **** *   Gets the state (enabled, disabled) of the Interrupt.
 322:.\Generated_Source\PSoC5/isr_rx_net.c **** *
 323:.\Generated_Source\PSoC5/isr_rx_net.c **** * Parameters:
 324:.\Generated_Source\PSoC5/isr_rx_net.c **** *   None
 325:.\Generated_Source\PSoC5/isr_rx_net.c **** *
ARM GAS  C:\Users\pxc\AppData\Local\Temp\cc4UEgJR.s 			page 10


 326:.\Generated_Source\PSoC5/isr_rx_net.c **** * Return:
 327:.\Generated_Source\PSoC5/isr_rx_net.c **** *   1 if enabled, 0 if disabled.
 328:.\Generated_Source\PSoC5/isr_rx_net.c **** *
 329:.\Generated_Source\PSoC5/isr_rx_net.c **** *******************************************************************************/
 330:.\Generated_Source\PSoC5/isr_rx_net.c **** uint8 isr_rx_net_GetState(void)
 331:.\Generated_Source\PSoC5/isr_rx_net.c **** {
 189              		.loc 1 331 0
 190              		.cfi_startproc
 191              		@ args = 0, pretend = 0, frame = 0
 192              		@ frame_needed = 0, uses_anonymous_args = 0
 193              		@ link register save eliminated.
 332:.\Generated_Source\PSoC5/isr_rx_net.c ****     /* Get the state of the general interrupt. */
 333:.\Generated_Source\PSoC5/isr_rx_net.c ****     return ((*isr_rx_net_INTC_SET_EN & (uint32)isr_rx_net__INTC_MASK) != 0u) ? 1u:0u;
 194              		.loc 1 333 0
 195 0000 024B     		ldr	r3, .L19
 196 0002 1868     		ldr	r0, [r3]
 334:.\Generated_Source\PSoC5/isr_rx_net.c **** }
 197              		.loc 1 334 0
 198 0004 00F00100 		and	r0, r0, #1
 199 0008 7047     		bx	lr
 200              	.L20:
 201 000a 00BF     		.align	2
 202              	.L19:
 203 000c 00E100E0 		.word	-536813312
 204              		.cfi_endproc
 205              	.LFE9:
 206              		.size	isr_rx_net_GetState, .-isr_rx_net_GetState
 207              		.section	.text.isr_rx_net_Disable,"ax",%progbits
 208              		.align	2
 209              		.global	isr_rx_net_Disable
 210              		.thumb
 211              		.thumb_func
 212              		.type	isr_rx_net_Disable, %function
 213              	isr_rx_net_Disable:
 214              	.LFB10:
 335:.\Generated_Source\PSoC5/isr_rx_net.c **** 
 336:.\Generated_Source\PSoC5/isr_rx_net.c **** 
 337:.\Generated_Source\PSoC5/isr_rx_net.c **** /*******************************************************************************
 338:.\Generated_Source\PSoC5/isr_rx_net.c **** * Function Name: isr_rx_net_Disable
 339:.\Generated_Source\PSoC5/isr_rx_net.c **** ********************************************************************************
 340:.\Generated_Source\PSoC5/isr_rx_net.c **** *
 341:.\Generated_Source\PSoC5/isr_rx_net.c **** * Summary:
 342:.\Generated_Source\PSoC5/isr_rx_net.c **** *   Disables the Interrupt in the interrupt controller.
 343:.\Generated_Source\PSoC5/isr_rx_net.c **** *
 344:.\Generated_Source\PSoC5/isr_rx_net.c **** * Parameters:
 345:.\Generated_Source\PSoC5/isr_rx_net.c **** *   None
 346:.\Generated_Source\PSoC5/isr_rx_net.c **** *
 347:.\Generated_Source\PSoC5/isr_rx_net.c **** * Return:
 348:.\Generated_Source\PSoC5/isr_rx_net.c **** *   None
 349:.\Generated_Source\PSoC5/isr_rx_net.c **** *
 350:.\Generated_Source\PSoC5/isr_rx_net.c **** *******************************************************************************/
 351:.\Generated_Source\PSoC5/isr_rx_net.c **** void isr_rx_net_Disable(void)
 352:.\Generated_Source\PSoC5/isr_rx_net.c **** {
 215              		.loc 1 352 0
 216              		.cfi_startproc
 217              		@ args = 0, pretend = 0, frame = 0
 218              		@ frame_needed = 0, uses_anonymous_args = 0
ARM GAS  C:\Users\pxc\AppData\Local\Temp\cc4UEgJR.s 			page 11


 219              		@ link register save eliminated.
 353:.\Generated_Source\PSoC5/isr_rx_net.c ****     /* Disable the general interrupt. */
 354:.\Generated_Source\PSoC5/isr_rx_net.c ****     *isr_rx_net_INTC_CLR_EN = isr_rx_net__INTC_MASK;
 220              		.loc 1 354 0
 221 0000 0122     		movs	r2, #1
 222 0002 014B     		ldr	r3, .L22
 223 0004 1A60     		str	r2, [r3]
 224 0006 7047     		bx	lr
 225              	.L23:
 226              		.align	2
 227              	.L22:
 228 0008 80E100E0 		.word	-536813184
 229              		.cfi_endproc
 230              	.LFE10:
 231              		.size	isr_rx_net_Disable, .-isr_rx_net_Disable
 232              		.section	.text.isr_rx_net_Start,"ax",%progbits
 233              		.align	2
 234              		.global	isr_rx_net_Start
 235              		.thumb
 236              		.thumb_func
 237              		.type	isr_rx_net_Start, %function
 238              	isr_rx_net_Start:
 239              	.LFB0:
  62:.\Generated_Source\PSoC5/isr_rx_net.c ****     /* For all we know the interrupt is active. */
 240              		.loc 1 62 0
 241              		.cfi_startproc
 242              		@ args = 0, pretend = 0, frame = 0
 243              		@ frame_needed = 0, uses_anonymous_args = 0
 244 0000 08B5     		push	{r3, lr}
 245              		.cfi_def_cfa_offset 8
 246              		.cfi_offset 3, -8
 247              		.cfi_offset 14, -4
  64:.\Generated_Source\PSoC5/isr_rx_net.c **** 
 248              		.loc 1 64 0
 249 0002 FFF7FEFF 		bl	isr_rx_net_Disable
 250              	.LVL9:
  67:.\Generated_Source\PSoC5/isr_rx_net.c **** 
 251              		.loc 1 67 0
 252 0006 0448     		ldr	r0, .L26
 253 0008 FFF7FEFF 		bl	isr_rx_net_SetVector
 254              	.LVL10:
  70:.\Generated_Source\PSoC5/isr_rx_net.c **** 
 255              		.loc 1 70 0
 256 000c 0720     		movs	r0, #7
 257 000e FFF7FEFF 		bl	isr_rx_net_SetPriority
 258              	.LVL11:
  73:.\Generated_Source\PSoC5/isr_rx_net.c **** }
 259              		.loc 1 73 0
 260 0012 FFF7FEFF 		bl	isr_rx_net_Enable
 261              	.LVL12:
 262 0016 08BD     		pop	{r3, pc}
 263              	.L27:
 264              		.align	2
 265              	.L26:
 266 0018 00000000 		.word	isr_rx_net_Interrupt
 267              		.cfi_endproc
 268              	.LFE0:
ARM GAS  C:\Users\pxc\AppData\Local\Temp\cc4UEgJR.s 			page 12


 269              		.size	isr_rx_net_Start, .-isr_rx_net_Start
 270              		.section	.text.isr_rx_net_StartEx,"ax",%progbits
 271              		.align	2
 272              		.global	isr_rx_net_StartEx
 273              		.thumb
 274              		.thumb_func
 275              		.type	isr_rx_net_StartEx, %function
 276              	isr_rx_net_StartEx:
 277              	.LFB1:
 105:.\Generated_Source\PSoC5/isr_rx_net.c ****     /* For all we know the interrupt is active. */
 278              		.loc 1 105 0
 279              		.cfi_startproc
 280              		@ args = 0, pretend = 0, frame = 0
 281              		@ frame_needed = 0, uses_anonymous_args = 0
 282              	.LVL13:
 283 0000 10B5     		push	{r4, lr}
 284              		.cfi_def_cfa_offset 8
 285              		.cfi_offset 4, -8
 286              		.cfi_offset 14, -4
 287 0002 0446     		mov	r4, r0
 107:.\Generated_Source\PSoC5/isr_rx_net.c **** 
 288              		.loc 1 107 0
 289 0004 FFF7FEFF 		bl	isr_rx_net_Disable
 290              	.LVL14:
 110:.\Generated_Source\PSoC5/isr_rx_net.c **** 
 291              		.loc 1 110 0
 292 0008 2046     		mov	r0, r4
 293 000a FFF7FEFF 		bl	isr_rx_net_SetVector
 294              	.LVL15:
 113:.\Generated_Source\PSoC5/isr_rx_net.c **** 
 295              		.loc 1 113 0
 296 000e 0720     		movs	r0, #7
 297 0010 FFF7FEFF 		bl	isr_rx_net_SetPriority
 298              	.LVL16:
 116:.\Generated_Source\PSoC5/isr_rx_net.c **** }
 299              		.loc 1 116 0
 300 0014 FFF7FEFF 		bl	isr_rx_net_Enable
 301              	.LVL17:
 302 0018 10BD     		pop	{r4, pc}
 303              		.cfi_endproc
 304              	.LFE1:
 305              		.size	isr_rx_net_StartEx, .-isr_rx_net_StartEx
 306 001a 00BF     		.section	.text.isr_rx_net_Stop,"ax",%progbits
 307              		.align	2
 308              		.global	isr_rx_net_Stop
 309              		.thumb
 310              		.thumb_func
 311              		.type	isr_rx_net_Stop, %function
 312              	isr_rx_net_Stop:
 313              	.LFB2:
 135:.\Generated_Source\PSoC5/isr_rx_net.c ****     /* Disable this interrupt. */
 314              		.loc 1 135 0
 315              		.cfi_startproc
 316              		@ args = 0, pretend = 0, frame = 0
 317              		@ frame_needed = 0, uses_anonymous_args = 0
 318 0000 08B5     		push	{r3, lr}
 319              		.cfi_def_cfa_offset 8
ARM GAS  C:\Users\pxc\AppData\Local\Temp\cc4UEgJR.s 			page 13


 320              		.cfi_offset 3, -8
 321              		.cfi_offset 14, -4
 137:.\Generated_Source\PSoC5/isr_rx_net.c **** 
 322              		.loc 1 137 0
 323 0002 FFF7FEFF 		bl	isr_rx_net_Disable
 324              	.LVL18:
 140:.\Generated_Source\PSoC5/isr_rx_net.c **** }
 325              		.loc 1 140 0
 326 0006 0248     		ldr	r0, .L32
 327 0008 FFF7FEFF 		bl	isr_rx_net_SetVector
 328              	.LVL19:
 329 000c 08BD     		pop	{r3, pc}
 330              	.L33:
 331 000e 00BF     		.align	2
 332              	.L32:
 333 0010 00000000 		.word	IntDefaultHandler
 334              		.cfi_endproc
 335              	.LFE2:
 336              		.size	isr_rx_net_Stop, .-isr_rx_net_Stop
 337              		.section	.text.isr_rx_net_SetPending,"ax",%progbits
 338              		.align	2
 339              		.global	isr_rx_net_SetPending
 340              		.thumb
 341              		.thumb_func
 342              		.type	isr_rx_net_SetPending, %function
 343              	isr_rx_net_SetPending:
 344              	.LFB11:
 355:.\Generated_Source\PSoC5/isr_rx_net.c **** }
 356:.\Generated_Source\PSoC5/isr_rx_net.c **** 
 357:.\Generated_Source\PSoC5/isr_rx_net.c **** 
 358:.\Generated_Source\PSoC5/isr_rx_net.c **** /*******************************************************************************
 359:.\Generated_Source\PSoC5/isr_rx_net.c **** * Function Name: isr_rx_net_SetPending
 360:.\Generated_Source\PSoC5/isr_rx_net.c **** ********************************************************************************
 361:.\Generated_Source\PSoC5/isr_rx_net.c **** *
 362:.\Generated_Source\PSoC5/isr_rx_net.c **** * Summary:
 363:.\Generated_Source\PSoC5/isr_rx_net.c **** *   Causes the Interrupt to enter the pending state, a software method of
 364:.\Generated_Source\PSoC5/isr_rx_net.c **** *   generating the interrupt.
 365:.\Generated_Source\PSoC5/isr_rx_net.c **** *
 366:.\Generated_Source\PSoC5/isr_rx_net.c **** * Parameters:
 367:.\Generated_Source\PSoC5/isr_rx_net.c **** *   None
 368:.\Generated_Source\PSoC5/isr_rx_net.c **** *
 369:.\Generated_Source\PSoC5/isr_rx_net.c **** * Return:
 370:.\Generated_Source\PSoC5/isr_rx_net.c **** *   None
 371:.\Generated_Source\PSoC5/isr_rx_net.c **** *
 372:.\Generated_Source\PSoC5/isr_rx_net.c **** * Side Effects:
 373:.\Generated_Source\PSoC5/isr_rx_net.c **** *   If interrupts are enabled and the interrupt is set up properly, the ISR is
 374:.\Generated_Source\PSoC5/isr_rx_net.c **** *   entered (depending on the priority of this interrupt and other pending 
 375:.\Generated_Source\PSoC5/isr_rx_net.c **** *   interrupts).
 376:.\Generated_Source\PSoC5/isr_rx_net.c **** *
 377:.\Generated_Source\PSoC5/isr_rx_net.c **** *******************************************************************************/
 378:.\Generated_Source\PSoC5/isr_rx_net.c **** void isr_rx_net_SetPending(void)
 379:.\Generated_Source\PSoC5/isr_rx_net.c **** {
 345              		.loc 1 379 0
 346              		.cfi_startproc
 347              		@ args = 0, pretend = 0, frame = 0
 348              		@ frame_needed = 0, uses_anonymous_args = 0
 349              		@ link register save eliminated.
ARM GAS  C:\Users\pxc\AppData\Local\Temp\cc4UEgJR.s 			page 14


 380:.\Generated_Source\PSoC5/isr_rx_net.c ****     *isr_rx_net_INTC_SET_PD = isr_rx_net__INTC_MASK;
 350              		.loc 1 380 0
 351 0000 0122     		movs	r2, #1
 352 0002 014B     		ldr	r3, .L35
 353 0004 1A60     		str	r2, [r3]
 354 0006 7047     		bx	lr
 355              	.L36:
 356              		.align	2
 357              	.L35:
 358 0008 00E200E0 		.word	-536813056
 359              		.cfi_endproc
 360              	.LFE11:
 361              		.size	isr_rx_net_SetPending, .-isr_rx_net_SetPending
 362              		.section	.text.isr_rx_net_ClearPending,"ax",%progbits
 363              		.align	2
 364              		.global	isr_rx_net_ClearPending
 365              		.thumb
 366              		.thumb_func
 367              		.type	isr_rx_net_ClearPending, %function
 368              	isr_rx_net_ClearPending:
 369              	.LFB12:
 381:.\Generated_Source\PSoC5/isr_rx_net.c **** }
 382:.\Generated_Source\PSoC5/isr_rx_net.c **** 
 383:.\Generated_Source\PSoC5/isr_rx_net.c **** 
 384:.\Generated_Source\PSoC5/isr_rx_net.c **** /*******************************************************************************
 385:.\Generated_Source\PSoC5/isr_rx_net.c **** * Function Name: isr_rx_net_ClearPending
 386:.\Generated_Source\PSoC5/isr_rx_net.c **** ********************************************************************************
 387:.\Generated_Source\PSoC5/isr_rx_net.c **** *
 388:.\Generated_Source\PSoC5/isr_rx_net.c **** * Summary:
 389:.\Generated_Source\PSoC5/isr_rx_net.c **** *   Clears a pending interrupt in the interrupt controller.
 390:.\Generated_Source\PSoC5/isr_rx_net.c **** *
 391:.\Generated_Source\PSoC5/isr_rx_net.c **** *   Note Some interrupt sources are clear-on-read and require the block 
 392:.\Generated_Source\PSoC5/isr_rx_net.c **** *   interrupt/status register to be read/cleared with the appropriate block API 
 393:.\Generated_Source\PSoC5/isr_rx_net.c **** *   (GPIO, UART, and so on). Otherwise the ISR will continue to remain in 
 394:.\Generated_Source\PSoC5/isr_rx_net.c **** *   pending state even though the interrupt itself is cleared using this API.
 395:.\Generated_Source\PSoC5/isr_rx_net.c **** *
 396:.\Generated_Source\PSoC5/isr_rx_net.c **** * Parameters:
 397:.\Generated_Source\PSoC5/isr_rx_net.c **** *   None
 398:.\Generated_Source\PSoC5/isr_rx_net.c **** *
 399:.\Generated_Source\PSoC5/isr_rx_net.c **** * Return:
 400:.\Generated_Source\PSoC5/isr_rx_net.c **** *   None
 401:.\Generated_Source\PSoC5/isr_rx_net.c **** *
 402:.\Generated_Source\PSoC5/isr_rx_net.c **** *******************************************************************************/
 403:.\Generated_Source\PSoC5/isr_rx_net.c **** void isr_rx_net_ClearPending(void)
 404:.\Generated_Source\PSoC5/isr_rx_net.c **** {
 370              		.loc 1 404 0
 371              		.cfi_startproc
 372              		@ args = 0, pretend = 0, frame = 0
 373              		@ frame_needed = 0, uses_anonymous_args = 0
 374              		@ link register save eliminated.
 405:.\Generated_Source\PSoC5/isr_rx_net.c ****     *isr_rx_net_INTC_CLR_PD = isr_rx_net__INTC_MASK;
 375              		.loc 1 405 0
 376 0000 0122     		movs	r2, #1
 377 0002 014B     		ldr	r3, .L38
 378 0004 1A60     		str	r2, [r3]
 379 0006 7047     		bx	lr
 380              	.L39:
ARM GAS  C:\Users\pxc\AppData\Local\Temp\cc4UEgJR.s 			page 15


 381              		.align	2
 382              	.L38:
 383 0008 80E200E0 		.word	-536812928
 384              		.cfi_endproc
 385              	.LFE12:
 386              		.size	isr_rx_net_ClearPending, .-isr_rx_net_ClearPending
 387              		.text
 388              	.Letext0:
 389              		.file 2 "Generated_Source\\PSoC5/cytypes.h"
 390              		.file 3 ".\\Generated_Source\\PSoC5\\UART_net.h"
 391              		.section	.debug_info,"",%progbits
 392              	.Ldebug_info0:
 393 0000 03030000 		.4byte	0x303
 394 0004 0400     		.2byte	0x4
 395 0006 00000000 		.4byte	.Ldebug_abbrev0
 396 000a 04       		.byte	0x4
 397 000b 01       		.uleb128 0x1
 398 000c 07010000 		.4byte	.LASF34
 399 0010 01       		.byte	0x1
 400 0011 84020000 		.4byte	.LASF35
 401 0015 D3010000 		.4byte	.LASF36
 402 0019 00000000 		.4byte	.Ldebug_ranges0+0
 403 001d 00000000 		.4byte	0
 404 0021 00000000 		.4byte	.Ldebug_line0
 405 0025 02       		.uleb128 0x2
 406 0026 04       		.byte	0x4
 407 0027 05       		.byte	0x5
 408 0028 696E7400 		.ascii	"int\000"
 409 002c 03       		.uleb128 0x3
 410 002d 04       		.byte	0x4
 411 002e 07       		.byte	0x7
 412 002f A7010000 		.4byte	.LASF0
 413 0033 03       		.uleb128 0x3
 414 0034 01       		.byte	0x1
 415 0035 06       		.byte	0x6
 416 0036 DB020000 		.4byte	.LASF1
 417 003a 03       		.uleb128 0x3
 418 003b 01       		.byte	0x1
 419 003c 08       		.byte	0x8
 420 003d 9E000000 		.4byte	.LASF2
 421 0041 03       		.uleb128 0x3
 422 0042 02       		.byte	0x2
 423 0043 05       		.byte	0x5
 424 0044 65020000 		.4byte	.LASF3
 425 0048 03       		.uleb128 0x3
 426 0049 02       		.byte	0x2
 427 004a 07       		.byte	0x7
 428 004b 31000000 		.4byte	.LASF4
 429 004f 03       		.uleb128 0x3
 430 0050 04       		.byte	0x4
 431 0051 05       		.byte	0x5
 432 0052 AA020000 		.4byte	.LASF5
 433 0056 03       		.uleb128 0x3
 434 0057 04       		.byte	0x4
 435 0058 07       		.byte	0x7
 436 0059 C1000000 		.4byte	.LASF6
 437 005d 03       		.uleb128 0x3
ARM GAS  C:\Users\pxc\AppData\Local\Temp\cc4UEgJR.s 			page 16


 438 005e 08       		.byte	0x8
 439 005f 05       		.byte	0x5
 440 0060 2D020000 		.4byte	.LASF7
 441 0064 03       		.uleb128 0x3
 442 0065 08       		.byte	0x8
 443 0066 07       		.byte	0x7
 444 0067 BC010000 		.4byte	.LASF8
 445 006b 03       		.uleb128 0x3
 446 006c 04       		.byte	0x4
 447 006d 07       		.byte	0x7
 448 006e 24020000 		.4byte	.LASF9
 449 0072 04       		.uleb128 0x4
 450 0073 04       		.byte	0x4
 451 0074 78000000 		.4byte	0x78
 452 0078 05       		.uleb128 0x5
 453 0079 03       		.uleb128 0x3
 454 007a 01       		.byte	0x1
 455 007b 08       		.byte	0x8
 456 007c 51020000 		.4byte	.LASF10
 457 0080 06       		.uleb128 0x6
 458 0081 D3000000 		.4byte	.LASF11
 459 0085 02       		.byte	0x2
 460 0086 C2       		.byte	0xc2
 461 0087 3A000000 		.4byte	0x3a
 462 008b 06       		.uleb128 0x6
 463 008c 00010000 		.4byte	.LASF12
 464 0090 02       		.byte	0x2
 465 0091 C4       		.byte	0xc4
 466 0092 56000000 		.4byte	0x56
 467 0096 03       		.uleb128 0x3
 468 0097 04       		.byte	0x4
 469 0098 04       		.byte	0x4
 470 0099 6A000000 		.4byte	.LASF13
 471 009d 03       		.uleb128 0x3
 472 009e 08       		.byte	0x8
 473 009f 04       		.byte	0x4
 474 00a0 F9000000 		.4byte	.LASF14
 475 00a4 07       		.uleb128 0x7
 476 00a5 BC000000 		.4byte	.LASF15
 477 00a9 02       		.byte	0x2
 478 00aa 6C01     		.2byte	0x16c
 479 00ac B0000000 		.4byte	0xb0
 480 00b0 08       		.uleb128 0x8
 481 00b1 80000000 		.4byte	0x80
 482 00b5 07       		.uleb128 0x7
 483 00b6 00000000 		.4byte	.LASF16
 484 00ba 02       		.byte	0x2
 485 00bb 6E01     		.2byte	0x16e
 486 00bd C1000000 		.4byte	0xc1
 487 00c1 08       		.uleb128 0x8
 488 00c2 8B000000 		.4byte	0x8b
 489 00c6 07       		.uleb128 0x7
 490 00c7 17020000 		.4byte	.LASF17
 491 00cb 02       		.byte	0x2
 492 00cc 7E01     		.2byte	0x17e
 493 00ce 72000000 		.4byte	0x72
 494 00d2 09       		.uleb128 0x9
ARM GAS  C:\Users\pxc\AppData\Local\Temp\cc4UEgJR.s 			page 17


 495 00d3 6F020000 		.4byte	.LASF18
 496 00d7 01       		.byte	0x1
 497 00d8 A0       		.byte	0xa0
 498 00d9 00000000 		.4byte	.LFB3
 499 00dd 0C000000 		.4byte	.LFE3-.LFB3
 500 00e1 01       		.uleb128 0x1
 501 00e2 9C       		.byte	0x9c
 502 00e3 09010000 		.4byte	0x109
 503 00e7 0A       		.uleb128 0xa
 504 00e8 70000000 		.4byte	.LASF20
 505 00ec 01       		.byte	0x1
 506 00ed A8       		.byte	0xa8
 507 00ee 80000000 		.4byte	0x80
 508 00f2 00000000 		.4byte	.LLST0
 509 00f6 0B       		.uleb128 0xb
 510 00f7 06000000 		.4byte	.LVL0
 511 00fb EE020000 		.4byte	0x2ee
 512 00ff 0B       		.uleb128 0xb
 513 0100 0A000000 		.4byte	.LVL1
 514 0104 F9020000 		.4byte	0x2f9
 515 0108 00       		.byte	0
 516 0109 09       		.uleb128 0x9
 517 010a B3020000 		.4byte	.LASF19
 518 010e 01       		.byte	0x1
 519 010f CA       		.byte	0xca
 520 0110 00000000 		.4byte	.LFB4
 521 0114 0C000000 		.4byte	.LFE4-.LFB4
 522 0118 01       		.uleb128 0x1
 523 0119 9C       		.byte	0x9c
 524 011a 39010000 		.4byte	0x139
 525 011e 0C       		.uleb128 0xc
 526 011f B4010000 		.4byte	.LASF23
 527 0123 01       		.byte	0x1
 528 0124 CA       		.byte	0xca
 529 0125 C6000000 		.4byte	0xc6
 530 0129 01       		.uleb128 0x1
 531 012a 50       		.byte	0x50
 532 012b 0D       		.uleb128 0xd
 533 012c 56020000 		.4byte	.LASF21
 534 0130 01       		.byte	0x1
 535 0131 CC       		.byte	0xcc
 536 0132 39010000 		.4byte	0x139
 537 0136 01       		.uleb128 0x1
 538 0137 53       		.byte	0x53
 539 0138 00       		.byte	0
 540 0139 04       		.uleb128 0x4
 541 013a 04       		.byte	0x4
 542 013b C6000000 		.4byte	0xc6
 543 013f 0E       		.uleb128 0xe
 544 0140 55000000 		.4byte	.LASF25
 545 0144 01       		.byte	0x1
 546 0145 E2       		.byte	0xe2
 547 0146 C6000000 		.4byte	0xc6
 548 014a 00000000 		.4byte	.LFB5
 549 014e 0C000000 		.4byte	.LFE5-.LFB5
 550 0152 01       		.uleb128 0x1
 551 0153 9C       		.byte	0x9c
ARM GAS  C:\Users\pxc\AppData\Local\Temp\cc4UEgJR.s 			page 18


 552 0154 66010000 		.4byte	0x166
 553 0158 0D       		.uleb128 0xd
 554 0159 56020000 		.4byte	.LASF21
 555 015d 01       		.byte	0x1
 556 015e E4       		.byte	0xe4
 557 015f 39010000 		.4byte	0x139
 558 0163 01       		.uleb128 0x1
 559 0164 53       		.byte	0x53
 560 0165 00       		.byte	0
 561 0166 0F       		.uleb128 0xf
 562 0167 D9000000 		.4byte	.LASF22
 563 016b 01       		.byte	0x1
 564 016c 0401     		.2byte	0x104
 565 016e 00000000 		.4byte	.LFB6
 566 0172 10000000 		.4byte	.LFE6-.LFB6
 567 0176 01       		.uleb128 0x1
 568 0177 9C       		.byte	0x9c
 569 0178 8D010000 		.4byte	0x18d
 570 017c 10       		.uleb128 0x10
 571 017d F0000000 		.4byte	.LASF24
 572 0181 01       		.byte	0x1
 573 0182 0401     		.2byte	0x104
 574 0184 80000000 		.4byte	0x80
 575 0188 13000000 		.4byte	.LLST1
 576 018c 00       		.byte	0
 577 018d 11       		.uleb128 0x11
 578 018e 06000000 		.4byte	.LASF26
 579 0192 01       		.byte	0x1
 580 0193 1A01     		.2byte	0x11a
 581 0195 80000000 		.4byte	0x80
 582 0199 00000000 		.4byte	.LFB7
 583 019d 0C000000 		.4byte	.LFE7-.LFB7
 584 01a1 01       		.uleb128 0x1
 585 01a2 9C       		.byte	0x9c
 586 01a3 B8010000 		.4byte	0x1b8
 587 01a7 12       		.uleb128 0x12
 588 01a8 F0000000 		.4byte	.LASF24
 589 01ac 01       		.byte	0x1
 590 01ad 1C01     		.2byte	0x11c
 591 01af 80000000 		.4byte	0x80
 592 01b3 34000000 		.4byte	.LLST2
 593 01b7 00       		.byte	0
 594 01b8 13       		.uleb128 0x13
 595 01b9 95010000 		.4byte	.LASF27
 596 01bd 01       		.byte	0x1
 597 01be 3501     		.2byte	0x135
 598 01c0 00000000 		.4byte	.LFB8
 599 01c4 0C000000 		.4byte	.LFE8-.LFB8
 600 01c8 01       		.uleb128 0x1
 601 01c9 9C       		.byte	0x9c
 602 01ca 14       		.uleb128 0x14
 603 01cb 1D000000 		.4byte	.LASF37
 604 01cf 01       		.byte	0x1
 605 01d0 4A01     		.2byte	0x14a
 606 01d2 80000000 		.4byte	0x80
 607 01d6 00000000 		.4byte	.LFB9
 608 01da 10000000 		.4byte	.LFE9-.LFB9
ARM GAS  C:\Users\pxc\AppData\Local\Temp\cc4UEgJR.s 			page 19


 609 01de 01       		.uleb128 0x1
 610 01df 9C       		.byte	0x9c
 611 01e0 13       		.uleb128 0x13
 612 01e1 C8020000 		.4byte	.LASF28
 613 01e5 01       		.byte	0x1
 614 01e6 5F01     		.2byte	0x15f
 615 01e8 00000000 		.4byte	.LFB10
 616 01ec 0C000000 		.4byte	.LFE10-.LFB10
 617 01f0 01       		.uleb128 0x1
 618 01f1 9C       		.byte	0x9c
 619 01f2 09       		.uleb128 0x9
 620 01f3 75000000 		.4byte	.LASF29
 621 01f7 01       		.byte	0x1
 622 01f8 3D       		.byte	0x3d
 623 01f9 00000000 		.4byte	.LFB0
 624 01fd 1C000000 		.4byte	.LFE0-.LFB0
 625 0201 01       		.uleb128 0x1
 626 0202 9C       		.byte	0x9c
 627 0203 44020000 		.4byte	0x244
 628 0207 0B       		.uleb128 0xb
 629 0208 06000000 		.4byte	.LVL9
 630 020c E0010000 		.4byte	0x1e0
 631 0210 15       		.uleb128 0x15
 632 0211 0C000000 		.4byte	.LVL10
 633 0215 09010000 		.4byte	0x109
 634 0219 27020000 		.4byte	0x227
 635 021d 16       		.uleb128 0x16
 636 021e 01       		.uleb128 0x1
 637 021f 50       		.byte	0x50
 638 0220 05       		.uleb128 0x5
 639 0221 03       		.byte	0x3
 640 0222 00000000 		.4byte	isr_rx_net_Interrupt
 641 0226 00       		.byte	0
 642 0227 15       		.uleb128 0x15
 643 0228 12000000 		.4byte	.LVL11
 644 022c 66010000 		.4byte	0x166
 645 0230 3A020000 		.4byte	0x23a
 646 0234 16       		.uleb128 0x16
 647 0235 01       		.uleb128 0x1
 648 0236 50       		.byte	0x50
 649 0237 01       		.uleb128 0x1
 650 0238 37       		.byte	0x37
 651 0239 00       		.byte	0
 652 023a 0B       		.uleb128 0xb
 653 023b 16000000 		.4byte	.LVL12
 654 023f B8010000 		.4byte	0x1b8
 655 0243 00       		.byte	0
 656 0244 09       		.uleb128 0x9
 657 0245 04020000 		.4byte	.LASF30
 658 0249 01       		.byte	0x1
 659 024a 68       		.byte	0x68
 660 024b 00000000 		.4byte	.LFB1
 661 024f 1A000000 		.4byte	.LFE1-.LFB1
 662 0253 01       		.uleb128 0x1
 663 0254 9C       		.byte	0x9c
 664 0255 A2020000 		.4byte	0x2a2
 665 0259 17       		.uleb128 0x17
ARM GAS  C:\Users\pxc\AppData\Local\Temp\cc4UEgJR.s 			page 20


 666 025a B4010000 		.4byte	.LASF23
 667 025e 01       		.byte	0x1
 668 025f 68       		.byte	0x68
 669 0260 C6000000 		.4byte	0xc6
 670 0264 4B000000 		.4byte	.LLST3
 671 0268 0B       		.uleb128 0xb
 672 0269 08000000 		.4byte	.LVL14
 673 026d E0010000 		.4byte	0x1e0
 674 0271 15       		.uleb128 0x15
 675 0272 0E000000 		.4byte	.LVL15
 676 0276 09010000 		.4byte	0x109
 677 027a 85020000 		.4byte	0x285
 678 027e 16       		.uleb128 0x16
 679 027f 01       		.uleb128 0x1
 680 0280 50       		.byte	0x50
 681 0281 02       		.uleb128 0x2
 682 0282 74       		.byte	0x74
 683 0283 00       		.sleb128 0
 684 0284 00       		.byte	0
 685 0285 15       		.uleb128 0x15
 686 0286 14000000 		.4byte	.LVL16
 687 028a 66010000 		.4byte	0x166
 688 028e 98020000 		.4byte	0x298
 689 0292 16       		.uleb128 0x16
 690 0293 01       		.uleb128 0x1
 691 0294 50       		.byte	0x50
 692 0295 01       		.uleb128 0x1
 693 0296 37       		.byte	0x37
 694 0297 00       		.byte	0
 695 0298 0B       		.uleb128 0xb
 696 0299 18000000 		.4byte	.LVL17
 697 029d B8010000 		.4byte	0x1b8
 698 02a1 00       		.byte	0
 699 02a2 09       		.uleb128 0x9
 700 02a3 AC000000 		.4byte	.LASF31
 701 02a7 01       		.byte	0x1
 702 02a8 86       		.byte	0x86
 703 02a9 00000000 		.4byte	.LFB2
 704 02ad 14000000 		.4byte	.LFE2-.LFB2
 705 02b1 01       		.uleb128 0x1
 706 02b2 9C       		.byte	0x9c
 707 02b3 CA020000 		.4byte	0x2ca
 708 02b7 0B       		.uleb128 0xb
 709 02b8 06000000 		.4byte	.LVL18
 710 02bc E0010000 		.4byte	0x1e0
 711 02c0 0B       		.uleb128 0xb
 712 02c1 0C000000 		.4byte	.LVL19
 713 02c5 09010000 		.4byte	0x109
 714 02c9 00       		.byte	0
 715 02ca 13       		.uleb128 0x13
 716 02cb 3B020000 		.4byte	.LASF32
 717 02cf 01       		.byte	0x1
 718 02d0 7A01     		.2byte	0x17a
 719 02d2 00000000 		.4byte	.LFB11
 720 02d6 0C000000 		.4byte	.LFE11-.LFB11
 721 02da 01       		.uleb128 0x1
 722 02db 9C       		.byte	0x9c
ARM GAS  C:\Users\pxc\AppData\Local\Temp\cc4UEgJR.s 			page 21


 723 02dc 13       		.uleb128 0x13
 724 02dd 86000000 		.4byte	.LASF33
 725 02e1 01       		.byte	0x1
 726 02e2 9301     		.2byte	0x193
 727 02e4 00000000 		.4byte	.LFB12
 728 02e8 0C000000 		.4byte	.LFE12-.LFB12
 729 02ec 01       		.uleb128 0x1
 730 02ed 9C       		.byte	0x9c
 731 02ee 18       		.uleb128 0x18
 732 02ef 44000000 		.4byte	.LASF38
 733 02f3 03       		.byte	0x3
 734 02f4 71       		.byte	0x71
 735 02f5 80000000 		.4byte	0x80
 736 02f9 19       		.uleb128 0x19
 737 02fa E7020000 		.4byte	.LASF39
 738 02fe 03       		.byte	0x3
 739 02ff 8A       		.byte	0x8a
 740 0300 1A       		.uleb128 0x1a
 741 0301 80000000 		.4byte	0x80
 742 0305 00       		.byte	0
 743 0306 00       		.byte	0
 744              		.section	.debug_abbrev,"",%progbits
 745              	.Ldebug_abbrev0:
 746 0000 01       		.uleb128 0x1
 747 0001 11       		.uleb128 0x11
 748 0002 01       		.byte	0x1
 749 0003 25       		.uleb128 0x25
 750 0004 0E       		.uleb128 0xe
 751 0005 13       		.uleb128 0x13
 752 0006 0B       		.uleb128 0xb
 753 0007 03       		.uleb128 0x3
 754 0008 0E       		.uleb128 0xe
 755 0009 1B       		.uleb128 0x1b
 756 000a 0E       		.uleb128 0xe
 757 000b 55       		.uleb128 0x55
 758 000c 17       		.uleb128 0x17
 759 000d 11       		.uleb128 0x11
 760 000e 01       		.uleb128 0x1
 761 000f 10       		.uleb128 0x10
 762 0010 17       		.uleb128 0x17
 763 0011 00       		.byte	0
 764 0012 00       		.byte	0
 765 0013 02       		.uleb128 0x2
 766 0014 24       		.uleb128 0x24
 767 0015 00       		.byte	0
 768 0016 0B       		.uleb128 0xb
 769 0017 0B       		.uleb128 0xb
 770 0018 3E       		.uleb128 0x3e
 771 0019 0B       		.uleb128 0xb
 772 001a 03       		.uleb128 0x3
 773 001b 08       		.uleb128 0x8
 774 001c 00       		.byte	0
 775 001d 00       		.byte	0
 776 001e 03       		.uleb128 0x3
 777 001f 24       		.uleb128 0x24
 778 0020 00       		.byte	0
 779 0021 0B       		.uleb128 0xb
ARM GAS  C:\Users\pxc\AppData\Local\Temp\cc4UEgJR.s 			page 22


 780 0022 0B       		.uleb128 0xb
 781 0023 3E       		.uleb128 0x3e
 782 0024 0B       		.uleb128 0xb
 783 0025 03       		.uleb128 0x3
 784 0026 0E       		.uleb128 0xe
 785 0027 00       		.byte	0
 786 0028 00       		.byte	0
 787 0029 04       		.uleb128 0x4
 788 002a 0F       		.uleb128 0xf
 789 002b 00       		.byte	0
 790 002c 0B       		.uleb128 0xb
 791 002d 0B       		.uleb128 0xb
 792 002e 49       		.uleb128 0x49
 793 002f 13       		.uleb128 0x13
 794 0030 00       		.byte	0
 795 0031 00       		.byte	0
 796 0032 05       		.uleb128 0x5
 797 0033 15       		.uleb128 0x15
 798 0034 00       		.byte	0
 799 0035 27       		.uleb128 0x27
 800 0036 19       		.uleb128 0x19
 801 0037 00       		.byte	0
 802 0038 00       		.byte	0
 803 0039 06       		.uleb128 0x6
 804 003a 16       		.uleb128 0x16
 805 003b 00       		.byte	0
 806 003c 03       		.uleb128 0x3
 807 003d 0E       		.uleb128 0xe
 808 003e 3A       		.uleb128 0x3a
 809 003f 0B       		.uleb128 0xb
 810 0040 3B       		.uleb128 0x3b
 811 0041 0B       		.uleb128 0xb
 812 0042 49       		.uleb128 0x49
 813 0043 13       		.uleb128 0x13
 814 0044 00       		.byte	0
 815 0045 00       		.byte	0
 816 0046 07       		.uleb128 0x7
 817 0047 16       		.uleb128 0x16
 818 0048 00       		.byte	0
 819 0049 03       		.uleb128 0x3
 820 004a 0E       		.uleb128 0xe
 821 004b 3A       		.uleb128 0x3a
 822 004c 0B       		.uleb128 0xb
 823 004d 3B       		.uleb128 0x3b
 824 004e 05       		.uleb128 0x5
 825 004f 49       		.uleb128 0x49
 826 0050 13       		.uleb128 0x13
 827 0051 00       		.byte	0
 828 0052 00       		.byte	0
 829 0053 08       		.uleb128 0x8
 830 0054 35       		.uleb128 0x35
 831 0055 00       		.byte	0
 832 0056 49       		.uleb128 0x49
 833 0057 13       		.uleb128 0x13
 834 0058 00       		.byte	0
 835 0059 00       		.byte	0
 836 005a 09       		.uleb128 0x9
ARM GAS  C:\Users\pxc\AppData\Local\Temp\cc4UEgJR.s 			page 23


 837 005b 2E       		.uleb128 0x2e
 838 005c 01       		.byte	0x1
 839 005d 3F       		.uleb128 0x3f
 840 005e 19       		.uleb128 0x19
 841 005f 03       		.uleb128 0x3
 842 0060 0E       		.uleb128 0xe
 843 0061 3A       		.uleb128 0x3a
 844 0062 0B       		.uleb128 0xb
 845 0063 3B       		.uleb128 0x3b
 846 0064 0B       		.uleb128 0xb
 847 0065 27       		.uleb128 0x27
 848 0066 19       		.uleb128 0x19
 849 0067 11       		.uleb128 0x11
 850 0068 01       		.uleb128 0x1
 851 0069 12       		.uleb128 0x12
 852 006a 06       		.uleb128 0x6
 853 006b 40       		.uleb128 0x40
 854 006c 18       		.uleb128 0x18
 855 006d 9742     		.uleb128 0x2117
 856 006f 19       		.uleb128 0x19
 857 0070 01       		.uleb128 0x1
 858 0071 13       		.uleb128 0x13
 859 0072 00       		.byte	0
 860 0073 00       		.byte	0
 861 0074 0A       		.uleb128 0xa
 862 0075 34       		.uleb128 0x34
 863 0076 00       		.byte	0
 864 0077 03       		.uleb128 0x3
 865 0078 0E       		.uleb128 0xe
 866 0079 3A       		.uleb128 0x3a
 867 007a 0B       		.uleb128 0xb
 868 007b 3B       		.uleb128 0x3b
 869 007c 0B       		.uleb128 0xb
 870 007d 49       		.uleb128 0x49
 871 007e 13       		.uleb128 0x13
 872 007f 02       		.uleb128 0x2
 873 0080 17       		.uleb128 0x17
 874 0081 00       		.byte	0
 875 0082 00       		.byte	0
 876 0083 0B       		.uleb128 0xb
 877 0084 898201   		.uleb128 0x4109
 878 0087 00       		.byte	0
 879 0088 11       		.uleb128 0x11
 880 0089 01       		.uleb128 0x1
 881 008a 31       		.uleb128 0x31
 882 008b 13       		.uleb128 0x13
 883 008c 00       		.byte	0
 884 008d 00       		.byte	0
 885 008e 0C       		.uleb128 0xc
 886 008f 05       		.uleb128 0x5
 887 0090 00       		.byte	0
 888 0091 03       		.uleb128 0x3
 889 0092 0E       		.uleb128 0xe
 890 0093 3A       		.uleb128 0x3a
 891 0094 0B       		.uleb128 0xb
 892 0095 3B       		.uleb128 0x3b
 893 0096 0B       		.uleb128 0xb
ARM GAS  C:\Users\pxc\AppData\Local\Temp\cc4UEgJR.s 			page 24


 894 0097 49       		.uleb128 0x49
 895 0098 13       		.uleb128 0x13
 896 0099 02       		.uleb128 0x2
 897 009a 18       		.uleb128 0x18
 898 009b 00       		.byte	0
 899 009c 00       		.byte	0
 900 009d 0D       		.uleb128 0xd
 901 009e 34       		.uleb128 0x34
 902 009f 00       		.byte	0
 903 00a0 03       		.uleb128 0x3
 904 00a1 0E       		.uleb128 0xe
 905 00a2 3A       		.uleb128 0x3a
 906 00a3 0B       		.uleb128 0xb
 907 00a4 3B       		.uleb128 0x3b
 908 00a5 0B       		.uleb128 0xb
 909 00a6 49       		.uleb128 0x49
 910 00a7 13       		.uleb128 0x13
 911 00a8 02       		.uleb128 0x2
 912 00a9 18       		.uleb128 0x18
 913 00aa 00       		.byte	0
 914 00ab 00       		.byte	0
 915 00ac 0E       		.uleb128 0xe
 916 00ad 2E       		.uleb128 0x2e
 917 00ae 01       		.byte	0x1
 918 00af 3F       		.uleb128 0x3f
 919 00b0 19       		.uleb128 0x19
 920 00b1 03       		.uleb128 0x3
 921 00b2 0E       		.uleb128 0xe
 922 00b3 3A       		.uleb128 0x3a
 923 00b4 0B       		.uleb128 0xb
 924 00b5 3B       		.uleb128 0x3b
 925 00b6 0B       		.uleb128 0xb
 926 00b7 27       		.uleb128 0x27
 927 00b8 19       		.uleb128 0x19
 928 00b9 49       		.uleb128 0x49
 929 00ba 13       		.uleb128 0x13
 930 00bb 11       		.uleb128 0x11
 931 00bc 01       		.uleb128 0x1
 932 00bd 12       		.uleb128 0x12
 933 00be 06       		.uleb128 0x6
 934 00bf 40       		.uleb128 0x40
 935 00c0 18       		.uleb128 0x18
 936 00c1 9742     		.uleb128 0x2117
 937 00c3 19       		.uleb128 0x19
 938 00c4 01       		.uleb128 0x1
 939 00c5 13       		.uleb128 0x13
 940 00c6 00       		.byte	0
 941 00c7 00       		.byte	0
 942 00c8 0F       		.uleb128 0xf
 943 00c9 2E       		.uleb128 0x2e
 944 00ca 01       		.byte	0x1
 945 00cb 3F       		.uleb128 0x3f
 946 00cc 19       		.uleb128 0x19
 947 00cd 03       		.uleb128 0x3
 948 00ce 0E       		.uleb128 0xe
 949 00cf 3A       		.uleb128 0x3a
 950 00d0 0B       		.uleb128 0xb
ARM GAS  C:\Users\pxc\AppData\Local\Temp\cc4UEgJR.s 			page 25


 951 00d1 3B       		.uleb128 0x3b
 952 00d2 05       		.uleb128 0x5
 953 00d3 27       		.uleb128 0x27
 954 00d4 19       		.uleb128 0x19
 955 00d5 11       		.uleb128 0x11
 956 00d6 01       		.uleb128 0x1
 957 00d7 12       		.uleb128 0x12
 958 00d8 06       		.uleb128 0x6
 959 00d9 40       		.uleb128 0x40
 960 00da 18       		.uleb128 0x18
 961 00db 9742     		.uleb128 0x2117
 962 00dd 19       		.uleb128 0x19
 963 00de 01       		.uleb128 0x1
 964 00df 13       		.uleb128 0x13
 965 00e0 00       		.byte	0
 966 00e1 00       		.byte	0
 967 00e2 10       		.uleb128 0x10
 968 00e3 05       		.uleb128 0x5
 969 00e4 00       		.byte	0
 970 00e5 03       		.uleb128 0x3
 971 00e6 0E       		.uleb128 0xe
 972 00e7 3A       		.uleb128 0x3a
 973 00e8 0B       		.uleb128 0xb
 974 00e9 3B       		.uleb128 0x3b
 975 00ea 05       		.uleb128 0x5
 976 00eb 49       		.uleb128 0x49
 977 00ec 13       		.uleb128 0x13
 978 00ed 02       		.uleb128 0x2
 979 00ee 17       		.uleb128 0x17
 980 00ef 00       		.byte	0
 981 00f0 00       		.byte	0
 982 00f1 11       		.uleb128 0x11
 983 00f2 2E       		.uleb128 0x2e
 984 00f3 01       		.byte	0x1
 985 00f4 3F       		.uleb128 0x3f
 986 00f5 19       		.uleb128 0x19
 987 00f6 03       		.uleb128 0x3
 988 00f7 0E       		.uleb128 0xe
 989 00f8 3A       		.uleb128 0x3a
 990 00f9 0B       		.uleb128 0xb
 991 00fa 3B       		.uleb128 0x3b
 992 00fb 05       		.uleb128 0x5
 993 00fc 27       		.uleb128 0x27
 994 00fd 19       		.uleb128 0x19
 995 00fe 49       		.uleb128 0x49
 996 00ff 13       		.uleb128 0x13
 997 0100 11       		.uleb128 0x11
 998 0101 01       		.uleb128 0x1
 999 0102 12       		.uleb128 0x12
 1000 0103 06       		.uleb128 0x6
 1001 0104 40       		.uleb128 0x40
 1002 0105 18       		.uleb128 0x18
 1003 0106 9742     		.uleb128 0x2117
 1004 0108 19       		.uleb128 0x19
 1005 0109 01       		.uleb128 0x1
 1006 010a 13       		.uleb128 0x13
 1007 010b 00       		.byte	0
ARM GAS  C:\Users\pxc\AppData\Local\Temp\cc4UEgJR.s 			page 26


 1008 010c 00       		.byte	0
 1009 010d 12       		.uleb128 0x12
 1010 010e 34       		.uleb128 0x34
 1011 010f 00       		.byte	0
 1012 0110 03       		.uleb128 0x3
 1013 0111 0E       		.uleb128 0xe
 1014 0112 3A       		.uleb128 0x3a
 1015 0113 0B       		.uleb128 0xb
 1016 0114 3B       		.uleb128 0x3b
 1017 0115 05       		.uleb128 0x5
 1018 0116 49       		.uleb128 0x49
 1019 0117 13       		.uleb128 0x13
 1020 0118 02       		.uleb128 0x2
 1021 0119 17       		.uleb128 0x17
 1022 011a 00       		.byte	0
 1023 011b 00       		.byte	0
 1024 011c 13       		.uleb128 0x13
 1025 011d 2E       		.uleb128 0x2e
 1026 011e 00       		.byte	0
 1027 011f 3F       		.uleb128 0x3f
 1028 0120 19       		.uleb128 0x19
 1029 0121 03       		.uleb128 0x3
 1030 0122 0E       		.uleb128 0xe
 1031 0123 3A       		.uleb128 0x3a
 1032 0124 0B       		.uleb128 0xb
 1033 0125 3B       		.uleb128 0x3b
 1034 0126 05       		.uleb128 0x5
 1035 0127 27       		.uleb128 0x27
 1036 0128 19       		.uleb128 0x19
 1037 0129 11       		.uleb128 0x11
 1038 012a 01       		.uleb128 0x1
 1039 012b 12       		.uleb128 0x12
 1040 012c 06       		.uleb128 0x6
 1041 012d 40       		.uleb128 0x40
 1042 012e 18       		.uleb128 0x18
 1043 012f 9742     		.uleb128 0x2117
 1044 0131 19       		.uleb128 0x19
 1045 0132 00       		.byte	0
 1046 0133 00       		.byte	0
 1047 0134 14       		.uleb128 0x14
 1048 0135 2E       		.uleb128 0x2e
 1049 0136 00       		.byte	0
 1050 0137 3F       		.uleb128 0x3f
 1051 0138 19       		.uleb128 0x19
 1052 0139 03       		.uleb128 0x3
 1053 013a 0E       		.uleb128 0xe
 1054 013b 3A       		.uleb128 0x3a
 1055 013c 0B       		.uleb128 0xb
 1056 013d 3B       		.uleb128 0x3b
 1057 013e 05       		.uleb128 0x5
 1058 013f 27       		.uleb128 0x27
 1059 0140 19       		.uleb128 0x19
 1060 0141 49       		.uleb128 0x49
 1061 0142 13       		.uleb128 0x13
 1062 0143 11       		.uleb128 0x11
 1063 0144 01       		.uleb128 0x1
 1064 0145 12       		.uleb128 0x12
ARM GAS  C:\Users\pxc\AppData\Local\Temp\cc4UEgJR.s 			page 27


 1065 0146 06       		.uleb128 0x6
 1066 0147 40       		.uleb128 0x40
 1067 0148 18       		.uleb128 0x18
 1068 0149 9742     		.uleb128 0x2117
 1069 014b 19       		.uleb128 0x19
 1070 014c 00       		.byte	0
 1071 014d 00       		.byte	0
 1072 014e 15       		.uleb128 0x15
 1073 014f 898201   		.uleb128 0x4109
 1074 0152 01       		.byte	0x1
 1075 0153 11       		.uleb128 0x11
 1076 0154 01       		.uleb128 0x1
 1077 0155 31       		.uleb128 0x31
 1078 0156 13       		.uleb128 0x13
 1079 0157 01       		.uleb128 0x1
 1080 0158 13       		.uleb128 0x13
 1081 0159 00       		.byte	0
 1082 015a 00       		.byte	0
 1083 015b 16       		.uleb128 0x16
 1084 015c 8A8201   		.uleb128 0x410a
 1085 015f 00       		.byte	0
 1086 0160 02       		.uleb128 0x2
 1087 0161 18       		.uleb128 0x18
 1088 0162 9142     		.uleb128 0x2111
 1089 0164 18       		.uleb128 0x18
 1090 0165 00       		.byte	0
 1091 0166 00       		.byte	0
 1092 0167 17       		.uleb128 0x17
 1093 0168 05       		.uleb128 0x5
 1094 0169 00       		.byte	0
 1095 016a 03       		.uleb128 0x3
 1096 016b 0E       		.uleb128 0xe
 1097 016c 3A       		.uleb128 0x3a
 1098 016d 0B       		.uleb128 0xb
 1099 016e 3B       		.uleb128 0x3b
 1100 016f 0B       		.uleb128 0xb
 1101 0170 49       		.uleb128 0x49
 1102 0171 13       		.uleb128 0x13
 1103 0172 02       		.uleb128 0x2
 1104 0173 17       		.uleb128 0x17
 1105 0174 00       		.byte	0
 1106 0175 00       		.byte	0
 1107 0176 18       		.uleb128 0x18
 1108 0177 2E       		.uleb128 0x2e
 1109 0178 00       		.byte	0
 1110 0179 3F       		.uleb128 0x3f
 1111 017a 19       		.uleb128 0x19
 1112 017b 03       		.uleb128 0x3
 1113 017c 0E       		.uleb128 0xe
 1114 017d 3A       		.uleb128 0x3a
 1115 017e 0B       		.uleb128 0xb
 1116 017f 3B       		.uleb128 0x3b
 1117 0180 0B       		.uleb128 0xb
 1118 0181 27       		.uleb128 0x27
 1119 0182 19       		.uleb128 0x19
 1120 0183 49       		.uleb128 0x49
 1121 0184 13       		.uleb128 0x13
ARM GAS  C:\Users\pxc\AppData\Local\Temp\cc4UEgJR.s 			page 28


 1122 0185 3C       		.uleb128 0x3c
 1123 0186 19       		.uleb128 0x19
 1124 0187 00       		.byte	0
 1125 0188 00       		.byte	0
 1126 0189 19       		.uleb128 0x19
 1127 018a 2E       		.uleb128 0x2e
 1128 018b 01       		.byte	0x1
 1129 018c 3F       		.uleb128 0x3f
 1130 018d 19       		.uleb128 0x19
 1131 018e 03       		.uleb128 0x3
 1132 018f 0E       		.uleb128 0xe
 1133 0190 3A       		.uleb128 0x3a
 1134 0191 0B       		.uleb128 0xb
 1135 0192 3B       		.uleb128 0x3b
 1136 0193 0B       		.uleb128 0xb
 1137 0194 27       		.uleb128 0x27
 1138 0195 19       		.uleb128 0x19
 1139 0196 3C       		.uleb128 0x3c
 1140 0197 19       		.uleb128 0x19
 1141 0198 00       		.byte	0
 1142 0199 00       		.byte	0
 1143 019a 1A       		.uleb128 0x1a
 1144 019b 05       		.uleb128 0x5
 1145 019c 00       		.byte	0
 1146 019d 49       		.uleb128 0x49
 1147 019e 13       		.uleb128 0x13
 1148 019f 00       		.byte	0
 1149 01a0 00       		.byte	0
 1150 01a1 00       		.byte	0
 1151              		.section	.debug_loc,"",%progbits
 1152              	.Ldebug_loc0:
 1153              	.LLST0:
 1154 0000 06000000 		.4byte	.LVL0
 1155 0004 09000000 		.4byte	.LVL1-1
 1156 0008 0100     		.2byte	0x1
 1157 000a 50       		.byte	0x50
 1158 000b 00000000 		.4byte	0
 1159 000f 00000000 		.4byte	0
 1160              	.LLST1:
 1161 0013 00000000 		.4byte	.LVL5
 1162 0017 02000000 		.4byte	.LVL6
 1163 001b 0100     		.2byte	0x1
 1164 001d 50       		.byte	0x50
 1165 001e 02000000 		.4byte	.LVL6
 1166 0022 10000000 		.4byte	.LFE6
 1167 0026 0400     		.2byte	0x4
 1168 0028 F3       		.byte	0xf3
 1169 0029 01       		.uleb128 0x1
 1170 002a 50       		.byte	0x50
 1171 002b 9F       		.byte	0x9f
 1172 002c 00000000 		.4byte	0
 1173 0030 00000000 		.4byte	0
 1174              	.LLST2:
 1175 0034 04000000 		.4byte	.LVL7
 1176 0038 06000000 		.4byte	.LVL8
 1177 003c 0500     		.2byte	0x5
 1178 003e 70       		.byte	0x70
ARM GAS  C:\Users\pxc\AppData\Local\Temp\cc4UEgJR.s 			page 29


 1179 003f 00       		.sleb128 0
 1180 0040 35       		.byte	0x35
 1181 0041 25       		.byte	0x25
 1182 0042 9F       		.byte	0x9f
 1183 0043 00000000 		.4byte	0
 1184 0047 00000000 		.4byte	0
 1185              	.LLST3:
 1186 004b 00000000 		.4byte	.LVL13
 1187 004f 07000000 		.4byte	.LVL14-1
 1188 0053 0100     		.2byte	0x1
 1189 0055 50       		.byte	0x50
 1190 0056 07000000 		.4byte	.LVL14-1
 1191 005a 1A000000 		.4byte	.LFE1
 1192 005e 0100     		.2byte	0x1
 1193 0060 54       		.byte	0x54
 1194 0061 00000000 		.4byte	0
 1195 0065 00000000 		.4byte	0
 1196              		.section	.debug_aranges,"",%progbits
 1197 0000 7C000000 		.4byte	0x7c
 1198 0004 0200     		.2byte	0x2
 1199 0006 00000000 		.4byte	.Ldebug_info0
 1200 000a 04       		.byte	0x4
 1201 000b 00       		.byte	0
 1202 000c 0000     		.2byte	0
 1203 000e 0000     		.2byte	0
 1204 0010 00000000 		.4byte	.LFB3
 1205 0014 0C000000 		.4byte	.LFE3-.LFB3
 1206 0018 00000000 		.4byte	.LFB4
 1207 001c 0C000000 		.4byte	.LFE4-.LFB4
 1208 0020 00000000 		.4byte	.LFB5
 1209 0024 0C000000 		.4byte	.LFE5-.LFB5
 1210 0028 00000000 		.4byte	.LFB6
 1211 002c 10000000 		.4byte	.LFE6-.LFB6
 1212 0030 00000000 		.4byte	.LFB7
 1213 0034 0C000000 		.4byte	.LFE7-.LFB7
 1214 0038 00000000 		.4byte	.LFB8
 1215 003c 0C000000 		.4byte	.LFE8-.LFB8
 1216 0040 00000000 		.4byte	.LFB9
 1217 0044 10000000 		.4byte	.LFE9-.LFB9
 1218 0048 00000000 		.4byte	.LFB10
 1219 004c 0C000000 		.4byte	.LFE10-.LFB10
 1220 0050 00000000 		.4byte	.LFB0
 1221 0054 1C000000 		.4byte	.LFE0-.LFB0
 1222 0058 00000000 		.4byte	.LFB1
 1223 005c 1A000000 		.4byte	.LFE1-.LFB1
 1224 0060 00000000 		.4byte	.LFB2
 1225 0064 14000000 		.4byte	.LFE2-.LFB2
 1226 0068 00000000 		.4byte	.LFB11
 1227 006c 0C000000 		.4byte	.LFE11-.LFB11
 1228 0070 00000000 		.4byte	.LFB12
 1229 0074 0C000000 		.4byte	.LFE12-.LFB12
 1230 0078 00000000 		.4byte	0
 1231 007c 00000000 		.4byte	0
 1232              		.section	.debug_ranges,"",%progbits
 1233              	.Ldebug_ranges0:
 1234 0000 00000000 		.4byte	.LFB3
 1235 0004 0C000000 		.4byte	.LFE3
ARM GAS  C:\Users\pxc\AppData\Local\Temp\cc4UEgJR.s 			page 30


 1236 0008 00000000 		.4byte	.LFB4
 1237 000c 0C000000 		.4byte	.LFE4
 1238 0010 00000000 		.4byte	.LFB5
 1239 0014 0C000000 		.4byte	.LFE5
 1240 0018 00000000 		.4byte	.LFB6
 1241 001c 10000000 		.4byte	.LFE6
 1242 0020 00000000 		.4byte	.LFB7
 1243 0024 0C000000 		.4byte	.LFE7
 1244 0028 00000000 		.4byte	.LFB8
 1245 002c 0C000000 		.4byte	.LFE8
 1246 0030 00000000 		.4byte	.LFB9
 1247 0034 10000000 		.4byte	.LFE9
 1248 0038 00000000 		.4byte	.LFB10
 1249 003c 0C000000 		.4byte	.LFE10
 1250 0040 00000000 		.4byte	.LFB0
 1251 0044 1C000000 		.4byte	.LFE0
 1252 0048 00000000 		.4byte	.LFB1
 1253 004c 1A000000 		.4byte	.LFE1
 1254 0050 00000000 		.4byte	.LFB2
 1255 0054 14000000 		.4byte	.LFE2
 1256 0058 00000000 		.4byte	.LFB11
 1257 005c 0C000000 		.4byte	.LFE11
 1258 0060 00000000 		.4byte	.LFB12
 1259 0064 0C000000 		.4byte	.LFE12
 1260 0068 00000000 		.4byte	0
 1261 006c 00000000 		.4byte	0
 1262              		.section	.debug_line,"",%progbits
 1263              	.Ldebug_line0:
 1264 0000 5C010000 		.section	.debug_str,"MS",%progbits,1
 1264      02006E00 
 1264      00000201 
 1264      FB0E0D00 
 1264      01010101 
 1265              	.LASF16:
 1266 0000 72656733 		.ascii	"reg32\000"
 1266      3200
 1267              	.LASF26:
 1268 0006 6973725F 		.ascii	"isr_rx_net_GetPriority\000"
 1268      72785F6E 
 1268      65745F47 
 1268      65745072 
 1268      696F7269 
 1269              	.LASF37:
 1270 001d 6973725F 		.ascii	"isr_rx_net_GetState\000"
 1270      72785F6E 
 1270      65745F47 
 1270      65745374 
 1270      61746500 
 1271              	.LASF4:
 1272 0031 73686F72 		.ascii	"short unsigned int\000"
 1272      7420756E 
 1272      7369676E 
 1272      65642069 
 1272      6E7400
 1273              	.LASF38:
 1274 0044 55415254 		.ascii	"UART_net_GetChar\000"
 1274      5F6E6574 
ARM GAS  C:\Users\pxc\AppData\Local\Temp\cc4UEgJR.s 			page 31


 1274      5F476574 
 1274      43686172 
 1274      00
 1275              	.LASF25:
 1276 0055 6973725F 		.ascii	"isr_rx_net_GetVector\000"
 1276      72785F6E 
 1276      65745F47 
 1276      65745665 
 1276      63746F72 
 1277              	.LASF13:
 1278 006a 666C6F61 		.ascii	"float\000"
 1278      7400
 1279              	.LASF20:
 1280 0070 64617461 		.ascii	"data\000"
 1280      00
 1281              	.LASF29:
 1282 0075 6973725F 		.ascii	"isr_rx_net_Start\000"
 1282      72785F6E 
 1282      65745F53 
 1282      74617274 
 1282      00
 1283              	.LASF33:
 1284 0086 6973725F 		.ascii	"isr_rx_net_ClearPending\000"
 1284      72785F6E 
 1284      65745F43 
 1284      6C656172 
 1284      50656E64 
 1285              	.LASF2:
 1286 009e 756E7369 		.ascii	"unsigned char\000"
 1286      676E6564 
 1286      20636861 
 1286      7200
 1287              	.LASF31:
 1288 00ac 6973725F 		.ascii	"isr_rx_net_Stop\000"
 1288      72785F6E 
 1288      65745F53 
 1288      746F7000 
 1289              	.LASF15:
 1290 00bc 72656738 		.ascii	"reg8\000"
 1290      00
 1291              	.LASF6:
 1292 00c1 6C6F6E67 		.ascii	"long unsigned int\000"
 1292      20756E73 
 1292      69676E65 
 1292      6420696E 
 1292      7400
 1293              	.LASF11:
 1294 00d3 75696E74 		.ascii	"uint8\000"
 1294      3800
 1295              	.LASF22:
 1296 00d9 6973725F 		.ascii	"isr_rx_net_SetPriority\000"
 1296      72785F6E 
 1296      65745F53 
 1296      65745072 
 1296      696F7269 
 1297              	.LASF24:
 1298 00f0 7072696F 		.ascii	"priority\000"
ARM GAS  C:\Users\pxc\AppData\Local\Temp\cc4UEgJR.s 			page 32


 1298      72697479 
 1298      00
 1299              	.LASF14:
 1300 00f9 646F7562 		.ascii	"double\000"
 1300      6C6500
 1301              	.LASF12:
 1302 0100 75696E74 		.ascii	"uint32\000"
 1302      333200
 1303              	.LASF34:
 1304 0107 474E5520 		.ascii	"GNU C 4.9.3 20150303 (release) [ARM/embedded-4_9-br"
 1304      4320342E 
 1304      392E3320 
 1304      32303135 
 1304      30333033 
 1305 013a 616E6368 		.ascii	"anch revision 221220] -mcpu=cortex-m3 -mthumb -g -O"
 1305      20726576 
 1305      6973696F 
 1305      6E203232 
 1305      31323230 
 1306 016d 67202D66 		.ascii	"g -ffunction-sections -ffat-lto-objects\000"
 1306      66756E63 
 1306      74696F6E 
 1306      2D736563 
 1306      74696F6E 
 1307              	.LASF27:
 1308 0195 6973725F 		.ascii	"isr_rx_net_Enable\000"
 1308      72785F6E 
 1308      65745F45 
 1308      6E61626C 
 1308      6500
 1309              	.LASF0:
 1310 01a7 756E7369 		.ascii	"unsigned int\000"
 1310      676E6564 
 1310      20696E74 
 1310      00
 1311              	.LASF23:
 1312 01b4 61646472 		.ascii	"address\000"
 1312      65737300 
 1313              	.LASF8:
 1314 01bc 6C6F6E67 		.ascii	"long long unsigned int\000"
 1314      206C6F6E 
 1314      6720756E 
 1314      7369676E 
 1314      65642069 
 1315              	.LASF36:
 1316 01d3 443A5C72 		.ascii	"D:\\robot\\code\\robot_T\\Workspace01\\T_senser.cyd"
 1316      6F626F74 
 1316      5C636F64 
 1316      655C726F 
 1316      626F745F 
 1317 0201 736E00   		.ascii	"sn\000"
 1318              	.LASF30:
 1319 0204 6973725F 		.ascii	"isr_rx_net_StartEx\000"
 1319      72785F6E 
 1319      65745F53 
 1319      74617274 
 1319      457800
ARM GAS  C:\Users\pxc\AppData\Local\Temp\cc4UEgJR.s 			page 33


 1320              	.LASF17:
 1321 0217 63796973 		.ascii	"cyisraddress\000"
 1321      72616464 
 1321      72657373 
 1321      00
 1322              	.LASF9:
 1323 0224 73697A65 		.ascii	"sizetype\000"
 1323      74797065 
 1323      00
 1324              	.LASF7:
 1325 022d 6C6F6E67 		.ascii	"long long int\000"
 1325      206C6F6E 
 1325      6720696E 
 1325      7400
 1326              	.LASF32:
 1327 023b 6973725F 		.ascii	"isr_rx_net_SetPending\000"
 1327      72785F6E 
 1327      65745F53 
 1327      65745065 
 1327      6E64696E 
 1328              	.LASF10:
 1329 0251 63686172 		.ascii	"char\000"
 1329      00
 1330              	.LASF21:
 1331 0256 72616D56 		.ascii	"ramVectorTable\000"
 1331      6563746F 
 1331      72546162 
 1331      6C6500
 1332              	.LASF3:
 1333 0265 73686F72 		.ascii	"short int\000"
 1333      7420696E 
 1333      7400
 1334              	.LASF18:
 1335 026f 6973725F 		.ascii	"isr_rx_net_Interrupt\000"
 1335      72785F6E 
 1335      65745F49 
 1335      6E746572 
 1335      72757074 
 1336              	.LASF35:
 1337 0284 2E5C4765 		.ascii	".\\Generated_Source\\PSoC5\\isr_rx_net.c\000"
 1337      6E657261 
 1337      7465645F 
 1337      536F7572 
 1337      63655C50 
 1338              	.LASF5:
 1339 02aa 6C6F6E67 		.ascii	"long int\000"
 1339      20696E74 
 1339      00
 1340              	.LASF19:
 1341 02b3 6973725F 		.ascii	"isr_rx_net_SetVector\000"
 1341      72785F6E 
 1341      65745F53 
 1341      65745665 
 1341      63746F72 
 1342              	.LASF28:
 1343 02c8 6973725F 		.ascii	"isr_rx_net_Disable\000"
 1343      72785F6E 
ARM GAS  C:\Users\pxc\AppData\Local\Temp\cc4UEgJR.s 			page 34


 1343      65745F44 
 1343      69736162 
 1343      6C6500
 1344              	.LASF1:
 1345 02db 7369676E 		.ascii	"signed char\000"
 1345      65642063 
 1345      68617200 
 1346              	.LASF39:
 1347 02e7 55415254 		.ascii	"UART_net_PutChar\000"
 1347      5F6E6574 
 1347      5F507574 
 1347      43686172 
 1347      00
 1348              		.ident	"GCC: (GNU Tools for ARM Embedded Processors) 4.9.3 20150303 (release) [ARM/embedded-4_9-br
