Archive member included because of file (symbol)

.\CortexM3\ARM_GCC_493\Debug\T_senser.a(cyfitter_cfg.o)
                              .\CortexM3\ARM_GCC_493\Debug\Cm3Start.o (cyfitter_cfg)
.\CortexM3\ARM_GCC_493\Debug\T_senser.a(CyBootAsmGnu.o)
                              .\CortexM3\ARM_GCC_493\Debug\T_senser.a(cyfitter_cfg.o) (CyDelayCycles)
.\CortexM3\ARM_GCC_493\Debug\T_senser.a(CyLib.o)
                              .\CortexM3\ARM_GCC_493\Debug\Cm3Start.o (CyHalt)
.\CortexM3\ARM_GCC_493\Debug\T_senser.a(cyPm.o)
                              .\CortexM3\ARM_GCC_493\Debug\T_senser.a(CyLib.o) (CyPmReadStatus)
.\CortexM3\ARM_GCC_493\Debug\T_senser.a(SDL.o)
                              .\CortexM3\ARM_GCC_493\Debug\i2c_core.o (SDL_Write)
.\CortexM3\ARM_GCC_493\Debug\T_senser.a(SCL.o)
                              .\CortexM3\ARM_GCC_493\Debug\i2c_core.o (SCL_Write)
.\CortexM3\ARM_GCC_493\Debug\T_senser.a(UART_net.o)
                              .\CortexM3\ARM_GCC_493\Debug\main.o (UART_net_Init)
.\CortexM3\ARM_GCC_493\Debug\T_senser.a(isr_rx_net.o)
                              .\CortexM3\ARM_GCC_493\Debug\main.o (isr_rx_net_Start)
.\CortexM3\ARM_GCC_493\Debug\T_senser.a(UART_net_IntClock.o)
                              .\CortexM3\ARM_GCC_493\Debug\T_senser.a(UART_net.o) (UART_net_IntClock_Start)
.\CortexM3\ARM_GCC_493\Debug\T_senser.a(CyFlash.o)
                              .\CortexM3\ARM_GCC_493\Debug\T_senser.a(cyPm.o) (CyFlash_SetWaitCycles)
.\CortexM3\ARM_GCC_493\Debug\T_senser.a(CySpc.o)
                              .\CortexM3\ARM_GCC_493\Debug\T_senser.a(CyFlash.o) (CySpcStart)
c:/program files (x86)/cypress/psoc creator/3.3/psoc creator/import/gnu/arm/4.9.3/bin/../lib/gcc/arm-none-eabi/4.9.3/../../../../arm-none-eabi/lib/armv7-m\libg_nano.a(lib_a-errno.o)
                              .\CortexM3\ARM_GCC_493\Debug\Cm3Start.o (__errno)
c:/program files (x86)/cypress/psoc creator/3.3/psoc creator/import/gnu/arm/4.9.3/bin/../lib/gcc/arm-none-eabi/4.9.3/../../../../arm-none-eabi/lib/armv7-m\libg_nano.a(lib_a-exit.o)
                              c:/program files (x86)/cypress/psoc creator/3.3/psoc creator/import/gnu/arm/4.9.3/bin/../lib/gcc/arm-none-eabi/4.9.3/../../../../arm-none-eabi/lib/armv7-m/crt0.o (exit)
c:/program files (x86)/cypress/psoc creator/3.3/psoc creator/import/gnu/arm/4.9.3/bin/../lib/gcc/arm-none-eabi/4.9.3/../../../../arm-none-eabi/lib/armv7-m\libg_nano.a(lib_a-impure.o)
                              c:/program files (x86)/cypress/psoc creator/3.3/psoc creator/import/gnu/arm/4.9.3/bin/../lib/gcc/arm-none-eabi/4.9.3/../../../../arm-none-eabi/lib/armv7-m\libg_nano.a(lib_a-exit.o) (_global_impure_ptr)
c:/program files (x86)/cypress/psoc creator/3.3/psoc creator/import/gnu/arm/4.9.3/bin/../lib/gcc/arm-none-eabi/4.9.3/../../../../arm-none-eabi/lib/armv7-m\libg_nano.a(lib_a-init.o)
                              c:/program files (x86)/cypress/psoc creator/3.3/psoc creator/import/gnu/arm/4.9.3/bin/../lib/gcc/arm-none-eabi/4.9.3/../../../../arm-none-eabi/lib/armv7-m/crt0.o (__libc_init_array)
c:/program files (x86)/cypress/psoc creator/3.3/psoc creator/import/gnu/arm/4.9.3/bin/../lib/gcc/arm-none-eabi/4.9.3/../../../../arm-none-eabi/lib/armv7-m\libg_nano.a(lib_a-memcpy.o)
                              .\CortexM3\ARM_GCC_493\Debug\T_senser.a(cyfitter_cfg.o) (memcpy)
c:/program files (x86)/cypress/psoc creator/3.3/psoc creator/import/gnu/arm/4.9.3/bin/../lib/gcc/arm-none-eabi/4.9.3/../../../../arm-none-eabi/lib/armv7-m\libg_nano.a(lib_a-memset.o)
                              c:/program files (x86)/cypress/psoc creator/3.3/psoc creator/import/gnu/arm/4.9.3/bin/../lib/gcc/arm-none-eabi/4.9.3/../../../../arm-none-eabi/lib/armv7-m/crt0.o (memset)

Allocating common symbols
Common symbol       size              file

T2                  0x2               .\CortexM3\ARM_GCC_493\Debug\main.o
data_to_send        0x32              .\CortexM3\ARM_GCC_493\Debug\main.o
T4                  0x2               .\CortexM3\ARM_GCC_493\Debug\main.o
T5                  0x2               .\CortexM3\ARM_GCC_493\Debug\main.o
id_1                0x1               .\CortexM3\ARM_GCC_493\Debug\main.o
T3                  0x2               .\CortexM3\ARM_GCC_493\Debug\main.o
T7                  0x2               .\CortexM3\ARM_GCC_493\Debug\main.o
T1                  0x2               .\CortexM3\ARM_GCC_493\Debug\main.o
T6                  0x2               .\CortexM3\ARM_GCC_493\Debug\main.o
dieTemperature      0x2               .\CortexM3\ARM_GCC_493\Debug\T_senser.a(CyFlash.o)
T8                  0x2               .\CortexM3\ARM_GCC_493\Debug\main.o
T_temp              0xd               .\CortexM3\ARM_GCC_493\Debug\main.o

Discarded input sections

 .text          0x00000000        0x0 c:/program files (x86)/cypress/psoc creator/3.3/psoc creator/import/gnu/arm/4.9.3/bin/../lib/gcc/arm-none-eabi/4.9.3/armv7-m/crti.o
 .data          0x00000000        0x0 c:/program files (x86)/cypress/psoc creator/3.3/psoc creator/import/gnu/arm/4.9.3/bin/../lib/gcc/arm-none-eabi/4.9.3/armv7-m/crti.o
 .bss           0x00000000        0x0 c:/program files (x86)/cypress/psoc creator/3.3/psoc creator/import/gnu/arm/4.9.3/bin/../lib/gcc/arm-none-eabi/4.9.3/armv7-m/crti.o
 .data          0x00000000        0x4 c:/program files (x86)/cypress/psoc creator/3.3/psoc creator/import/gnu/arm/4.9.3/bin/../lib/gcc/arm-none-eabi/4.9.3/armv7-m/crtbegin.o
 .text          0x00000000       0x74 c:/program files (x86)/cypress/psoc creator/3.3/psoc creator/import/gnu/arm/4.9.3/bin/../lib/gcc/arm-none-eabi/4.9.3/../../../../arm-none-eabi/lib/armv7-m/crt0.o
 .data          0x00000000        0x0 c:/program files (x86)/cypress/psoc creator/3.3/psoc creator/import/gnu/arm/4.9.3/bin/../lib/gcc/arm-none-eabi/4.9.3/../../../../arm-none-eabi/lib/armv7-m/crt0.o
 .bss           0x00000000        0x0 c:/program files (x86)/cypress/psoc creator/3.3/psoc creator/import/gnu/arm/4.9.3/bin/../lib/gcc/arm-none-eabi/4.9.3/../../../../arm-none-eabi/lib/armv7-m/crt0.o
 .ARM.extab     0x00000000        0x0 c:/program files (x86)/cypress/psoc creator/3.3/psoc creator/import/gnu/arm/4.9.3/bin/../lib/gcc/arm-none-eabi/4.9.3/../../../../arm-none-eabi/lib/armv7-m/crt0.o
 .ARM.exidx     0x00000000        0x8 c:/program files (x86)/cypress/psoc creator/3.3/psoc creator/import/gnu/arm/4.9.3/bin/../lib/gcc/arm-none-eabi/4.9.3/../../../../arm-none-eabi/lib/armv7-m/crt0.o
 .text          0x00000000        0x0 .\CortexM3\ARM_GCC_493\Debug\main.o
 .data          0x00000000        0x8 .\CortexM3\ARM_GCC_493\Debug\main.o
 .text          0x00000000        0x0 .\CortexM3\ARM_GCC_493\Debug\i2c_core.o
 .data          0x00000000       0x10 .\CortexM3\ARM_GCC_493\Debug\i2c_core.o
 .bss           0x00000000        0x0 .\CortexM3\ARM_GCC_493\Debug\i2c_core.o
 .text.SMbus_GetCrc8
                0x00000000       0x20 .\CortexM3\ARM_GCC_493\Debug\i2c_core.o
 .text.I2C_Write
                0x00000000       0x98 .\CortexM3\ARM_GCC_493\Debug\i2c_core.o
 .text          0x00000000        0x0 .\CortexM3\ARM_GCC_493\Debug\MLX90614.o
 .data          0x00000000        0x0 .\CortexM3\ARM_GCC_493\Debug\MLX90614.o
 .bss           0x00000000        0x0 .\CortexM3\ARM_GCC_493\Debug\MLX90614.o
 .text.mlx90614_read_in
                0x00000000       0x34 .\CortexM3\ARM_GCC_493\Debug\MLX90614.o
 .text          0x00000000        0x0 .\CortexM3\ARM_GCC_493\Debug\cymetadata.o
 .data          0x00000000        0x0 .\CortexM3\ARM_GCC_493\Debug\cymetadata.o
 .bss           0x00000000        0x0 .\CortexM3\ARM_GCC_493\Debug\cymetadata.o
 .text          0x00000000        0x0 .\CortexM3\ARM_GCC_493\Debug\Cm3Start.o
 .data          0x00000000        0x4 .\CortexM3\ARM_GCC_493\Debug\Cm3Start.o
 .bss           0x00000000        0x0 .\CortexM3\ARM_GCC_493\Debug\Cm3Start.o
 .text._exit    0x00000000        0xc .\CortexM3\ARM_GCC_493\Debug\Cm3Start.o
 .text._sbrk    0x00000000       0x30 .\CortexM3\ARM_GCC_493\Debug\Cm3Start.o
 .text          0x00000000        0x0 .\CortexM3\ARM_GCC_493\Debug\T_senser.a(cyfitter_cfg.o)
 .data          0x00000000        0x0 .\CortexM3\ARM_GCC_493\Debug\T_senser.a(cyfitter_cfg.o)
 .bss           0x00000000        0x0 .\CortexM3\ARM_GCC_493\Debug\T_senser.a(cyfitter_cfg.o)
 .text.SetAnalogRoutingPumps
                0x00000000       0x10 .\CortexM3\ARM_GCC_493\Debug\T_senser.a(cyfitter_cfg.o)
 .data          0x00000000        0x0 .\CortexM3\ARM_GCC_493\Debug\T_senser.a(CyBootAsmGnu.o)
 .bss           0x00000000        0x0 .\CortexM3\ARM_GCC_493\Debug\T_senser.a(CyBootAsmGnu.o)
 .text          0x00000000        0x0 .\CortexM3\ARM_GCC_493\Debug\T_senser.a(CyLib.o)
 .bss           0x00000000       0x1c .\CortexM3\ARM_GCC_493\Debug\T_senser.a(CyLib.o)
 .text.CyUSB_PowerOnCheck
                0x00000000       0x48 .\CortexM3\ARM_GCC_493\Debug\T_senser.a(CyLib.o)
 .text.CyBusClk_Internal_SetDivider
                0x00000000       0x48 .\CortexM3\ARM_GCC_493\Debug\T_senser.a(CyLib.o)
 .text.CyPLL_OUT_Stop
                0x00000000       0x10 .\CortexM3\ARM_GCC_493\Debug\T_senser.a(CyLib.o)
 .text.CyIMO_Stop
                0x00000000       0x1c .\CortexM3\ARM_GCC_493\Debug\T_senser.a(CyLib.o)
 .text.CyIMO_EnableDoubler
                0x00000000       0x10 .\CortexM3\ARM_GCC_493\Debug\T_senser.a(CyLib.o)
 .text.CyIMO_DisableDoubler
                0x00000000       0x10 .\CortexM3\ARM_GCC_493\Debug\T_senser.a(CyLib.o)
 .text.CyMasterClk_SetSource
                0x00000000       0x18 .\CortexM3\ARM_GCC_493\Debug\T_senser.a(CyLib.o)
 .text.CyMasterClk_SetDivider
                0x00000000        0xc .\CortexM3\ARM_GCC_493\Debug\T_senser.a(CyLib.o)
 .text.CyBusClk_SetDivider
                0x00000000       0x70 .\CortexM3\ARM_GCC_493\Debug\T_senser.a(CyLib.o)
 .text.CyUsbClk_SetSource
                0x00000000       0x18 .\CortexM3\ARM_GCC_493\Debug\T_senser.a(CyLib.o)
 .text.CyILO_Start1K
                0x00000000       0x10 .\CortexM3\ARM_GCC_493\Debug\T_senser.a(CyLib.o)
 .text.CyILO_Stop1K
                0x00000000       0x10 .\CortexM3\ARM_GCC_493\Debug\T_senser.a(CyLib.o)
 .text.CyILO_Start100K
                0x00000000       0x10 .\CortexM3\ARM_GCC_493\Debug\T_senser.a(CyLib.o)
 .text.CyILO_Stop100K
                0x00000000       0x10 .\CortexM3\ARM_GCC_493\Debug\T_senser.a(CyLib.o)
 .text.CyPLL_OUT_Start
                0x00000000       0x78 .\CortexM3\ARM_GCC_493\Debug\T_senser.a(CyLib.o)
 .text.CyIMO_Start
                0x00000000       0x60 .\CortexM3\ARM_GCC_493\Debug\T_senser.a(CyLib.o)
 .text.CyILO_Enable33K
                0x00000000       0x10 .\CortexM3\ARM_GCC_493\Debug\T_senser.a(CyLib.o)
 .text.CyILO_Disable33K
                0x00000000       0x10 .\CortexM3\ARM_GCC_493\Debug\T_senser.a(CyLib.o)
 .text.CyILO_SetSource
                0x00000000       0x18 .\CortexM3\ARM_GCC_493\Debug\T_senser.a(CyLib.o)
 .text.CyILO_SetPowerMode
                0x00000000       0x24 .\CortexM3\ARM_GCC_493\Debug\T_senser.a(CyLib.o)
 .text.CyXTAL_32KHZ_Stop
                0x00000000       0x30 .\CortexM3\ARM_GCC_493\Debug\T_senser.a(CyLib.o)
 .text.CyXTAL_32KHZ_ReadStatus
                0x00000000       0x10 .\CortexM3\ARM_GCC_493\Debug\T_senser.a(CyLib.o)
 .text.CyXTAL_Start
                0x00000000       0xac .\CortexM3\ARM_GCC_493\Debug\T_senser.a(CyLib.o)
 .text.CyXTAL_Stop
                0x00000000       0x10 .\CortexM3\ARM_GCC_493\Debug\T_senser.a(CyLib.o)
 .text.CyXTAL_EnableErrStatus
                0x00000000       0x10 .\CortexM3\ARM_GCC_493\Debug\T_senser.a(CyLib.o)
 .text.CyXTAL_DisableErrStatus
                0x00000000       0x10 .\CortexM3\ARM_GCC_493\Debug\T_senser.a(CyLib.o)
 .text.CyXTAL_ReadStatus
                0x00000000       0x18 .\CortexM3\ARM_GCC_493\Debug\T_senser.a(CyLib.o)
 .text.CyXTAL_EnableFaultRecovery
                0x00000000       0x10 .\CortexM3\ARM_GCC_493\Debug\T_senser.a(CyLib.o)
 .text.CyXTAL_DisableFaultRecovery
                0x00000000       0x10 .\CortexM3\ARM_GCC_493\Debug\T_senser.a(CyLib.o)
 .text.CyXTAL_SetStartup
                0x00000000       0x18 .\CortexM3\ARM_GCC_493\Debug\T_senser.a(CyLib.o)
 .text.CyXTAL_SetFbVoltage
                0x00000000       0x18 .\CortexM3\ARM_GCC_493\Debug\T_senser.a(CyLib.o)
 .text.CyXTAL_SetWdVoltage
                0x00000000       0x18 .\CortexM3\ARM_GCC_493\Debug\T_senser.a(CyLib.o)
 .text.CyHalt   0x00000000        0x4 .\CortexM3\ARM_GCC_493\Debug\T_senser.a(CyLib.o)
 .text.CyPLL_OUT_SetPQ
                0x00000000       0x60 .\CortexM3\ARM_GCC_493\Debug\T_senser.a(CyLib.o)
 .text.CyPLL_OUT_SetSource
                0x00000000       0x34 .\CortexM3\ARM_GCC_493\Debug\T_senser.a(CyLib.o)
 .text.CyIMO_SetTrimValue
                0x00000000       0xcc .\CortexM3\ARM_GCC_493\Debug\T_senser.a(CyLib.o)
 .text.CyIMO_SetFreq
                0x00000000       0xf4 .\CortexM3\ARM_GCC_493\Debug\T_senser.a(CyLib.o)
 .text.CyIMO_SetSource
                0x00000000       0x58 .\CortexM3\ARM_GCC_493\Debug\T_senser.a(CyLib.o)
 .text.CySoftwareReset
                0x00000000       0x10 .\CortexM3\ARM_GCC_493\Debug\T_senser.a(CyLib.o)
 .text.CyDelayUs
                0x00000000       0x14 .\CortexM3\ARM_GCC_493\Debug\T_senser.a(CyLib.o)
 .text.CyXTAL_32KHZ_SetPowerMode
                0x00000000       0x84 .\CortexM3\ARM_GCC_493\Debug\T_senser.a(CyLib.o)
 .text.CyXTAL_32KHZ_Start
                0x00000000       0x70 .\CortexM3\ARM_GCC_493\Debug\T_senser.a(CyLib.o)
 .text.CyDelayFreq
                0x00000000       0x4c .\CortexM3\ARM_GCC_493\Debug\T_senser.a(CyLib.o)
 .text.CyWdtStart
                0x00000000       0x40 .\CortexM3\ARM_GCC_493\Debug\T_senser.a(CyLib.o)
 .text.CyWdtClear
                0x00000000        0xc .\CortexM3\ARM_GCC_493\Debug\T_senser.a(CyLib.o)
 .text.CyVdStickyStatus
                0x00000000       0x2c .\CortexM3\ARM_GCC_493\Debug\T_senser.a(CyLib.o)
 .text.CyVdLvDigitEnable
                0x00000000       0x84 .\CortexM3\ARM_GCC_493\Debug\T_senser.a(CyLib.o)
 .text.CyVdLvAnalogEnable
                0x00000000       0x80 .\CortexM3\ARM_GCC_493\Debug\T_senser.a(CyLib.o)
 .text.CyVdLvDigitDisable
                0x00000000       0x30 .\CortexM3\ARM_GCC_493\Debug\T_senser.a(CyLib.o)
 .text.CyVdLvAnalogDisable
                0x00000000       0x28 .\CortexM3\ARM_GCC_493\Debug\T_senser.a(CyLib.o)
 .text.CyVdHvAnalogEnable
                0x00000000       0x54 .\CortexM3\ARM_GCC_493\Debug\T_senser.a(CyLib.o)
 .text.CyVdHvAnalogDisable
                0x00000000       0x20 .\CortexM3\ARM_GCC_493\Debug\T_senser.a(CyLib.o)
 .text.CyVdRealTimeStatus
                0x00000000       0x1c .\CortexM3\ARM_GCC_493\Debug\T_senser.a(CyLib.o)
 .text.CyDisableInts
                0x00000000       0x1c .\CortexM3\ARM_GCC_493\Debug\T_senser.a(CyLib.o)
 .text.CyEnableInts
                0x00000000       0x18 .\CortexM3\ARM_GCC_493\Debug\T_senser.a(CyLib.o)
 .text.CyFlushCache
                0x00000000       0x44 .\CortexM3\ARM_GCC_493\Debug\T_senser.a(CyLib.o)
 .text.CyIntSetSysVector
                0x00000000       0x28 .\CortexM3\ARM_GCC_493\Debug\T_senser.a(CyLib.o)
 .text.CyIntGetSysVector
                0x00000000       0x20 .\CortexM3\ARM_GCC_493\Debug\T_senser.a(CyLib.o)
 .text.CyIntSetVector
                0x00000000       0x28 .\CortexM3\ARM_GCC_493\Debug\T_senser.a(CyLib.o)
 .text.CyIntGetVector
                0x00000000       0x24 .\CortexM3\ARM_GCC_493\Debug\T_senser.a(CyLib.o)
 .text.CyIntSetPriority
                0x00000000       0x30 .\CortexM3\ARM_GCC_493\Debug\T_senser.a(CyLib.o)
 .text.CyIntGetPriority
                0x00000000       0x20 .\CortexM3\ARM_GCC_493\Debug\T_senser.a(CyLib.o)
 .text.CyIntGetState
                0x00000000       0x24 .\CortexM3\ARM_GCC_493\Debug\T_senser.a(CyLib.o)
 .text.CySysTickStop
                0x00000000       0x10 .\CortexM3\ARM_GCC_493\Debug\T_senser.a(CyLib.o)
 .text.CySysTickEnableInterrupt
                0x00000000       0x10 .\CortexM3\ARM_GCC_493\Debug\T_senser.a(CyLib.o)
 .text.CySysTickEnable
                0x00000000       0x18 .\CortexM3\ARM_GCC_493\Debug\T_senser.a(CyLib.o)
 .text.CySysTickDisableInterrupt
                0x00000000       0x10 .\CortexM3\ARM_GCC_493\Debug\T_senser.a(CyLib.o)
 .text.CySysTickSetReload
                0x00000000       0x10 .\CortexM3\ARM_GCC_493\Debug\T_senser.a(CyLib.o)
 .text.CySysTickGetReload
                0x00000000       0x10 .\CortexM3\ARM_GCC_493\Debug\T_senser.a(CyLib.o)
 .text.CySysTickGetValue
                0x00000000       0x10 .\CortexM3\ARM_GCC_493\Debug\T_senser.a(CyLib.o)
 .text.CySysTickSetClockSource
                0x00000000       0x20 .\CortexM3\ARM_GCC_493\Debug\T_senser.a(CyLib.o)
 .text.CySysTickGetCountFlag
                0x00000000       0x10 .\CortexM3\ARM_GCC_493\Debug\T_senser.a(CyLib.o)
 .text.CySysTickServiceCallbacks
                0x00000000       0x28 .\CortexM3\ARM_GCC_493\Debug\T_senser.a(CyLib.o)
 .text.CySysTickClear
                0x00000000        0xc .\CortexM3\ARM_GCC_493\Debug\T_senser.a(CyLib.o)
 .text.CySysTickInit
                0x00000000       0x58 .\CortexM3\ARM_GCC_493\Debug\T_senser.a(CyLib.o)
 .text.CySysTickStart
                0x00000000       0x1c .\CortexM3\ARM_GCC_493\Debug\T_senser.a(CyLib.o)
 .text.CySysTickSetCallback
                0x00000000       0x10 .\CortexM3\ARM_GCC_493\Debug\T_senser.a(CyLib.o)
 .text.CySysTickGetCallback
                0x00000000       0x10 .\CortexM3\ARM_GCC_493\Debug\T_senser.a(CyLib.o)
 .text.CyGetUniqueId
                0x00000000       0x70 .\CortexM3\ARM_GCC_493\Debug\T_senser.a(CyLib.o)
 .text          0x00000000        0x0 .\CortexM3\ARM_GCC_493\Debug\T_senser.a(cyPm.o)
 .data          0x00000000        0x0 .\CortexM3\ARM_GCC_493\Debug\T_senser.a(cyPm.o)
 .bss           0x00000000       0x44 .\CortexM3\ARM_GCC_493\Debug\T_senser.a(cyPm.o)
 .text.CyPmHibSlpSaveSet
                0x00000000      0x1dc .\CortexM3\ARM_GCC_493\Debug\T_senser.a(cyPm.o)
 .text.CyPmHibSlpRestore
                0x00000000       0xd4 .\CortexM3\ARM_GCC_493\Debug\T_senser.a(cyPm.o)
 .text.CyPmHviLviSaveDisable
                0x00000000       0xa0 .\CortexM3\ARM_GCC_493\Debug\T_senser.a(cyPm.o)
 .text.CyPmHibSaveSet
                0x00000000       0x8c .\CortexM3\ARM_GCC_493\Debug\T_senser.a(cyPm.o)
 .text.CyPmHviLviRestore
                0x00000000       0x48 .\CortexM3\ARM_GCC_493\Debug\T_senser.a(cyPm.o)
 .text.CyPmHibRestore
                0x00000000       0x58 .\CortexM3\ARM_GCC_493\Debug\T_senser.a(cyPm.o)
 .text.CyPmSaveClocks
                0x00000000      0x218 .\CortexM3\ARM_GCC_493\Debug\T_senser.a(cyPm.o)
 .text.CyPmRestoreClocks
                0x00000000      0x24c .\CortexM3\ARM_GCC_493\Debug\T_senser.a(cyPm.o)
 .text.CyPmAltAct
                0x00000000       0x6c .\CortexM3\ARM_GCC_493\Debug\T_senser.a(cyPm.o)
 .text.CyPmSleep
                0x00000000       0xf4 .\CortexM3\ARM_GCC_493\Debug\T_senser.a(cyPm.o)
 .text.CyPmHibernateEx
                0x00000000       0xf4 .\CortexM3\ARM_GCC_493\Debug\T_senser.a(cyPm.o)
 .text.CyPmHibernate
                0x00000000        0xc .\CortexM3\ARM_GCC_493\Debug\T_senser.a(cyPm.o)
 .text.CyPmReadStatus
                0x00000000       0x30 .\CortexM3\ARM_GCC_493\Debug\T_senser.a(cyPm.o)
 .text.CyPmCtwSetInterval
                0x00000000       0x5c .\CortexM3\ARM_GCC_493\Debug\T_senser.a(cyPm.o)
 .text.CyPmOppsSet
                0x00000000       0x2c .\CortexM3\ARM_GCC_493\Debug\T_senser.a(cyPm.o)
 .text.CyPmFtwSetInterval
                0x00000000       0x5c .\CortexM3\ARM_GCC_493\Debug\T_senser.a(cyPm.o)
 .rodata        0x00000000       0x10 .\CortexM3\ARM_GCC_493\Debug\T_senser.a(cyPm.o)
 .text          0x00000000        0x0 .\CortexM3\ARM_GCC_493\Debug\T_senser.a(SDL.o)
 .data          0x00000000        0x0 .\CortexM3\ARM_GCC_493\Debug\T_senser.a(SDL.o)
 .bss           0x00000000        0x0 .\CortexM3\ARM_GCC_493\Debug\T_senser.a(SDL.o)
 .text.SDL_SetDriveMode
                0x00000000       0x18 .\CortexM3\ARM_GCC_493\Debug\T_senser.a(SDL.o)
 .text.SDL_ReadDataReg
                0x00000000       0x10 .\CortexM3\ARM_GCC_493\Debug\T_senser.a(SDL.o)
 .text          0x00000000        0x0 .\CortexM3\ARM_GCC_493\Debug\T_senser.a(SCL.o)
 .data          0x00000000        0x0 .\CortexM3\ARM_GCC_493\Debug\T_senser.a(SCL.o)
 .bss           0x00000000        0x0 .\CortexM3\ARM_GCC_493\Debug\T_senser.a(SCL.o)
 .text.SCL_SetDriveMode
                0x00000000       0x18 .\CortexM3\ARM_GCC_493\Debug\T_senser.a(SCL.o)
 .text.SCL_Read
                0x00000000       0x10 .\CortexM3\ARM_GCC_493\Debug\T_senser.a(SCL.o)
 .text.SCL_ReadDataReg
                0x00000000       0x10 .\CortexM3\ARM_GCC_493\Debug\T_senser.a(SCL.o)
 .text          0x00000000        0x0 .\CortexM3\ARM_GCC_493\Debug\T_senser.a(UART_net.o)
 .data          0x00000000        0x0 .\CortexM3\ARM_GCC_493\Debug\T_senser.a(UART_net.o)
 .text.UART_net_Stop
                0x00000000       0x3c .\CortexM3\ARM_GCC_493\Debug\T_senser.a(UART_net.o)
 .text.UART_net_ReadControlRegister
                0x00000000        0x4 .\CortexM3\ARM_GCC_493\Debug\T_senser.a(UART_net.o)
 .text.UART_net_WriteControlRegister
                0x00000000        0x4 .\CortexM3\ARM_GCC_493\Debug\T_senser.a(UART_net.o)
 .text.UART_net_SetRxInterruptMode
                0x00000000        0xc .\CortexM3\ARM_GCC_493\Debug\T_senser.a(UART_net.o)
 .text.UART_net_ReadRxData
                0x00000000        0xc .\CortexM3\ARM_GCC_493\Debug\T_senser.a(UART_net.o)
 .text.UART_net_ReadRxStatus
                0x00000000       0x10 .\CortexM3\ARM_GCC_493\Debug\T_senser.a(UART_net.o)
 .text.UART_net_GetByte
                0x00000000       0x14 .\CortexM3\ARM_GCC_493\Debug\T_senser.a(UART_net.o)
 .text.UART_net_GetRxBufferSize
                0x00000000       0x18 .\CortexM3\ARM_GCC_493\Debug\T_senser.a(UART_net.o)
 .text.UART_net_ClearRxBuffer
                0x00000000       0x24 .\CortexM3\ARM_GCC_493\Debug\T_senser.a(UART_net.o)
 .text.UART_net_SetRxAddressMode
                0x00000000        0x4 .\CortexM3\ARM_GCC_493\Debug\T_senser.a(UART_net.o)
 .text.UART_net_SetRxAddress1
                0x00000000        0xc .\CortexM3\ARM_GCC_493\Debug\T_senser.a(UART_net.o)
 .text.UART_net_SetRxAddress2
                0x00000000        0xc .\CortexM3\ARM_GCC_493\Debug\T_senser.a(UART_net.o)
 .text.UART_net_SetTxInterruptMode
                0x00000000        0xc .\CortexM3\ARM_GCC_493\Debug\T_senser.a(UART_net.o)
 .text.UART_net_WriteTxData
                0x00000000       0x14 .\CortexM3\ARM_GCC_493\Debug\T_senser.a(UART_net.o)
 .text.UART_net_ReadTxStatus
                0x00000000        0xc .\CortexM3\ARM_GCC_493\Debug\T_senser.a(UART_net.o)
 .text.UART_net_PutCRLF
                0x00000000       0x20 .\CortexM3\ARM_GCC_493\Debug\T_senser.a(UART_net.o)
 .text.UART_net_GetTxBufferSize
                0x00000000       0x24 .\CortexM3\ARM_GCC_493\Debug\T_senser.a(UART_net.o)
 .text.UART_net_ClearTxBuffer
                0x00000000       0x24 .\CortexM3\ARM_GCC_493\Debug\T_senser.a(UART_net.o)
 .text.UART_net_SendBreak
                0x00000000       0x58 .\CortexM3\ARM_GCC_493\Debug\T_senser.a(UART_net.o)
 .text.UART_net_SetTxAddressMode
                0x00000000        0x4 .\CortexM3\ARM_GCC_493\Debug\T_senser.a(UART_net.o)
 .text          0x00000000        0x0 .\CortexM3\ARM_GCC_493\Debug\T_senser.a(isr_rx_net.o)
 .data          0x00000000        0x0 .\CortexM3\ARM_GCC_493\Debug\T_senser.a(isr_rx_net.o)
 .bss           0x00000000        0x0 .\CortexM3\ARM_GCC_493\Debug\T_senser.a(isr_rx_net.o)
 .text.isr_rx_net_GetVector
                0x00000000        0xc .\CortexM3\ARM_GCC_493\Debug\T_senser.a(isr_rx_net.o)
 .text.isr_rx_net_GetPriority
                0x00000000        0xc .\CortexM3\ARM_GCC_493\Debug\T_senser.a(isr_rx_net.o)
 .text.isr_rx_net_GetState
                0x00000000       0x10 .\CortexM3\ARM_GCC_493\Debug\T_senser.a(isr_rx_net.o)
 .text.isr_rx_net_StartEx
                0x00000000       0x1c .\CortexM3\ARM_GCC_493\Debug\T_senser.a(isr_rx_net.o)
 .text.isr_rx_net_Stop
                0x00000000       0x14 .\CortexM3\ARM_GCC_493\Debug\T_senser.a(isr_rx_net.o)
 .text.isr_rx_net_SetPending
                0x00000000        0xc .\CortexM3\ARM_GCC_493\Debug\T_senser.a(isr_rx_net.o)
 .text.isr_rx_net_ClearPending
                0x00000000        0xc .\CortexM3\ARM_GCC_493\Debug\T_senser.a(isr_rx_net.o)
 .text          0x00000000        0x0 .\CortexM3\ARM_GCC_493\Debug\T_senser.a(UART_net_IntClock.o)
 .data          0x00000000        0x0 .\CortexM3\ARM_GCC_493\Debug\T_senser.a(UART_net_IntClock.o)
 .bss           0x00000000        0x0 .\CortexM3\ARM_GCC_493\Debug\T_senser.a(UART_net_IntClock.o)
 .text.UART_net_IntClock_Stop
                0x00000000       0x1c .\CortexM3\ARM_GCC_493\Debug\T_senser.a(UART_net_IntClock.o)
 .text.UART_net_IntClock_StopBlock
                0x00000000       0x6c .\CortexM3\ARM_GCC_493\Debug\T_senser.a(UART_net_IntClock.o)
 .text.UART_net_IntClock_StandbyPower
                0x00000000       0x20 .\CortexM3\ARM_GCC_493\Debug\T_senser.a(UART_net_IntClock.o)
 .text.UART_net_IntClock_GetDividerRegister
                0x00000000        0xc .\CortexM3\ARM_GCC_493\Debug\T_senser.a(UART_net_IntClock.o)
 .text.UART_net_IntClock_SetModeRegister
                0x00000000       0x14 .\CortexM3\ARM_GCC_493\Debug\T_senser.a(UART_net_IntClock.o)
 .text.UART_net_IntClock_ClearModeRegister
                0x00000000       0x18 .\CortexM3\ARM_GCC_493\Debug\T_senser.a(UART_net_IntClock.o)
 .text.UART_net_IntClock_GetModeRegister
                0x00000000       0x10 .\CortexM3\ARM_GCC_493\Debug\T_senser.a(UART_net_IntClock.o)
 .text.UART_net_IntClock_GetSourceRegister
                0x00000000       0x10 .\CortexM3\ARM_GCC_493\Debug\T_senser.a(UART_net_IntClock.o)
 .text.UART_net_IntClock_SetDividerRegister
                0x00000000       0xd8 .\CortexM3\ARM_GCC_493\Debug\T_senser.a(UART_net_IntClock.o)
 .text.UART_net_IntClock_SetSourceRegister
                0x00000000       0x5c .\CortexM3\ARM_GCC_493\Debug\T_senser.a(UART_net_IntClock.o)
 .text          0x00000000        0x0 .\CortexM3\ARM_GCC_493\Debug\T_senser.a(CyFlash.o)
 .data          0x00000000        0x0 .\CortexM3\ARM_GCC_493\Debug\T_senser.a(CyFlash.o)
 .bss           0x00000000        0x4 .\CortexM3\ARM_GCC_493\Debug\T_senser.a(CyFlash.o)
 .text.CyFlashGetSpcAlgorithm
                0x00000000       0x4c .\CortexM3\ARM_GCC_493\Debug\T_senser.a(CyFlash.o)
 .text.CySetTempInt
                0x00000000       0x60 .\CortexM3\ARM_GCC_493\Debug\T_senser.a(CyFlash.o)
 .text.CyFlash_Start
                0x00000000       0x54 .\CortexM3\ARM_GCC_493\Debug\T_senser.a(CyFlash.o)
 .text.CyFlash_Stop
                0x00000000       0x24 .\CortexM3\ARM_GCC_493\Debug\T_senser.a(CyFlash.o)
 .text.CySetTemp
                0x00000000       0x14 .\CortexM3\ARM_GCC_493\Debug\T_senser.a(CyFlash.o)
 .text.CySetFlashEEBuffer
                0x00000000       0x28 .\CortexM3\ARM_GCC_493\Debug\T_senser.a(CyFlash.o)
 .text.CyWriteRowFull
                0x00000000       0xf8 .\CortexM3\ARM_GCC_493\Debug\T_senser.a(CyFlash.o)
 .text.CyWriteRowData
                0x00000000       0x14 .\CortexM3\ARM_GCC_493\Debug\T_senser.a(CyFlash.o)
 .text.CyFlash_SetWaitCycles
                0x00000000       0x7c .\CortexM3\ARM_GCC_493\Debug\T_senser.a(CyFlash.o)
 .text.CyEEPROM_Start
                0x00000000       0x54 .\CortexM3\ARM_GCC_493\Debug\T_senser.a(CyFlash.o)
 .text.CyEEPROM_Stop
                0x00000000       0x24 .\CortexM3\ARM_GCC_493\Debug\T_senser.a(CyFlash.o)
 .text.CyEEPROM_ReadReserve
                0x00000000       0x1c .\CortexM3\ARM_GCC_493\Debug\T_senser.a(CyFlash.o)
 .text.CyEEPROM_ReadRelease
                0x00000000       0x10 .\CortexM3\ARM_GCC_493\Debug\T_senser.a(CyFlash.o)
 COMMON         0x00000000        0x2 .\CortexM3\ARM_GCC_493\Debug\T_senser.a(CyFlash.o)
 .text          0x00000000        0x0 .\CortexM3\ARM_GCC_493\Debug\T_senser.a(CySpc.o)
 .data          0x00000000        0x0 .\CortexM3\ARM_GCC_493\Debug\T_senser.a(CySpc.o)
 .bss           0x00000000        0x8 .\CortexM3\ARM_GCC_493\Debug\T_senser.a(CySpc.o)
 .text.CySpcStart
                0x00000000       0x24 .\CortexM3\ARM_GCC_493\Debug\T_senser.a(CySpc.o)
 .text.CySpcStop
                0x00000000       0x24 .\CortexM3\ARM_GCC_493\Debug\T_senser.a(CySpc.o)
 .text.CySpcReadData
                0x00000000       0x34 .\CortexM3\ARM_GCC_493\Debug\T_senser.a(CySpc.o)
 .text.CySpcLoadMultiByte
                0x00000000       0x78 .\CortexM3\ARM_GCC_493\Debug\T_senser.a(CySpc.o)
 .text.CySpcLoadRow
                0x00000000       0x54 .\CortexM3\ARM_GCC_493\Debug\T_senser.a(CySpc.o)
 .text.CySpcLoadRowFull
                0x00000000       0x80 .\CortexM3\ARM_GCC_493\Debug\T_senser.a(CySpc.o)
 .text.CySpcWriteRow
                0x00000000       0x4c .\CortexM3\ARM_GCC_493\Debug\T_senser.a(CySpc.o)
 .text.CySpcEraseSector
                0x00000000       0x3c .\CortexM3\ARM_GCC_493\Debug\T_senser.a(CySpc.o)
 .text.CySpcGetTemp
                0x00000000       0x3c .\CortexM3\ARM_GCC_493\Debug\T_senser.a(CySpc.o)
 .text.CySpcLock
                0x00000000       0x4c .\CortexM3\ARM_GCC_493\Debug\T_senser.a(CySpc.o)
 .text.CySpcUnlock
                0x00000000       0x38 .\CortexM3\ARM_GCC_493\Debug\T_senser.a(CySpc.o)
 .text.CySpcGetAlgorithm
                0x00000000       0x28 .\CortexM3\ARM_GCC_493\Debug\T_senser.a(CySpc.o)
 .text          0x00000000        0x0 c:/program files (x86)/cypress/psoc creator/3.3/psoc creator/import/gnu/arm/4.9.3/bin/../lib/gcc/arm-none-eabi/4.9.3/../../../../arm-none-eabi/lib/armv7-m\libg_nano.a(lib_a-errno.o)
 .data          0x00000000        0x0 c:/program files (x86)/cypress/psoc creator/3.3/psoc creator/import/gnu/arm/4.9.3/bin/../lib/gcc/arm-none-eabi/4.9.3/../../../../arm-none-eabi/lib/armv7-m\libg_nano.a(lib_a-errno.o)
 .bss           0x00000000        0x0 c:/program files (x86)/cypress/psoc creator/3.3/psoc creator/import/gnu/arm/4.9.3/bin/../lib/gcc/arm-none-eabi/4.9.3/../../../../arm-none-eabi/lib/armv7-m\libg_nano.a(lib_a-errno.o)
 .text.__errno  0x00000000        0xc c:/program files (x86)/cypress/psoc creator/3.3/psoc creator/import/gnu/arm/4.9.3/bin/../lib/gcc/arm-none-eabi/4.9.3/../../../../arm-none-eabi/lib/armv7-m\libg_nano.a(lib_a-errno.o)
 .text          0x00000000        0x0 c:/program files (x86)/cypress/psoc creator/3.3/psoc creator/import/gnu/arm/4.9.3/bin/../lib/gcc/arm-none-eabi/4.9.3/../../../../arm-none-eabi/lib/armv7-m\libg_nano.a(lib_a-exit.o)
 .data          0x00000000        0x0 c:/program files (x86)/cypress/psoc creator/3.3/psoc creator/import/gnu/arm/4.9.3/bin/../lib/gcc/arm-none-eabi/4.9.3/../../../../arm-none-eabi/lib/armv7-m\libg_nano.a(lib_a-exit.o)
 .bss           0x00000000        0x0 c:/program files (x86)/cypress/psoc creator/3.3/psoc creator/import/gnu/arm/4.9.3/bin/../lib/gcc/arm-none-eabi/4.9.3/../../../../arm-none-eabi/lib/armv7-m\libg_nano.a(lib_a-exit.o)
 .text.exit     0x00000000       0x28 c:/program files (x86)/cypress/psoc creator/3.3/psoc creator/import/gnu/arm/4.9.3/bin/../lib/gcc/arm-none-eabi/4.9.3/../../../../arm-none-eabi/lib/armv7-m\libg_nano.a(lib_a-exit.o)
 .text          0x00000000        0x0 c:/program files (x86)/cypress/psoc creator/3.3/psoc creator/import/gnu/arm/4.9.3/bin/../lib/gcc/arm-none-eabi/4.9.3/../../../../arm-none-eabi/lib/armv7-m\libg_nano.a(lib_a-impure.o)
 .data          0x00000000        0x0 c:/program files (x86)/cypress/psoc creator/3.3/psoc creator/import/gnu/arm/4.9.3/bin/../lib/gcc/arm-none-eabi/4.9.3/../../../../arm-none-eabi/lib/armv7-m\libg_nano.a(lib_a-impure.o)
 .bss           0x00000000        0x0 c:/program files (x86)/cypress/psoc creator/3.3/psoc creator/import/gnu/arm/4.9.3/bin/../lib/gcc/arm-none-eabi/4.9.3/../../../../arm-none-eabi/lib/armv7-m\libg_nano.a(lib_a-impure.o)
 .data.impure_data
                0x00000000       0x60 c:/program files (x86)/cypress/psoc creator/3.3/psoc creator/import/gnu/arm/4.9.3/bin/../lib/gcc/arm-none-eabi/4.9.3/../../../../arm-none-eabi/lib/armv7-m\libg_nano.a(lib_a-impure.o)
 .data._impure_ptr
                0x00000000        0x4 c:/program files (x86)/cypress/psoc creator/3.3/psoc creator/import/gnu/arm/4.9.3/bin/../lib/gcc/arm-none-eabi/4.9.3/../../../../arm-none-eabi/lib/armv7-m\libg_nano.a(lib_a-impure.o)
 .rodata.str1.1
                0x00000000        0x2 c:/program files (x86)/cypress/psoc creator/3.3/psoc creator/import/gnu/arm/4.9.3/bin/../lib/gcc/arm-none-eabi/4.9.3/../../../../arm-none-eabi/lib/armv7-m\libg_nano.a(lib_a-impure.o)
 .rodata._global_impure_ptr
                0x00000000        0x4 c:/program files (x86)/cypress/psoc creator/3.3/psoc creator/import/gnu/arm/4.9.3/bin/../lib/gcc/arm-none-eabi/4.9.3/../../../../arm-none-eabi/lib/armv7-m\libg_nano.a(lib_a-impure.o)
 .text          0x00000000        0x0 c:/program files (x86)/cypress/psoc creator/3.3/psoc creator/import/gnu/arm/4.9.3/bin/../lib/gcc/arm-none-eabi/4.9.3/../../../../arm-none-eabi/lib/armv7-m\libg_nano.a(lib_a-init.o)
 .data          0x00000000        0x0 c:/program files (x86)/cypress/psoc creator/3.3/psoc creator/import/gnu/arm/4.9.3/bin/../lib/gcc/arm-none-eabi/4.9.3/../../../../arm-none-eabi/lib/armv7-m\libg_nano.a(lib_a-init.o)
 .bss           0x00000000        0x0 c:/program files (x86)/cypress/psoc creator/3.3/psoc creator/import/gnu/arm/4.9.3/bin/../lib/gcc/arm-none-eabi/4.9.3/../../../../arm-none-eabi/lib/armv7-m\libg_nano.a(lib_a-init.o)
 .text          0x00000000        0x0 c:/program files (x86)/cypress/psoc creator/3.3/psoc creator/import/gnu/arm/4.9.3/bin/../lib/gcc/arm-none-eabi/4.9.3/../../../../arm-none-eabi/lib/armv7-m\libg_nano.a(lib_a-memcpy.o)
 .data          0x00000000        0x0 c:/program files (x86)/cypress/psoc creator/3.3/psoc creator/import/gnu/arm/4.9.3/bin/../lib/gcc/arm-none-eabi/4.9.3/../../../../arm-none-eabi/lib/armv7-m\libg_nano.a(lib_a-memcpy.o)
 .bss           0x00000000        0x0 c:/program files (x86)/cypress/psoc creator/3.3/psoc creator/import/gnu/arm/4.9.3/bin/../lib/gcc/arm-none-eabi/4.9.3/../../../../arm-none-eabi/lib/armv7-m\libg_nano.a(lib_a-memcpy.o)
 .text          0x00000000        0x0 c:/program files (x86)/cypress/psoc creator/3.3/psoc creator/import/gnu/arm/4.9.3/bin/../lib/gcc/arm-none-eabi/4.9.3/../../../../arm-none-eabi/lib/armv7-m\libg_nano.a(lib_a-memset.o)
 .data          0x00000000        0x0 c:/program files (x86)/cypress/psoc creator/3.3/psoc creator/import/gnu/arm/4.9.3/bin/../lib/gcc/arm-none-eabi/4.9.3/../../../../arm-none-eabi/lib/armv7-m\libg_nano.a(lib_a-memset.o)
 .bss           0x00000000        0x0 c:/program files (x86)/cypress/psoc creator/3.3/psoc creator/import/gnu/arm/4.9.3/bin/../lib/gcc/arm-none-eabi/4.9.3/../../../../arm-none-eabi/lib/armv7-m\libg_nano.a(lib_a-memset.o)
 .text          0x00000000        0x0 c:/program files (x86)/cypress/psoc creator/3.3/psoc creator/import/gnu/arm/4.9.3/bin/../lib/gcc/arm-none-eabi/4.9.3/armv7-m/crtend.o
 .data          0x00000000        0x0 c:/program files (x86)/cypress/psoc creator/3.3/psoc creator/import/gnu/arm/4.9.3/bin/../lib/gcc/arm-none-eabi/4.9.3/armv7-m/crtend.o
 .bss           0x00000000        0x0 c:/program files (x86)/cypress/psoc creator/3.3/psoc creator/import/gnu/arm/4.9.3/bin/../lib/gcc/arm-none-eabi/4.9.3/armv7-m/crtend.o
 .text          0x00000000        0x0 c:/program files (x86)/cypress/psoc creator/3.3/psoc creator/import/gnu/arm/4.9.3/bin/../lib/gcc/arm-none-eabi/4.9.3/armv7-m/crtn.o
 .data          0x00000000        0x0 c:/program files (x86)/cypress/psoc creator/3.3/psoc creator/import/gnu/arm/4.9.3/bin/../lib/gcc/arm-none-eabi/4.9.3/armv7-m/crtn.o
 .bss           0x00000000        0x0 c:/program files (x86)/cypress/psoc creator/3.3/psoc creator/import/gnu/arm/4.9.3/bin/../lib/gcc/arm-none-eabi/4.9.3/armv7-m/crtn.o

Memory Configuration

Name             Origin             Length             Attributes
rom              0x00000000         0x00040000         xr
ram              0x1fff8000         0x00010000         xrw
*default*        0x00000000         0xffffffff

Linker script and memory map

LOAD c:/program files (x86)/cypress/psoc creator/3.3/psoc creator/import/gnu/arm/4.9.3/bin/../lib/gcc/arm-none-eabi/4.9.3/armv7-m/crti.o
LOAD c:/program files (x86)/cypress/psoc creator/3.3/psoc creator/import/gnu/arm/4.9.3/bin/../lib/gcc/arm-none-eabi/4.9.3/armv7-m/crtbegin.o
LOAD c:/program files (x86)/cypress/psoc creator/3.3/psoc creator/import/gnu/arm/4.9.3/bin/../lib/gcc/arm-none-eabi/4.9.3/../../../../arm-none-eabi/lib/armv7-m/crt0.o
START GROUP
LOAD .\CortexM3\ARM_GCC_493\Debug\main.o
LOAD .\CortexM3\ARM_GCC_493\Debug\i2c_core.o
LOAD .\CortexM3\ARM_GCC_493\Debug\MLX90614.o
LOAD .\CortexM3\ARM_GCC_493\Debug\cymetadata.o
LOAD .\CortexM3\ARM_GCC_493\Debug\Cm3Start.o
LOAD .\CortexM3\ARM_GCC_493\Debug\T_senser.a
LOAD C:\Program Files (x86)\Cypress\PSoC Creator\3.3\PSoC Creator\psoc\content\cycomponentlibrary\CyComponentLibrary.cylib\CortexM3\ARM_GCC_493\Debug\CyComponentLibrary.a
END GROUP
START GROUP
LOAD c:/program files (x86)/cypress/psoc creator/3.3/psoc creator/import/gnu/arm/4.9.3/bin/../lib/gcc/arm-none-eabi/4.9.3/armv7-m\libgcc.a
LOAD c:/program files (x86)/cypress/psoc creator/3.3/psoc creator/import/gnu/arm/4.9.3/bin/../lib/gcc/arm-none-eabi/4.9.3/../../../../arm-none-eabi/lib/armv7-m\libg_nano.a
LOAD c:/program files (x86)/cypress/psoc creator/3.3/psoc creator/import/gnu/arm/4.9.3/bin/../lib/gcc/arm-none-eabi/4.9.3/../../../../arm-none-eabi/lib/armv7-m\libc_nano.a
END GROUP
START GROUP
LOAD c:/program files (x86)/cypress/psoc creator/3.3/psoc creator/import/gnu/arm/4.9.3/bin/../lib/gcc/arm-none-eabi/4.9.3/armv7-m\libgcc.a
LOAD c:/program files (x86)/cypress/psoc creator/3.3/psoc creator/import/gnu/arm/4.9.3/bin/../lib/gcc/arm-none-eabi/4.9.3/../../../../arm-none-eabi/lib/armv7-m\libc_nano.a
END GROUP
LOAD c:/program files (x86)/cypress/psoc creator/3.3/psoc creator/import/gnu/arm/4.9.3/bin/../lib/gcc/arm-none-eabi/4.9.3/armv7-m/crtend.o
LOAD c:/program files (x86)/cypress/psoc creator/3.3/psoc creator/import/gnu/arm/4.9.3/bin/../lib/gcc/arm-none-eabi/4.9.3/armv7-m/crtn.o
START GROUP
LOAD c:/program files (x86)/cypress/psoc creator/3.3/psoc creator/import/gnu/arm/4.9.3/bin/../lib/gcc/arm-none-eabi/4.9.3/armv7-m\libgcc.a
LOAD c:/program files (x86)/cypress/psoc creator/3.3/psoc creator/import/gnu/arm/4.9.3/bin/../lib/gcc/arm-none-eabi/4.9.3/../../../../arm-none-eabi/lib/armv7-m\libc.a
LOAD c:/program files (x86)/cypress/psoc creator/3.3/psoc creator/import/gnu/arm/4.9.3/bin/../lib/gcc/arm-none-eabi/4.9.3/../../../../arm-none-eabi/lib/armv7-m\libnosys.a
END GROUP
                0x00000000                CY_APPL_ORIGIN = 0x0
                0x00000100                CY_FLASH_ROW_SIZE = 0x100
                0x00000020                CY_ECC_ROW_SIZE = 0x20
                0x00000000                CY_EE_IN_BTLDR = 0x0
                0x00000000                CY_APPL_LOADABLE = 0x0
                0x00000800                CY_EE_SIZE = 0x800
                0x00000001                CY_APPL_NUM = 0x1
                0x00000001                CY_APPL_MAX = 0x1
                0x00000040                CY_METADATA_SIZE = 0x40
                0x00000000                CY_APPL_LOADABLE = 0x0
                0x00000000                CY_CHECKSUM_EXCLUDE_SIZE = ALIGN (0x0, CY_FLASH_ROW_SIZE)
                0x1fff81a0                PROVIDE (__cy_heap_start, _end)
                0x00000001                PROVIDE (__cy_region_num, ((__cy_regions_end - __cy_regions) / 0x10))
                0x20008000                PROVIDE (__cy_stack, (ORIGIN (ram) + 0x10000))
                0x20007800                PROVIDE (__cy_heap_end, (__cy_stack - 0x800))

.cybootloader   0x00000000        0x0
 *(.cybootloader)
                0x00000000                appl1_start = CY_APPL_ORIGIN?CY_APPL_ORIGIN:ALIGN (CY_FLASH_ROW_SIZE)
                0x0001ff00                appl2_start = (appl1_start + ALIGN ((((0x40000 - appl1_start) - (0x2 * CY_FLASH_ROW_SIZE)) / 0x2), CY_FLASH_ROW_SIZE))
                0x00000000                appl_start = (CY_APPL_NUM == 0x1)?appl1_start:appl2_start
                0x00000000                ecc_offset = ((appl_start / CY_FLASH_ROW_SIZE) * CY_ECC_ROW_SIZE)
                0x00000000                ee_offset = (CY_APPL_LOADABLE && ! (CY_EE_IN_BTLDR))?((CY_EE_SIZE / CY_APPL_MAX) * (CY_APPL_NUM - 0x1)):0x0
                0x00000800                ee_size = (CY_APPL_LOADABLE && ! (CY_EE_IN_BTLDR))?(CY_EE_SIZE / CY_APPL_MAX):CY_EE_SIZE
                0x00000000                PROVIDE (CY_ECC_OFFSET, ecc_offset)

.text           0x00000000      0x9f6
 CREATE_OBJECT_SYMBOLS
                0x00000000                PROVIDE (__cy_interrupt_vector, RomVectors)
 *(.romvectors)
 .romvectors    0x00000000       0x10 .\CortexM3\ARM_GCC_493\Debug\Cm3Start.o
                0x00000000                RomVectors
                0x00000001                ASSERT ((. != __cy_interrupt_vector), No interrupt vector)
                0x00000001                ASSERT (CY_APPL_ORIGIN?(SIZEOF (.cybootloader) <= CY_APPL_ORIGIN):0x1, Wrong image location)
                0x00000010                PROVIDE (__cy_reset, Reset)
 *(.text.Reset)
 .text.Reset    0x00000010       0x18 .\CortexM3\ARM_GCC_493\Debug\Cm3Start.o
                0x00000010                Reset
                0x00000001                ASSERT ((. != __cy_reset), No reset code)
 *(.dma_init)
                0x00000001                ASSERT ((((appl_start + .) <= 0x10000) || 0x1), DMA Init must be within the first 64k of flash)
 *(.text .text.* .gnu.linkonce.t.*)
 .text          0x00000028       0x5c c:/program files (x86)/cypress/psoc creator/3.3/psoc creator/import/gnu/arm/4.9.3/bin/../lib/gcc/arm-none-eabi/4.9.3/armv7-m/crtbegin.o
 .text.DT_Send_RCData
                0x00000084       0xa0 .\CortexM3\ARM_GCC_493\Debug\main.o
                0x00000084                DT_Send_RCData
 .text.main     0x00000124      0x11c .\CortexM3\ARM_GCC_493\Debug\main.o
                0x00000124                main
 .text.delay_us
                0x00000240       0x20 .\CortexM3\ARM_GCC_493\Debug\i2c_core.o
 .text.I2C_Start
                0x00000260       0x34 .\CortexM3\ARM_GCC_493\Debug\i2c_core.o
 .text.I2C_sendbyte
                0x00000294       0x48 .\CortexM3\ARM_GCC_493\Debug\i2c_core.o
 .text.I2C_Stop
                0x000002dc       0x28 .\CortexM3\ARM_GCC_493\Debug\i2c_core.o
 .text.I2C_nack
                0x00000304       0x34 .\CortexM3\ARM_GCC_493\Debug\i2c_core.o
 .text.I2C_ack  0x00000338       0x34 .\CortexM3\ARM_GCC_493\Debug\i2c_core.o
 .text.ReceiveACK
                0x0000036c       0x30 .\CortexM3\ARM_GCC_493\Debug\i2c_core.o
 .text.I2C_readbyte
                0x0000039c       0x40 .\CortexM3\ARM_GCC_493\Debug\i2c_core.o
 .text.SYS_I2C_Init
                0x000003dc       0x24 .\CortexM3\ARM_GCC_493\Debug\i2c_core.o
                0x000003dc                SYS_I2C_Init
 .text.I2C_Read
                0x00000400       0x8c .\CortexM3\ARM_GCC_493\Debug\i2c_core.o
                0x00000400                I2C_Read
 .text.mlx90614_read_out
                0x0000048c       0x34 .\CortexM3\ARM_GCC_493\Debug\MLX90614.o
                0x0000048c                mlx90614_read_out
 .text.IntDefaultHandler
                0x000004c0        0x4 .\CortexM3\ARM_GCC_493\Debug\Cm3Start.o
                0x000004c0                IntDefaultHandler
 .text.Start_c  0x000004c4       0x4c .\CortexM3\ARM_GCC_493\Debug\Cm3Start.o
                0x000004c4                Start_c
 .text.initialize_psoc
                0x00000510       0x74 .\CortexM3\ARM_GCC_493\Debug\Cm3Start.o
                0x00000510                initialize_psoc
 .text.CyClockStartupError
                0x00000584        0x4 .\CortexM3\ARM_GCC_493\Debug\T_senser.a(cyfitter_cfg.o)
 .text.cfg_write_bytes32
                0x00000588       0x34 .\CortexM3\ARM_GCC_493\Debug\T_senser.a(cyfitter_cfg.o)
 .text.AnalogSetDefault
                0x000005bc       0x28 .\CortexM3\ARM_GCC_493\Debug\T_senser.a(cyfitter_cfg.o)
 .text.CYMEMZERO
                0x000005e4        0xc .\CortexM3\ARM_GCC_493\Debug\T_senser.a(cyfitter_cfg.o)
 .text.ClockSetup
                0x000005f0       0xb4 .\CortexM3\ARM_GCC_493\Debug\T_senser.a(cyfitter_cfg.o)
 .text.CYCONFIGCPY
                0x000006a4        0x8 .\CortexM3\ARM_GCC_493\Debug\T_senser.a(cyfitter_cfg.o)
 .text.cyfitter_cfg
                0x000006ac       0xc8 .\CortexM3\ARM_GCC_493\Debug\T_senser.a(cyfitter_cfg.o)
                0x000006ac                cyfitter_cfg
 *fill*         0x00000774        0x4 
 .text          0x00000778       0x20 .\CortexM3\ARM_GCC_493\Debug\T_senser.a(CyBootAsmGnu.o)
                0x00000778                CyDelayCycles
                0x00000788                CyEnterCriticalSection
                0x00000790                CyExitCriticalSection
 .text.CyDelay  0x00000798       0x2c .\CortexM3\ARM_GCC_493\Debug\T_senser.a(CyLib.o)
                0x00000798                CyDelay
 .text.SDL_Write
                0x000007c4       0x18 .\CortexM3\ARM_GCC_493\Debug\T_senser.a(SDL.o)
                0x000007c4                SDL_Write
 .text.SDL_Read
                0x000007dc       0x10 .\CortexM3\ARM_GCC_493\Debug\T_senser.a(SDL.o)
                0x000007dc                SDL_Read
 .text.SCL_Write
                0x000007ec       0x18 .\CortexM3\ARM_GCC_493\Debug\T_senser.a(SCL.o)
                0x000007ec                SCL_Write
 .text.UART_net_Init
                0x00000804       0x24 .\CortexM3\ARM_GCC_493\Debug\T_senser.a(UART_net.o)
                0x00000804                UART_net_Init
 .text.UART_net_Enable
                0x00000828       0x38 .\CortexM3\ARM_GCC_493\Debug\T_senser.a(UART_net.o)
                0x00000828                UART_net_Enable
 .text.UART_net_Start
                0x00000860       0x1c .\CortexM3\ARM_GCC_493\Debug\T_senser.a(UART_net.o)
                0x00000860                UART_net_Start
 .text.UART_net_GetChar
                0x0000087c       0x2c .\CortexM3\ARM_GCC_493\Debug\T_senser.a(UART_net.o)
                0x0000087c                UART_net_GetChar
 .text.UART_net_PutChar
                0x000008a8       0x18 .\CortexM3\ARM_GCC_493\Debug\T_senser.a(UART_net.o)
                0x000008a8                UART_net_PutChar
 .text.UART_net_PutString
                0x000008c0       0x24 .\CortexM3\ARM_GCC_493\Debug\T_senser.a(UART_net.o)
                0x000008c0                UART_net_PutString
 .text.UART_net_PutArray
                0x000008e4       0x28 .\CortexM3\ARM_GCC_493\Debug\T_senser.a(UART_net.o)
                0x000008e4                UART_net_PutArray
 .text.isr_rx_net_Interrupt
                0x0000090c        0xc .\CortexM3\ARM_GCC_493\Debug\T_senser.a(isr_rx_net.o)
                0x0000090c                isr_rx_net_Interrupt
 .text.isr_rx_net_SetVector
                0x00000918        0xc .\CortexM3\ARM_GCC_493\Debug\T_senser.a(isr_rx_net.o)
                0x00000918                isr_rx_net_SetVector
 .text.isr_rx_net_SetPriority
                0x00000924       0x10 .\CortexM3\ARM_GCC_493\Debug\T_senser.a(isr_rx_net.o)
                0x00000924                isr_rx_net_SetPriority
 .text.isr_rx_net_Enable
                0x00000934        0xc .\CortexM3\ARM_GCC_493\Debug\T_senser.a(isr_rx_net.o)
                0x00000934                isr_rx_net_Enable
 .text.isr_rx_net_Disable
                0x00000940        0xc .\CortexM3\ARM_GCC_493\Debug\T_senser.a(isr_rx_net.o)
                0x00000940                isr_rx_net_Disable
 .text.isr_rx_net_Start
                0x0000094c       0x1c .\CortexM3\ARM_GCC_493\Debug\T_senser.a(isr_rx_net.o)
                0x0000094c                isr_rx_net_Start
 .text.UART_net_IntClock_Start
                0x00000968       0x1c .\CortexM3\ARM_GCC_493\Debug\T_senser.a(UART_net_IntClock.o)
                0x00000968                UART_net_IntClock_Start
 .text.__libc_init_array
                0x00000984       0x4c c:/program files (x86)/cypress/psoc creator/3.3/psoc creator/import/gnu/arm/4.9.3/bin/../lib/gcc/arm-none-eabi/4.9.3/../../../../arm-none-eabi/lib/armv7-m\libg_nano.a(lib_a-init.o)
                0x00000984                __libc_init_array
 .text.memcpy   0x000009d0       0x16 c:/program files (x86)/cypress/psoc creator/3.3/psoc creator/import/gnu/arm/4.9.3/bin/../lib/gcc/arm-none-eabi/4.9.3/../../../../arm-none-eabi/lib/armv7-m\libg_nano.a(lib_a-memcpy.o)
                0x000009d0                memcpy
 .text.memset   0x000009e6       0x10 c:/program files (x86)/cypress/psoc creator/3.3/psoc creator/import/gnu/arm/4.9.3/bin/../lib/gcc/arm-none-eabi/4.9.3/../../../../arm-none-eabi/lib/armv7-m\libg_nano.a(lib_a-memset.o)
                0x000009e6                memset
 *(.plt)
 *(.gnu.warning)
 *(.glue_7t)
 .glue_7t       0x00000000        0x0 linker stubs
 *(.glue_7)
 .glue_7        0x00000000        0x0 linker stubs
 *(.vfp11_veneer)
 .vfp11_veneer  0x00000000        0x0 linker stubs
 *(.bootloader)
 *(.ARM.extab* .gnu.linkonce.armextab.*)
 *(.gcc_except_table)

.v4_bx          0x000009f8        0x0
 .v4_bx         0x00000000        0x0 linker stubs

.iplt           0x000009f8        0x0
 .iplt          0x00000000        0x0 c:/program files (x86)/cypress/psoc creator/3.3/psoc creator/import/gnu/arm/4.9.3/bin/../lib/gcc/arm-none-eabi/4.9.3/armv7-m/crtbegin.o

.eh_frame_hdr
 *(.eh_frame_hdr)

.eh_frame       0x000009f8        0x4
 *(.eh_frame)
 .eh_frame      0x000009f8        0x0 c:/program files (x86)/cypress/psoc creator/3.3/psoc creator/import/gnu/arm/4.9.3/bin/../lib/gcc/arm-none-eabi/4.9.3/armv7-m/crtbegin.o
 .eh_frame      0x000009f8        0x4 c:/program files (x86)/cypress/psoc creator/3.3/psoc creator/import/gnu/arm/4.9.3/bin/../lib/gcc/arm-none-eabi/4.9.3/armv7-m/crtend.o
                0x000009fc                PROVIDE (__exidx_start, .)

.ARM.exidx
 *(.ARM.exidx* .gnu.linkonce.armexidx.*)
                0x000009fc                __exidx_end = .

.rodata         0x000009fc       0x7c
 *(.rodata .rodata.* .gnu.linkonce.r.*)
 .rodata.str1.4
                0x000009fc       0x10 .\CortexM3\ARM_GCC_493\Debug\main.o
 .rodata        0x00000a0c       0x38 .\CortexM3\ARM_GCC_493\Debug\T_senser.a(cyfitter_cfg.o)
                0x00000a44                . = ALIGN (0x4)
 *(.init)
 .init          0x00000a44        0x4 c:/program files (x86)/cypress/psoc creator/3.3/psoc creator/import/gnu/arm/4.9.3/bin/../lib/gcc/arm-none-eabi/4.9.3/armv7-m/crti.o
                0x00000a44                _init
 .init          0x00000a48        0x8 c:/program files (x86)/cypress/psoc creator/3.3/psoc creator/import/gnu/arm/4.9.3/bin/../lib/gcc/arm-none-eabi/4.9.3/armv7-m/crtn.o
                0x00000a50                . = ALIGN (0x4)
                0x00000a50                __preinit_array_start = .
 *(.preinit_array)
                0x00000a50                __preinit_array_end = .
                0x00000a50                . = ALIGN (0x4)
                0x00000a50                __init_array_start = .
 *(SORT(.init_array.*))
 *(.init_array)
 .init_array    0x00000a50        0x4 c:/program files (x86)/cypress/psoc creator/3.3/psoc creator/import/gnu/arm/4.9.3/bin/../lib/gcc/arm-none-eabi/4.9.3/armv7-m/crtbegin.o
 .init_array    0x00000a54        0x4 .\CortexM3\ARM_GCC_493\Debug\Cm3Start.o
                0x00000a58                __init_array_end = .
                0x00000a58                . = ALIGN (0x4)
 *(.fini)
 .fini          0x00000a58        0x4 c:/program files (x86)/cypress/psoc creator/3.3/psoc creator/import/gnu/arm/4.9.3/bin/../lib/gcc/arm-none-eabi/4.9.3/armv7-m/crti.o
                0x00000a58                _fini
 .fini          0x00000a5c        0x8 c:/program files (x86)/cypress/psoc creator/3.3/psoc creator/import/gnu/arm/4.9.3/bin/../lib/gcc/arm-none-eabi/4.9.3/armv7-m/crtn.o
                0x00000a64                . = ALIGN (0x4)
                0x00000a64                __fini_array_start = .
 *(.fini_array)
 .fini_array    0x00000a64        0x4 c:/program files (x86)/cypress/psoc creator/3.3/psoc creator/import/gnu/arm/4.9.3/bin/../lib/gcc/arm-none-eabi/4.9.3/armv7-m/crtbegin.o
 *(SORT(.fini_array.*))
                0x00000a68                __fini_array_end = .
                0x00000a68                . = ALIGN (0x4)
 *crtbegin.o(.ctors)
 *(EXCLUDE_FILE(*crtend.o) .ctors)
 *(SORT(.ctors.*))
 *crtend.o(.ctors)
                0x00000a68                . = ALIGN (0x4)
 *crtbegin.o(.dtors)
 *(EXCLUDE_FILE(*crtend.o) .dtors)
 *(SORT(.dtors.*))
 *crtend.o(.dtors)
                0x00000a68                . = ALIGN (0x4)
                0x00000a68                __cy_regions = .
                0x00000a68        0x4 LONG 0xa78 __cy_region_init_ram
                0x00000a6c        0x4 LONG 0x1fff8108 __cy_region_start_data
                0x00000a70        0x4 LONG 0x18 __cy_region_init_size_ram
                0x00000a74        0x4 LONG 0x80 __cy_region_zero_size_ram
                0x00000a78                __cy_regions_end = .
                0x00000a78                . = ALIGN (0x8)
                0x00000a78                _etext = .

.cy_checksum_exclude
                0x00000a78        0x0
 *(.cy_checksum_exclude)

.ramvectors     0x1fff8000      0x100
                0x1fff8000                __cy_region_start_ram = .
 *(.ramvectors)
 .ramvectors    0x1fff8000      0x100 .\CortexM3\ARM_GCC_493\Debug\Cm3Start.o
                0x1fff8000                CyRamVectors

.noinit         0x1fff8100        0x5
 *(.noinit)
 .noinit        0x1fff8100        0x4 .\CortexM3\ARM_GCC_493\Debug\Cm3Start.o
 .noinit        0x1fff8104        0x1 .\CortexM3\ARM_GCC_493\Debug\T_senser.a(CyLib.o)
                0x1fff8104                CyResetStatus

.data           0x1fff8108       0x18 load address 0x00000a78
                0x1fff8108                __cy_region_start_data = .
 *(.jcr)
 .jcr           0x1fff8108        0x0 c:/program files (x86)/cypress/psoc creator/3.3/psoc creator/import/gnu/arm/4.9.3/bin/../lib/gcc/arm-none-eabi/4.9.3/armv7-m/crtbegin.o
 .jcr           0x1fff8108        0x4 c:/program files (x86)/cypress/psoc creator/3.3/psoc creator/import/gnu/arm/4.9.3/bin/../lib/gcc/arm-none-eabi/4.9.3/armv7-m/crtend.o
 *(.got.plt)
 *(.got)
 *(.shdata)
 *(.data .data.* .gnu.linkonce.d.*)
 .data          0x1fff810c       0x10 .\CortexM3\ARM_GCC_493\Debug\T_senser.a(CyLib.o)
                0x1fff810c                cydelay_32k_ms
                0x1fff8110                cydelay_freq_khz
                0x1fff8114                cydelay_freq_mhz
                0x1fff8118                cydelay_freq_hz
                0x1fff8120                . = ALIGN (0x8)
 *fill*         0x1fff811c        0x4 
 *(.ram)
                0x1fff8120                _edata = .

.igot.plt       0x1fff8120        0x0 load address 0x00000a90
 .igot.plt      0x00000000        0x0 c:/program files (x86)/cypress/psoc creator/3.3/psoc creator/import/gnu/arm/4.9.3/bin/../lib/gcc/arm-none-eabi/4.9.3/armv7-m/crtbegin.o

.bss            0x1fff8120       0x80 load address 0x00000a90
                0x1fff8120                PROVIDE (__bss_start__, .)
 *(.shbss)
 *(.bss .bss.* .gnu.linkonce.b.*)
 .bss           0x1fff8120       0x1c c:/program files (x86)/cypress/psoc creator/3.3/psoc creator/import/gnu/arm/4.9.3/bin/../lib/gcc/arm-none-eabi/4.9.3/armv7-m/crtbegin.o
 .bss           0x1fff813c        0x8 .\CortexM3\ARM_GCC_493\Debug\main.o
                0x1fff813c                Addr2
                0x1fff813d                Addr1
                0x1fff8140                cammand_clear
 .bss           0x1fff8144        0x2 .\CortexM3\ARM_GCC_493\Debug\T_senser.a(UART_net.o)
                0x1fff8144                UART_net_initVar
 *(COMMON)
 *fill*         0x1fff8146        0x2 
 COMMON         0x1fff8148       0x55 .\CortexM3\ARM_GCC_493\Debug\main.o
                0x1fff8148                T2
                0x1fff814c                data_to_send
                0x1fff817e                T4
                0x1fff8180                T5
                0x1fff8182                id_1
                0x1fff8184                T3
                0x1fff8186                T7
                0x1fff8188                T1
                0x1fff818a                T6
                0x1fff818c                T8
                0x1fff8190                T_temp
                0x1fff81a0                . = ALIGN (0x8)
 *fill*         0x1fff819d        0x3 
 *(.ram.b)
                0x1fff81a0                _end = .
                0x1fff81a0                __end = .
                0x1fff81a0                PROVIDE (end, .)
                0x1fff81a0                PROVIDE (__bss_end__, .)
                0x00000a78                __cy_region_init_ram = LOADADDR (.data)
                0x00000018                __cy_region_init_size_ram = (_edata - ADDR (.data))
                0x00000080                __cy_region_zero_size_ram = (_end - _edata)

.heap           0x1fff81a0       0x80 load address 0x00000a90
                0x1fff81a0                . = _end
                0x1fff8220                . = (. + 0x80)
 *fill*         0x1fff81a0       0x80 
                0x1fff8220                __cy_heap_limit = .

.stack          0x20007800      0x800
                0x20007800                __cy_stack_limit = .
                0x20008000                . = (. + 0x800)
 *fill*         0x20007800      0x800 
                0x00000001                ASSERT ((__cy_stack_limit >= __cy_heap_limit), region RAM overflowed with stack)
                0x00000000                cy_checksum_exclude_size = (CY_APPL_LOADABLE == 0x1)?SIZEOF (.cy_checksum_exclude):0x0
                0x00000001                ASSERT ((cy_checksum_exclude_size <= CY_CHECKSUM_EXCLUDE_SIZE), CY_BOOT: Section .cy_checksum_exclude size exceedes specified limit.)

.cyloadermeta
 *(.cyloadermeta)

.cyloadablemeta
 *(.cyloadablemeta)

.cyconfigecc    0x80000000      0x3f8
 *(.cyconfigecc)
 .cyconfigecc   0x80000000      0x3f8 .\CortexM3\ARM_GCC_493\Debug\cymetadata.o
                0x80000000                cy_meta_configecc

.cycustnvl      0x90000000        0x4
 *(.cycustnvl)
 .cycustnvl     0x90000000        0x4 .\CortexM3\ARM_GCC_493\Debug\cymetadata.o
                0x90000000                cy_meta_custnvl

.cywolatch      0x90100000        0x4
 *(.cywolatch)
 .cywolatch     0x90100000        0x4 .\CortexM3\ARM_GCC_493\Debug\cymetadata.o
                0x90100000                cy_meta_wonvl

.cyeeprom       0x90200000        0x0
 *(.cyeeprom)
                0x00000001                ASSERT ((. <= ((0x90200000 + ee_offset) + ee_size)), .cyeeprom data will not fit in EEPROM)

.cyflashprotect
                0x90400000      0x100
 *(.cyflashprotect)
 .cyflashprotect
                0x90400000      0x100 .\CortexM3\ARM_GCC_493\Debug\cymetadata.o
                0x90400000                cy_meta_flashprotect

.cymeta         0x90500000        0xc
 *(.cymeta)
 .cymeta        0x90500000        0xc .\CortexM3\ARM_GCC_493\Debug\cymetadata.o
                0x90500000                cy_metadata

.rel.dyn        0x00000a90        0x0 load address 0x9050000c
 .rel.iplt      0x00000000        0x0 c:/program files (x86)/cypress/psoc creator/3.3/psoc creator/import/gnu/arm/4.9.3/bin/../lib/gcc/arm-none-eabi/4.9.3/armv7-m/crtbegin.o

.stab
 *(.stab)

.stabstr
 *(.stabstr)

.debug
 *(.debug)

.line
 *(.line)

.debug_srcinfo
 *(.debug_srcinfo)

.debug_sfnames
 *(.debug_sfnames)

.debug_aranges  0x00000000      0x818
 *(.debug_aranges)
 .debug_aranges
                0x00000000       0x28 .\CortexM3\ARM_GCC_493\Debug\main.o
 .debug_aranges
                0x00000028       0x78 .\CortexM3\ARM_GCC_493\Debug\i2c_core.o
 .debug_aranges
                0x000000a0       0x28 .\CortexM3\ARM_GCC_493\Debug\MLX90614.o
 .debug_aranges
                0x000000c8       0x18 .\CortexM3\ARM_GCC_493\Debug\cymetadata.o
 .debug_aranges
                0x000000e0       0x48 .\CortexM3\ARM_GCC_493\Debug\Cm3Start.o
 .debug_aranges
                0x00000128       0x58 .\CortexM3\ARM_GCC_493\Debug\T_senser.a(cyfitter_cfg.o)
 .debug_aranges
                0x00000180       0x20 .\CortexM3\ARM_GCC_493\Debug\T_senser.a(CyBootAsmGnu.o)
 .debug_aranges
                0x000001a0      0x298 .\CortexM3\ARM_GCC_493\Debug\T_senser.a(CyLib.o)
 .debug_aranges
                0x00000438       0x98 .\CortexM3\ARM_GCC_493\Debug\T_senser.a(cyPm.o)
 .debug_aranges
                0x000004d0       0x38 .\CortexM3\ARM_GCC_493\Debug\T_senser.a(SDL.o)
 .debug_aranges
                0x00000508       0x38 .\CortexM3\ARM_GCC_493\Debug\T_senser.a(SCL.o)
 .debug_aranges
                0x00000540       0xf0 .\CortexM3\ARM_GCC_493\Debug\T_senser.a(UART_net.o)
 .debug_aranges
                0x00000630       0x80 .\CortexM3\ARM_GCC_493\Debug\T_senser.a(isr_rx_net.o)
 .debug_aranges
                0x000006b0       0x70 .\CortexM3\ARM_GCC_493\Debug\T_senser.a(UART_net_IntClock.o)
 .debug_aranges
                0x00000720       0x80 .\CortexM3\ARM_GCC_493\Debug\T_senser.a(CyFlash.o)
 .debug_aranges
                0x000007a0       0x78 .\CortexM3\ARM_GCC_493\Debug\T_senser.a(CySpc.o)

.debug_pubnames
 *(.debug_pubnames)

.debug_info     0x00000000     0x507c
 *(.debug_info .gnu.linkonce.wi.*)
 .debug_info    0x00000000      0x57f .\CortexM3\ARM_GCC_493\Debug\main.o
 .debug_info    0x0000057f      0x8dd .\CortexM3\ARM_GCC_493\Debug\i2c_core.o
 .debug_info    0x00000e5c      0x1c3 .\CortexM3\ARM_GCC_493\Debug\MLX90614.o
 .debug_info    0x0000101f      0x13a .\CortexM3\ARM_GCC_493\Debug\cymetadata.o
 .debug_info    0x00001159      0x3a3 .\CortexM3\ARM_GCC_493\Debug\Cm3Start.o
 .debug_info    0x000014fc      0x485 .\CortexM3\ARM_GCC_493\Debug\T_senser.a(cyfitter_cfg.o)
 .debug_info    0x00001981       0x81 .\CortexM3\ARM_GCC_493\Debug\T_senser.a(CyBootAsmGnu.o)
 .debug_info    0x00001a02     0x136c .\CortexM3\ARM_GCC_493\Debug\T_senser.a(CyLib.o)
 .debug_info    0x00002d6e      0xa55 .\CortexM3\ARM_GCC_493\Debug\T_senser.a(cyPm.o)
 .debug_info    0x000037c3      0x11e .\CortexM3\ARM_GCC_493\Debug\T_senser.a(SDL.o)
 .debug_info    0x000038e1      0x11e .\CortexM3\ARM_GCC_493\Debug\T_senser.a(SCL.o)
 .debug_info    0x000039ff      0x600 .\CortexM3\ARM_GCC_493\Debug\T_senser.a(UART_net.o)
 .debug_info    0x00003fff      0x307 .\CortexM3\ARM_GCC_493\Debug\T_senser.a(isr_rx_net.o)
 .debug_info    0x00004306      0x281 .\CortexM3\ARM_GCC_493\Debug\T_senser.a(UART_net_IntClock.o)
 .debug_info    0x00004587      0x608 .\CortexM3\ARM_GCC_493\Debug\T_senser.a(CyFlash.o)
 .debug_info    0x00004b8f      0x4ed .\CortexM3\ARM_GCC_493\Debug\T_senser.a(CySpc.o)

.debug_abbrev   0x00000000     0x1681
 *(.debug_abbrev)
 .debug_abbrev  0x00000000      0x176 .\CortexM3\ARM_GCC_493\Debug\main.o
 .debug_abbrev  0x00000176      0x1a6 .\CortexM3\ARM_GCC_493\Debug\i2c_core.o
 .debug_abbrev  0x0000031c       0xe4 .\CortexM3\ARM_GCC_493\Debug\MLX90614.o
 .debug_abbrev  0x00000400       0x66 .\CortexM3\ARM_GCC_493\Debug\cymetadata.o
 .debug_abbrev  0x00000466      0x20f .\CortexM3\ARM_GCC_493\Debug\Cm3Start.o
 .debug_abbrev  0x00000675      0x1eb .\CortexM3\ARM_GCC_493\Debug\T_senser.a(cyfitter_cfg.o)
 .debug_abbrev  0x00000860       0x14 .\CortexM3\ARM_GCC_493\Debug\T_senser.a(CyBootAsmGnu.o)
 .debug_abbrev  0x00000874      0x296 .\CortexM3\ARM_GCC_493\Debug\T_senser.a(CyLib.o)
 .debug_abbrev  0x00000b0a      0x1fa .\CortexM3\ARM_GCC_493\Debug\T_senser.a(cyPm.o)
 .debug_abbrev  0x00000d04       0x9d .\CortexM3\ARM_GCC_493\Debug\T_senser.a(SDL.o)
 .debug_abbrev  0x00000da1       0x9d .\CortexM3\ARM_GCC_493\Debug\T_senser.a(SCL.o)
 .debug_abbrev  0x00000e3e      0x1af .\CortexM3\ARM_GCC_493\Debug\T_senser.a(UART_net.o)
 .debug_abbrev  0x00000fed      0x1a2 .\CortexM3\ARM_GCC_493\Debug\T_senser.a(isr_rx_net.o)
 .debug_abbrev  0x0000118f      0x146 .\CortexM3\ARM_GCC_493\Debug\T_senser.a(UART_net_IntClock.o)
 .debug_abbrev  0x000012d5      0x1de .\CortexM3\ARM_GCC_493\Debug\T_senser.a(CyFlash.o)
 .debug_abbrev  0x000014b3      0x1ce .\CortexM3\ARM_GCC_493\Debug\T_senser.a(CySpc.o)

.debug_line     0x00000000     0x223a
 *(.debug_line)
 .debug_line    0x00000000      0x251 .\CortexM3\ARM_GCC_493\Debug\main.o
 .debug_line    0x00000251      0x30c .\CortexM3\ARM_GCC_493\Debug\i2c_core.o
 .debug_line    0x0000055d      0x184 .\CortexM3\ARM_GCC_493\Debug\MLX90614.o
 .debug_line    0x000006e1       0x53 .\CortexM3\ARM_GCC_493\Debug\cymetadata.o
 .debug_line    0x00000734      0x249 .\CortexM3\ARM_GCC_493\Debug\Cm3Start.o
 .debug_line    0x0000097d      0x1dc .\CortexM3\ARM_GCC_493\Debug\T_senser.a(cyfitter_cfg.o)
 .debug_line    0x00000b59       0x68 .\CortexM3\ARM_GCC_493\Debug\T_senser.a(CyBootAsmGnu.o)
 .debug_line    0x00000bc1      0x806 .\CortexM3\ARM_GCC_493\Debug\T_senser.a(CyLib.o)
 .debug_line    0x000013c7      0x366 .\CortexM3\ARM_GCC_493\Debug\T_senser.a(cyPm.o)
 .debug_line    0x0000172d       0x92 .\CortexM3\ARM_GCC_493\Debug\T_senser.a(SDL.o)
 .debug_line    0x000017bf       0x92 .\CortexM3\ARM_GCC_493\Debug\T_senser.a(SCL.o)
 .debug_line    0x00001851      0x2c6 .\CortexM3\ARM_GCC_493\Debug\T_senser.a(UART_net.o)
 .debug_line    0x00001b17      0x160 .\CortexM3\ARM_GCC_493\Debug\T_senser.a(isr_rx_net.o)
 .debug_line    0x00001c77      0x199 .\CortexM3\ARM_GCC_493\Debug\T_senser.a(UART_net_IntClock.o)
 .debug_line    0x00001e10      0x1ec .\CortexM3\ARM_GCC_493\Debug\T_senser.a(CyFlash.o)
 .debug_line    0x00001ffc      0x23e .\CortexM3\ARM_GCC_493\Debug\T_senser.a(CySpc.o)

.debug_frame    0x00000000     0x1534
 *(.debug_frame)
 .debug_frame   0x00000000       0x58 .\CortexM3\ARM_GCC_493\Debug\main.o
 .debug_frame   0x00000058      0x174 .\CortexM3\ARM_GCC_493\Debug\i2c_core.o
 .debug_frame   0x000001cc       0x48 .\CortexM3\ARM_GCC_493\Debug\MLX90614.o
 .debug_frame   0x00000214       0xac .\CortexM3\ARM_GCC_493\Debug\Cm3Start.o
 .debug_frame   0x000002c0       0xe4 .\CortexM3\ARM_GCC_493\Debug\T_senser.a(cyfitter_cfg.o)
 .debug_frame   0x000003a4      0x728 .\CortexM3\ARM_GCC_493\Debug\T_senser.a(CyLib.o)
 .debug_frame   0x00000acc      0x1f8 .\CortexM3\ARM_GCC_493\Debug\T_senser.a(cyPm.o)
 .debug_frame   0x00000cc4       0x50 .\CortexM3\ARM_GCC_493\Debug\T_senser.a(SDL.o)
 .debug_frame   0x00000d14       0x50 .\CortexM3\ARM_GCC_493\Debug\T_senser.a(SCL.o)
 .debug_frame   0x00000d64      0x250 .\CortexM3\ARM_GCC_493\Debug\T_senser.a(UART_net.o)
 .debug_frame   0x00000fb4      0x110 .\CortexM3\ARM_GCC_493\Debug\T_senser.a(isr_rx_net.o)
 .debug_frame   0x000010c4       0xe0 .\CortexM3\ARM_GCC_493\Debug\T_senser.a(UART_net_IntClock.o)
 .debug_frame   0x000011a4      0x174 .\CortexM3\ARM_GCC_493\Debug\T_senser.a(CyFlash.o)
 .debug_frame   0x00001318      0x160 .\CortexM3\ARM_GCC_493\Debug\T_senser.a(CySpc.o)
 .debug_frame   0x00001478       0x20 c:/program files (x86)/cypress/psoc creator/3.3/psoc creator/import/gnu/arm/4.9.3/bin/../lib/gcc/arm-none-eabi/4.9.3/../../../../arm-none-eabi/lib/armv7-m\libg_nano.a(lib_a-errno.o)
 .debug_frame   0x00001498       0x28 c:/program files (x86)/cypress/psoc creator/3.3/psoc creator/import/gnu/arm/4.9.3/bin/../lib/gcc/arm-none-eabi/4.9.3/../../../../arm-none-eabi/lib/armv7-m\libg_nano.a(lib_a-exit.o)
 .debug_frame   0x000014c0       0x2c c:/program files (x86)/cypress/psoc creator/3.3/psoc creator/import/gnu/arm/4.9.3/bin/../lib/gcc/arm-none-eabi/4.9.3/../../../../arm-none-eabi/lib/armv7-m\libg_nano.a(lib_a-init.o)
 .debug_frame   0x000014ec       0x28 c:/program files (x86)/cypress/psoc creator/3.3/psoc creator/import/gnu/arm/4.9.3/bin/../lib/gcc/arm-none-eabi/4.9.3/../../../../arm-none-eabi/lib/armv7-m\libg_nano.a(lib_a-memcpy.o)
 .debug_frame   0x00001514       0x20 c:/program files (x86)/cypress/psoc creator/3.3/psoc creator/import/gnu/arm/4.9.3/bin/../lib/gcc/arm-none-eabi/4.9.3/../../../../arm-none-eabi/lib/armv7-m\libg_nano.a(lib_a-memset.o)

.debug_str      0x00000000     0x1a91
 *(.debug_str)
 .debug_str     0x00000000      0x238 .\CortexM3\ARM_GCC_493\Debug\main.o
                                0x27f (size before relaxing)
 .debug_str     0x00000238       0xe5 .\CortexM3\ARM_GCC_493\Debug\i2c_core.o
                                0x288 (size before relaxing)
 .debug_str     0x0000031d       0x23 .\CortexM3\ARM_GCC_493\Debug\MLX90614.o
                                0x1cd (size before relaxing)
 .debug_str     0x00000340       0x77 .\CortexM3\ARM_GCC_493\Debug\cymetadata.o
                                0x1db (size before relaxing)
 .debug_str     0x000003b7      0x165 .\CortexM3\ARM_GCC_493\Debug\Cm3Start.o
                                0x2ef (size before relaxing)
 .debug_str     0x0000051c      0x15d .\CortexM3\ARM_GCC_493\Debug\T_senser.a(cyfitter_cfg.o)
                                0x2f4 (size before relaxing)
 .debug_str     0x00000679      0x836 .\CortexM3\ARM_GCC_493\Debug\T_senser.a(CyLib.o)
                                0xa14 (size before relaxing)
 .debug_str     0x00000eaf      0x35b .\CortexM3\ARM_GCC_493\Debug\T_senser.a(cyPm.o)
                                0x70c (size before relaxing)
 .debug_str     0x0000120a       0x4b .\CortexM3\ARM_GCC_493\Debug\T_senser.a(SDL.o)
                                0x1c9 (size before relaxing)
 .debug_str     0x00001255       0x49 .\CortexM3\ARM_GCC_493\Debug\T_senser.a(SCL.o)
                                0x1c9 (size before relaxing)
 .debug_str     0x0000129e      0x2dd .\CortexM3\ARM_GCC_493\Debug\T_senser.a(UART_net.o)
                                0x4d6 (size before relaxing)
 .debug_str     0x0000157b      0x11d .\CortexM3\ARM_GCC_493\Debug\T_senser.a(isr_rx_net.o)
                                0x2f8 (size before relaxing)
 .debug_str     0x00001698      0x1ad .\CortexM3\ARM_GCC_493\Debug\T_senser.a(UART_net_IntClock.o)
                                0x357 (size before relaxing)
 .debug_str     0x00001845      0x19e .\CortexM3\ARM_GCC_493\Debug\T_senser.a(CyFlash.o)
                                0x386 (size before relaxing)
 .debug_str     0x000019e3       0xae .\CortexM3\ARM_GCC_493\Debug\T_senser.a(CySpc.o)
                                0x30f (size before relaxing)

.debug_loc      0x00000000     0x233a
 *(.debug_loc)
 .debug_loc     0x00000000      0x290 .\CortexM3\ARM_GCC_493\Debug\main.o
 .debug_loc     0x00000290      0x306 .\CortexM3\ARM_GCC_493\Debug\i2c_core.o
 .debug_loc     0x00000596       0xd6 .\CortexM3\ARM_GCC_493\Debug\MLX90614.o
 .debug_loc     0x0000066c      0x144 .\CortexM3\ARM_GCC_493\Debug\Cm3Start.o
 .debug_loc     0x000007b0      0x1d7 .\CortexM3\ARM_GCC_493\Debug\T_senser.a(cyfitter_cfg.o)
 .debug_loc     0x00000987      0xa11 .\CortexM3\ARM_GCC_493\Debug\T_senser.a(CyLib.o)
 .debug_loc     0x00001398      0x1e4 .\CortexM3\ARM_GCC_493\Debug\T_senser.a(cyPm.o)
 .debug_loc     0x0000157c       0x42 .\CortexM3\ARM_GCC_493\Debug\T_senser.a(SDL.o)
 .debug_loc     0x000015be       0x42 .\CortexM3\ARM_GCC_493\Debug\T_senser.a(SCL.o)
 .debug_loc     0x00001600      0x258 .\CortexM3\ARM_GCC_493\Debug\T_senser.a(UART_net.o)
 .debug_loc     0x00001858       0x69 .\CortexM3\ARM_GCC_493\Debug\T_senser.a(isr_rx_net.o)
 .debug_loc     0x000018c1      0x12c .\CortexM3\ARM_GCC_493\Debug\T_senser.a(UART_net_IntClock.o)
 .debug_loc     0x000019ed      0x300 .\CortexM3\ARM_GCC_493\Debug\T_senser.a(CyFlash.o)
 .debug_loc     0x00001ced      0x64d .\CortexM3\ARM_GCC_493\Debug\T_senser.a(CySpc.o)

.debug_macinfo
 *(.debug_macinfo)

.debug_ranges   0x00000000      0x700
 *(.debug_ranges)
 .debug_ranges  0x00000000       0x18 .\CortexM3\ARM_GCC_493\Debug\main.o
 .debug_ranges  0x00000018       0x68 .\CortexM3\ARM_GCC_493\Debug\i2c_core.o
 .debug_ranges  0x00000080       0x18 .\CortexM3\ARM_GCC_493\Debug\MLX90614.o
 .debug_ranges  0x00000098       0x38 .\CortexM3\ARM_GCC_493\Debug\Cm3Start.o
 .debug_ranges  0x000000d0       0x48 .\CortexM3\ARM_GCC_493\Debug\T_senser.a(cyfitter_cfg.o)
 .debug_ranges  0x00000118      0x288 .\CortexM3\ARM_GCC_493\Debug\T_senser.a(CyLib.o)
 .debug_ranges  0x000003a0       0x88 .\CortexM3\ARM_GCC_493\Debug\T_senser.a(cyPm.o)
 .debug_ranges  0x00000428       0x28 .\CortexM3\ARM_GCC_493\Debug\T_senser.a(SDL.o)
 .debug_ranges  0x00000450       0x28 .\CortexM3\ARM_GCC_493\Debug\T_senser.a(SCL.o)
 .debug_ranges  0x00000478       0xe0 .\CortexM3\ARM_GCC_493\Debug\T_senser.a(UART_net.o)
 .debug_ranges  0x00000558       0x70 .\CortexM3\ARM_GCC_493\Debug\T_senser.a(isr_rx_net.o)
 .debug_ranges  0x000005c8       0x60 .\CortexM3\ARM_GCC_493\Debug\T_senser.a(UART_net_IntClock.o)
 .debug_ranges  0x00000628       0x70 .\CortexM3\ARM_GCC_493\Debug\T_senser.a(CyFlash.o)
 .debug_ranges  0x00000698       0x68 .\CortexM3\ARM_GCC_493\Debug\T_senser.a(CySpc.o)

.comment        0x00000000       0x70
 .comment       0x00000000       0x70 .\CortexM3\ARM_GCC_493\Debug\main.o
                                 0x71 (size before relaxing)
 .comment       0x00000000       0x71 .\CortexM3\ARM_GCC_493\Debug\i2c_core.o
 .comment       0x00000000       0x71 .\CortexM3\ARM_GCC_493\Debug\MLX90614.o
 .comment       0x00000000       0x71 .\CortexM3\ARM_GCC_493\Debug\cymetadata.o
 .comment       0x00000000       0x71 .\CortexM3\ARM_GCC_493\Debug\Cm3Start.o
 .comment       0x00000000       0x71 .\CortexM3\ARM_GCC_493\Debug\T_senser.a(cyfitter_cfg.o)
 .comment       0x00000000       0x71 .\CortexM3\ARM_GCC_493\Debug\T_senser.a(CyLib.o)
 .comment       0x00000000       0x71 .\CortexM3\ARM_GCC_493\Debug\T_senser.a(cyPm.o)
 .comment       0x00000000       0x71 .\CortexM3\ARM_GCC_493\Debug\T_senser.a(SDL.o)
 .comment       0x00000000       0x71 .\CortexM3\ARM_GCC_493\Debug\T_senser.a(SCL.o)
 .comment       0x00000000       0x71 .\CortexM3\ARM_GCC_493\Debug\T_senser.a(UART_net.o)
 .comment       0x00000000       0x71 .\CortexM3\ARM_GCC_493\Debug\T_senser.a(isr_rx_net.o)
 .comment       0x00000000       0x71 .\CortexM3\ARM_GCC_493\Debug\T_senser.a(UART_net_IntClock.o)
 .comment       0x00000000       0x71 .\CortexM3\ARM_GCC_493\Debug\T_senser.a(CyFlash.o)
 .comment       0x00000000       0x71 .\CortexM3\ARM_GCC_493\Debug\T_senser.a(CySpc.o)

.debug_weaknames
 *(.debug_weaknames)

.debug_funcnames
 *(.debug_funcnames)

.debug_typenames
 *(.debug_typenames)

.debug_varnames
 *(.debug_varnames)

.note.gnu.arm.ident
 *(.note.gnu.arm.ident)

.ARM.attributes
                0x00000000       0x29
 *(.ARM.attributes)
 .ARM.attributes
                0x00000000       0x1d c:/program files (x86)/cypress/psoc creator/3.3/psoc creator/import/gnu/arm/4.9.3/bin/../lib/gcc/arm-none-eabi/4.9.3/armv7-m/crti.o
 .ARM.attributes
                0x0000001d       0x2d c:/program files (x86)/cypress/psoc creator/3.3/psoc creator/import/gnu/arm/4.9.3/bin/../lib/gcc/arm-none-eabi/4.9.3/armv7-m/crtbegin.o
 .ARM.attributes
                0x0000004a       0x1b c:/program files (x86)/cypress/psoc creator/3.3/psoc creator/import/gnu/arm/4.9.3/bin/../lib/gcc/arm-none-eabi/4.9.3/../../../../arm-none-eabi/lib/armv7-m/crt0.o
 .ARM.attributes
                0x00000065       0x33 .\CortexM3\ARM_GCC_493\Debug\main.o
 .ARM.attributes
                0x00000098       0x33 .\CortexM3\ARM_GCC_493\Debug\i2c_core.o
 .ARM.attributes
                0x000000cb       0x33 .\CortexM3\ARM_GCC_493\Debug\MLX90614.o
 .ARM.attributes
                0x000000fe       0x33 .\CortexM3\ARM_GCC_493\Debug\cymetadata.o
 .ARM.attributes
                0x00000131       0x33 .\CortexM3\ARM_GCC_493\Debug\Cm3Start.o
 .ARM.attributes
                0x00000164       0x33 .\CortexM3\ARM_GCC_493\Debug\T_senser.a(cyfitter_cfg.o)
 .ARM.attributes
                0x00000197       0x21 .\CortexM3\ARM_GCC_493\Debug\T_senser.a(CyBootAsmGnu.o)
 .ARM.attributes
                0x000001b8       0x33 .\CortexM3\ARM_GCC_493\Debug\T_senser.a(CyLib.o)
 .ARM.attributes
                0x000001eb       0x33 .\CortexM3\ARM_GCC_493\Debug\T_senser.a(cyPm.o)
 .ARM.attributes
                0x0000021e       0x33 .\CortexM3\ARM_GCC_493\Debug\T_senser.a(SDL.o)
 .ARM.attributes
                0x00000251       0x33 .\CortexM3\ARM_GCC_493\Debug\T_senser.a(SCL.o)
 .ARM.attributes
                0x00000284       0x33 .\CortexM3\ARM_GCC_493\Debug\T_senser.a(UART_net.o)
 .ARM.attributes
                0x000002b7       0x33 .\CortexM3\ARM_GCC_493\Debug\T_senser.a(isr_rx_net.o)
 .ARM.attributes
                0x000002ea       0x33 .\CortexM3\ARM_GCC_493\Debug\T_senser.a(UART_net_IntClock.o)
 .ARM.attributes
                0x0000031d       0x33 .\CortexM3\ARM_GCC_493\Debug\T_senser.a(CyFlash.o)
 .ARM.attributes
                0x00000350       0x33 .\CortexM3\ARM_GCC_493\Debug\T_senser.a(CySpc.o)
 .ARM.attributes
                0x00000383       0x2d c:/program files (x86)/cypress/psoc creator/3.3/psoc creator/import/gnu/arm/4.9.3/bin/../lib/gcc/arm-none-eabi/4.9.3/../../../../arm-none-eabi/lib/armv7-m\libg_nano.a(lib_a-errno.o)
 .ARM.attributes
                0x000003b0       0x2d c:/program files (x86)/cypress/psoc creator/3.3/psoc creator/import/gnu/arm/4.9.3/bin/../lib/gcc/arm-none-eabi/4.9.3/../../../../arm-none-eabi/lib/armv7-m\libg_nano.a(lib_a-exit.o)
 .ARM.attributes
                0x000003dd       0x2d c:/program files (x86)/cypress/psoc creator/3.3/psoc creator/import/gnu/arm/4.9.3/bin/../lib/gcc/arm-none-eabi/4.9.3/../../../../arm-none-eabi/lib/armv7-m\libg_nano.a(lib_a-impure.o)
 .ARM.attributes
                0x0000040a       0x2d c:/program files (x86)/cypress/psoc creator/3.3/psoc creator/import/gnu/arm/4.9.3/bin/../lib/gcc/arm-none-eabi/4.9.3/../../../../arm-none-eabi/lib/armv7-m\libg_nano.a(lib_a-init.o)
 .ARM.attributes
                0x00000437       0x2d c:/program files (x86)/cypress/psoc creator/3.3/psoc creator/import/gnu/arm/4.9.3/bin/../lib/gcc/arm-none-eabi/4.9.3/../../../../arm-none-eabi/lib/armv7-m\libg_nano.a(lib_a-memcpy.o)
 .ARM.attributes
                0x00000464       0x2d c:/program files (x86)/cypress/psoc creator/3.3/psoc creator/import/gnu/arm/4.9.3/bin/../lib/gcc/arm-none-eabi/4.9.3/../../../../arm-none-eabi/lib/armv7-m\libg_nano.a(lib_a-memset.o)
 .ARM.attributes
                0x00000491       0x2d c:/program files (x86)/cypress/psoc creator/3.3/psoc creator/import/gnu/arm/4.9.3/bin/../lib/gcc/arm-none-eabi/4.9.3/armv7-m/crtend.o
 .ARM.attributes
                0x000004be       0x1d c:/program files (x86)/cypress/psoc creator/3.3/psoc creator/import/gnu/arm/4.9.3/bin/../lib/gcc/arm-none-eabi/4.9.3/armv7-m/crtn.o

/DISCARD/
 *(.note.GNU-stack)
OUTPUT(.\CortexM3\ARM_GCC_493\Debug\T_senser.elf elf32-littlearm)
